[2025-06-27 12:46:17,546][flwr][INFO] - Starting Flower simulation, config: ServerConfig(num_rounds=10, round_timeout=None)
[2025-06-27 12:46:24,802][flwr][INFO] - Flower VCE: Ray initialized with resources: {'accelerator_type:G': 1.0, 'CPU': 12.0, 'object_store_memory': 1732839014.0, 'node:127.0.0.1': 1.0, 'GPU': 1.0, 'node:__internal_head__': 1.0, 'memory': 3465678030.0}
[2025-06-27 12:46:24,803][flwr][INFO] - Initializing global parameters
[2025-06-27 12:46:24,803][flwr][INFO] - Requesting initial parameters from one random client
[2025-06-27 12:46:29,058][flwr][INFO] - Received initial parameters from one random client
[2025-06-27 12:46:29,058][flwr][INFO] - Evaluating initial parameters
[2025-06-27 12:46:44,164][flwr][INFO] - initial parameters (loss, other metrics): 4266.6223013816925, {'mse': tensor(136025.7344)}
[2025-06-27 12:46:44,180][flwr][INFO] - FL starting
[2025-06-27 12:46:44,180][flwr][DEBUG] - fit_round 1: strategy sampled 28 clients (out of 28)
[2025-06-27 12:48:58,200][flwr][DEBUG] - fit_round 1 received 28 results and 0 failures
[2025-06-27 12:48:58,234][flwr][WARNING] - No fit_metrics_aggregation_fn provided
[2025-06-27 12:49:12,429][flwr][INFO] - fit progress: (1, 1504.7747166450777, {'mse': tensor(48006.6055)}, 148.2471041999961)
[2025-06-27 12:49:12,445][flwr][INFO] - evaluate_round 1: no clients selected, cancel
[2025-06-27 12:49:12,446][flwr][DEBUG] - fit_round 2: strategy sampled 28 clients (out of 28)
[2025-06-27 12:51:34,481][flwr][DEBUG] - fit_round 2 received 28 results and 0 failures
[2025-06-27 12:51:50,060][flwr][INFO] - fit progress: (2, 1372.4799836733591, {'mse': tensor(43834.5664)}, 305.87795039999764)
[2025-06-27 12:51:50,061][flwr][INFO] - evaluate_round 2: no clients selected, cancel
[2025-06-27 12:51:50,063][flwr][DEBUG] - fit_round 3: strategy sampled 28 clients (out of 28)
[2025-06-27 12:54:09,618][flwr][DEBUG] - fit_round 3 received 28 results and 0 failures
[2025-06-27 12:54:24,685][flwr][INFO] - fit progress: (3, 1359.7915398316063, {'mse': tensor(43427.9727)}, 460.50348149999627)
[2025-06-27 12:54:24,687][flwr][INFO] - evaluate_round 3: no clients selected, cancel
[2025-06-27 12:54:24,689][flwr][DEBUG] - fit_round 4: strategy sampled 28 clients (out of 28)
[2025-06-27 12:56:45,242][flwr][DEBUG] - fit_round 4 received 28 results and 0 failures
[2025-06-27 12:56:59,746][flwr][INFO] - fit progress: (4, 1347.2053766596503, {'mse': tensor(43021.2344)}, 615.5638413999986)
[2025-06-27 12:56:59,749][flwr][INFO] - evaluate_round 4: no clients selected, cancel
[2025-06-27 12:56:59,749][flwr][DEBUG] - fit_round 5: strategy sampled 28 clients (out of 28)
[2025-06-27 12:59:24,466][flwr][DEBUG] - fit_round 5 received 28 results and 0 failures
[2025-06-27 12:59:38,941][flwr][INFO] - fit progress: (5, 1338.3497692681347, {'mse': tensor(42732.9492)}, 774.7581402000069)
[2025-06-27 12:59:38,945][flwr][INFO] - evaluate_round 5: no clients selected, cancel
[2025-06-27 12:59:38,946][flwr][DEBUG] - fit_round 6: strategy sampled 28 clients (out of 28)
[2025-06-27 13:02:10,077][flwr][DEBUG] - fit_round 6 received 28 results and 0 failures
[2025-06-27 13:02:25,393][flwr][INFO] - fit progress: (6, 1364.4512258473662, {'mse': tensor(43549.4922)}, 941.2093326000031)
[2025-06-27 13:02:25,395][flwr][INFO] - evaluate_round 6: no clients selected, cancel
[2025-06-27 13:02:25,396][flwr][DEBUG] - fit_round 7: strategy sampled 28 clients (out of 28)
[2025-06-27 13:04:50,470][flwr][DEBUG] - fit_round 7 received 28 results and 0 failures
[2025-06-27 13:05:05,556][flwr][INFO] - fit progress: (7, 1323.5989967886442, {'mse': tensor(42261.1953)}, 1101.3718718000018)
[2025-06-27 13:05:05,558][flwr][INFO] - evaluate_round 7: no clients selected, cancel
[2025-06-27 13:05:05,559][flwr][DEBUG] - fit_round 8: strategy sampled 28 clients (out of 28)
[2025-06-27 13:07:31,649][flwr][DEBUG] - fit_round 8 received 28 results and 0 failures
[2025-06-27 13:07:45,693][flwr][INFO] - fit progress: (8, 1327.3060108349525, {'mse': tensor(42392.8633)}, 1261.5082477999968)
[2025-06-27 13:07:45,695][flwr][INFO] - evaluate_round 8: no clients selected, cancel
[2025-06-27 13:07:45,696][flwr][DEBUG] - fit_round 9: strategy sampled 28 clients (out of 28)
[2025-06-27 13:10:16,292][flwr][DEBUG] - fit_round 9 received 28 results and 0 failures
[2025-06-27 13:10:30,936][flwr][INFO] - fit progress: (9, 1401.6801381692574, {'mse': tensor(44723.7266)}, 1426.7503652000014)
[2025-06-27 13:10:30,938][flwr][INFO] - evaluate_round 9: no clients selected, cancel
[2025-06-27 13:10:30,939][flwr][DEBUG] - fit_round 10: strategy sampled 28 clients (out of 28)
[2025-06-27 13:12:46,010][flwr][DEBUG] - fit_round 10 received 28 results and 0 failures
[2025-06-27 13:13:00,262][flwr][INFO] - fit progress: (10, 1291.2562989124567, {'mse': tensor(41238.3828)}, 1576.0767295999976)
[2025-06-27 13:13:00,264][flwr][INFO] - evaluate_round 10: no clients selected, cancel
[2025-06-27 13:13:00,264][flwr][INFO] - FL finished in 1576.0792749999964
[2025-06-27 13:13:00,266][flwr][INFO] - app_fit: losses_distributed []
[2025-06-27 13:13:00,266][flwr][INFO] - app_fit: metrics_distributed_fit {}
[2025-06-27 13:13:00,267][flwr][INFO] - app_fit: metrics_distributed {}
[2025-06-27 13:13:00,267][flwr][INFO] - app_fit: losses_centralized [(0, 4266.6223013816925), (1, 1504.7747166450777), (2, 1372.4799836733591), (3, 1359.7915398316063), (4, 1347.2053766596503), (5, 1338.3497692681347), (6, 1364.4512258473662), (7, 1323.5989967886442), (8, 1327.3060108349525), (9, 1401.6801381692574), (10, 1291.2562989124567)]
[2025-06-27 13:13:00,271][flwr][INFO] - app_fit: metrics_centralized {'mse': [(0, tensor(136025.7344)), (1, tensor(48006.6055)), (2, tensor(43834.5664)), (3, tensor(43427.9727)), (4, tensor(43021.2344)), (5, tensor(42732.9492)), (6, tensor(43549.4922)), (7, tensor(42261.1953)), (8, tensor(42392.8633)), (9, tensor(44723.7266)), (10, tensor(41238.3828))]}
