[2025-06-28 00:19:08,939][flwr][INFO] - Starting Flower simulation, config: ServerConfig(num_rounds=10, round_timeout=None)
[2025-06-28 00:19:18,427][flwr][INFO] - Flower VCE: Ray initialized with resources: {'node:127.0.0.1': 1.0, 'object_store_memory': 2345432678.0, 'GPU': 1.0, 'CPU': 12.0, 'memory': 4690865358.0, 'accelerator_type:G': 1.0, 'node:__internal_head__': 1.0}
[2025-06-28 00:19:18,427][flwr][INFO] - Initializing global parameters
[2025-06-28 00:19:18,427][flwr][INFO] - Requesting initial parameters from one random client
[2025-06-28 00:19:23,933][flwr][INFO] - Received initial parameters from one random client
[2025-06-28 00:19:23,936][flwr][INFO] - Evaluating initial parameters
[2025-06-28 00:19:50,401][flwr][INFO] - initial parameters (loss, other metrics): 11062.758462867012, {'mse': tensor(352328.3438)}
[2025-06-28 00:19:50,412][flwr][INFO] - FL starting
[2025-06-28 00:19:50,414][flwr][DEBUG] - fit_round 1: strategy sampled 28 clients (out of 28)
[2025-06-28 00:24:19,524][flwr][DEBUG] - fit_round 1 received 28 results and 0 failures
[2025-06-28 00:24:19,544][flwr][WARNING] - No fit_metrics_aggregation_fn provided
[2025-06-28 00:24:45,553][flwr][INFO] - fit progress: (1, 1784.333351549007, {'mse': tensor(56978.5273)}, 295.1398898999905)
[2025-06-28 00:24:45,588][flwr][INFO] - evaluate_round 1: no clients selected, cancel
[2025-06-28 00:24:45,591][flwr][DEBUG] - fit_round 2: strategy sampled 28 clients (out of 28)
[2025-06-28 00:28:39,455][flwr][DEBUG] - fit_round 2 received 28 results and 0 failures
[2025-06-28 00:29:06,168][flwr][INFO] - fit progress: (2, 1380.8711753832038, {'mse': tensor(44086.2461)}, 555.7539904999867)
[2025-06-28 00:29:06,169][flwr][INFO] - evaluate_round 2: no clients selected, cancel
[2025-06-28 00:29:06,172][flwr][DEBUG] - fit_round 3: strategy sampled 28 clients (out of 28)
[2025-06-28 00:33:02,130][flwr][DEBUG] - fit_round 3 received 28 results and 0 failures
[2025-06-28 00:33:28,072][flwr][INFO] - fit progress: (3, 1373.1076772317574, {'mse': tensor(43843.6406)}, 817.658560099997)
[2025-06-28 00:33:28,074][flwr][INFO] - evaluate_round 3: no clients selected, cancel
[2025-06-28 00:33:28,076][flwr][DEBUG] - fit_round 4: strategy sampled 28 clients (out of 28)
[2025-06-28 00:37:21,604][flwr][DEBUG] - fit_round 4 received 28 results and 0 failures
[2025-06-28 00:37:48,277][flwr][INFO] - fit progress: (4, 1360.3623954285406, {'mse': tensor(43438.4180)}, 1077.8651697999885)
[2025-06-28 00:37:48,285][flwr][INFO] - evaluate_round 4: no clients selected, cancel
[2025-06-28 00:37:48,287][flwr][DEBUG] - fit_round 5: strategy sampled 28 clients (out of 28)
[2025-06-28 00:41:40,405][flwr][DEBUG] - fit_round 5 received 28 results and 0 failures
[2025-06-28 00:42:07,401][flwr][INFO] - fit progress: (5, 1355.4028311879317, {'mse': tensor(43282.2109)}, 1336.989540399998)
[2025-06-28 00:42:07,405][flwr][INFO] - evaluate_round 5: no clients selected, cancel
[2025-06-28 00:42:07,408][flwr][DEBUG] - fit_round 6: strategy sampled 28 clients (out of 28)
[2025-06-28 00:46:00,970][flwr][DEBUG] - fit_round 6 received 28 results and 0 failures
[2025-06-28 00:46:27,671][flwr][INFO] - fit progress: (6, 1354.2335289831606, {'mse': tensor(43242.3008)}, 1597.2600575999968)
[2025-06-28 00:46:27,676][flwr][INFO] - evaluate_round 6: no clients selected, cancel
[2025-06-28 00:46:27,677][flwr][DEBUG] - fit_round 7: strategy sampled 28 clients (out of 28)
[2025-06-28 00:50:21,304][flwr][DEBUG] - fit_round 7 received 28 results and 0 failures
[2025-06-28 00:50:47,516][flwr][INFO] - fit progress: (7, 1354.3120618118523, {'mse': tensor(43249.3672)}, 1857.1022078999958)
[2025-06-28 00:50:47,516][flwr][INFO] - evaluate_round 7: no clients selected, cancel
[2025-06-28 00:50:47,519][flwr][DEBUG] - fit_round 8: strategy sampled 28 clients (out of 28)
[2025-06-28 00:54:41,269][flwr][DEBUG] - fit_round 8 received 28 results and 0 failures
[2025-06-28 00:55:07,182][flwr][INFO] - fit progress: (8, 1349.2241202504317, {'mse': tensor(43085.9805)}, 2116.7692734999873)
[2025-06-28 00:55:07,182][flwr][INFO] - evaluate_round 8: no clients selected, cancel
[2025-06-28 00:55:07,186][flwr][DEBUG] - fit_round 9: strategy sampled 28 clients (out of 28)
[2025-06-28 00:59:00,175][flwr][DEBUG] - fit_round 9 received 28 results and 0 failures
[2025-06-28 00:59:26,703][flwr][INFO] - fit progress: (9, 1346.3034484968696, {'mse': tensor(42991.4570)}, 2376.2916800999956)
[2025-06-28 00:59:26,706][flwr][INFO] - evaluate_round 9: no clients selected, cancel
[2025-06-28 00:59:26,709][flwr][DEBUG] - fit_round 10: strategy sampled 28 clients (out of 28)
[2025-06-28 01:03:21,704][flwr][DEBUG] - fit_round 10 received 28 results and 0 failures
[2025-06-28 01:03:47,871][flwr][INFO] - fit progress: (10, 1374.0914993523315, {'mse': tensor(43862.9375)}, 2637.4590823999897)
[2025-06-28 01:03:47,873][flwr][INFO] - evaluate_round 10: no clients selected, cancel
[2025-06-28 01:03:47,873][flwr][INFO] - FL finished in 2637.4616674999997
[2025-06-28 01:03:47,873][flwr][INFO] - app_fit: losses_distributed []
[2025-06-28 01:03:47,873][flwr][INFO] - app_fit: metrics_distributed_fit {}
[2025-06-28 01:03:47,876][flwr][INFO] - app_fit: metrics_distributed {}
[2025-06-28 01:03:47,876][flwr][INFO] - app_fit: losses_centralized [(0, 11062.758462867012), (1, 1784.333351549007), (2, 1380.8711753832038), (3, 1373.1076772317574), (4, 1360.3623954285406), (5, 1355.4028311879317), (6, 1354.2335289831606), (7, 1354.3120618118523), (8, 1349.2241202504317), (9, 1346.3034484968696), (10, 1374.0914993523315)]
[2025-06-28 01:03:47,880][flwr][INFO] - app_fit: metrics_centralized {'mse': [(0, tensor(352328.3438)), (1, tensor(56978.5273)), (2, tensor(44086.2461)), (3, tensor(43843.6406)), (4, tensor(43438.4180)), (5, tensor(43282.2109)), (6, tensor(43242.3008)), (7, tensor(43249.3672)), (8, tensor(43085.9805)), (9, tensor(42991.4570)), (10, tensor(43862.9375))]}
