[2025-06-27 11:19:05,707][flwr][INFO] - Starting Flower simulation, config: ServerConfig(num_rounds=10, round_timeout=None)
[2025-06-27 11:19:13,162][flwr][INFO] - Flower VCE: Ray initialized with resources: {'node:__internal_head__': 1.0, 'GPU': 1.0, 'node:127.0.0.1': 1.0, 'accelerator_type:G': 1.0, 'CPU': 12.0, 'memory': 3124226459.0, 'object_store_memory': 1562113228.0}
[2025-06-27 11:19:13,163][flwr][INFO] - Initializing global parameters
[2025-06-27 11:19:13,164][flwr][INFO] - Requesting initial parameters from one random client
[2025-06-27 11:19:16,839][flwr][INFO] - Received initial parameters from one random client
[2025-06-27 11:19:16,840][flwr][INFO] - Evaluating initial parameters
[2025-06-27 11:19:29,713][flwr][INFO] - initial parameters (loss, other metrics): 3707.5406884175304, {'mse': tensor(118227.1328)}
[2025-06-27 11:19:29,728][flwr][INFO] - FL starting
[2025-06-27 11:19:29,729][flwr][DEBUG] - fit_round 1: strategy sampled 28 clients (out of 28)
[2025-06-27 11:21:27,018][flwr][DEBUG] - fit_round 1 received 28 results and 0 failures
[2025-06-27 11:21:27,057][flwr][WARNING] - No fit_metrics_aggregation_fn provided
[2025-06-27 11:21:38,854][flwr][INFO] - fit progress: (1, 1371.020951060557, {'mse': tensor(43778.1992)}, 129.12483670000802)
[2025-06-27 11:21:38,892][flwr][INFO] - evaluate_round 1: no clients selected, cancel
[2025-06-27 11:21:38,897][flwr][DEBUG] - fit_round 2: strategy sampled 28 clients (out of 28)
[2025-06-27 11:23:31,301][flwr][DEBUG] - fit_round 2 received 28 results and 0 failures
[2025-06-27 11:23:43,779][flwr][INFO] - fit progress: (2, 1393.377268863342, {'mse': tensor(44480.8906)}, 254.0457480000041)
[2025-06-27 11:23:43,781][flwr][INFO] - evaluate_round 2: no clients selected, cancel
[2025-06-27 11:23:43,781][flwr][DEBUG] - fit_round 3: strategy sampled 28 clients (out of 28)
[2025-06-27 11:25:44,209][flwr][DEBUG] - fit_round 3 received 28 results and 0 failures
[2025-06-27 11:25:57,509][flwr][INFO] - fit progress: (3, 1367.3813933640977, {'mse': tensor(43663.3359)}, 387.7731979000091)
[2025-06-27 11:25:57,512][flwr][INFO] - evaluate_round 3: no clients selected, cancel
[2025-06-27 11:25:57,512][flwr][DEBUG] - fit_round 4: strategy sampled 28 clients (out of 28)
[2025-06-27 11:28:01,721][flwr][DEBUG] - fit_round 4 received 28 results and 0 failures
[2025-06-27 11:28:14,617][flwr][INFO] - fit progress: (4, 1371.2939540830096, {'mse': tensor(43785.4609)}, 524.8784260000102)
[2025-06-27 11:28:14,620][flwr][INFO] - evaluate_round 4: no clients selected, cancel
[2025-06-27 11:28:14,620][flwr][DEBUG] - fit_round 5: strategy sampled 28 clients (out of 28)
[2025-06-27 11:30:15,134][flwr][DEBUG] - fit_round 5 received 28 results and 0 failures
[2025-06-27 11:30:27,775][flwr][INFO] - fit progress: (5, 1367.2948490123058, {'mse': tensor(43654.3711)}, 658.0328777000104)
[2025-06-27 11:30:27,777][flwr][INFO] - evaluate_round 5: no clients selected, cancel
[2025-06-27 11:30:27,777][flwr][DEBUG] - fit_round 6: strategy sampled 28 clients (out of 28)
[2025-06-27 11:32:24,438][flwr][DEBUG] - fit_round 6 received 28 results and 0 failures
[2025-06-27 11:32:37,282][flwr][INFO] - fit progress: (6, 1364.7198604814334, {'mse': tensor(43568.2812)}, 787.5378534000047)
[2025-06-27 11:32:37,285][flwr][INFO] - evaluate_round 6: no clients selected, cancel
[2025-06-27 11:32:37,285][flwr][DEBUG] - fit_round 7: strategy sampled 28 clients (out of 28)
[2025-06-27 11:34:35,284][flwr][DEBUG] - fit_round 7 received 28 results and 0 failures
[2025-06-27 11:34:48,135][flwr][INFO] - fit progress: (7, 1357.0422047036918, {'mse': tensor(43332.6367)}, 918.3897293000045)
[2025-06-27 11:34:48,139][flwr][INFO] - evaluate_round 7: no clients selected, cancel
[2025-06-27 11:34:48,139][flwr][DEBUG] - fit_round 8: strategy sampled 28 clients (out of 28)
[2025-06-27 11:36:49,302][flwr][DEBUG] - fit_round 8 received 28 results and 0 failures
[2025-06-27 11:37:02,609][flwr][INFO] - fit progress: (8, 1341.071072835708, {'mse': tensor(42827.8633)}, 1052.8618234000023)
[2025-06-27 11:37:02,612][flwr][INFO] - evaluate_round 8: no clients selected, cancel
[2025-06-27 11:37:02,613][flwr][DEBUG] - fit_round 9: strategy sampled 28 clients (out of 28)
[2025-06-27 11:39:08,177][flwr][DEBUG] - fit_round 9 received 28 results and 0 failures
[2025-06-27 11:39:21,281][flwr][INFO] - fit progress: (9, 1335.483552596071, {'mse': tensor(42638.5625)}, 1191.531684200003)
[2025-06-27 11:39:21,284][flwr][INFO] - evaluate_round 9: no clients selected, cancel
[2025-06-27 11:39:21,284][flwr][DEBUG] - fit_round 10: strategy sampled 28 clients (out of 28)
[2025-06-27 11:41:27,032][flwr][DEBUG] - fit_round 10 received 28 results and 0 failures
[2025-06-27 11:41:40,667][flwr][INFO] - fit progress: (10, 1330.1733818409973, {'mse': tensor(42480.1172)}, 1330.9151670000138)
[2025-06-27 11:41:40,671][flwr][INFO] - evaluate_round 10: no clients selected, cancel
[2025-06-27 11:41:40,671][flwr][INFO] - FL finished in 1330.919177600008
[2025-06-27 11:41:40,672][flwr][INFO] - app_fit: losses_distributed []
[2025-06-27 11:41:40,673][flwr][INFO] - app_fit: metrics_distributed_fit {}
[2025-06-27 11:41:40,673][flwr][INFO] - app_fit: metrics_distributed {}
[2025-06-27 11:41:40,673][flwr][INFO] - app_fit: losses_centralized [(0, 3707.5406884175304), (1, 1371.020951060557), (2, 1393.377268863342), (3, 1367.3813933640977), (4, 1371.2939540830096), (5, 1367.2948490123058), (6, 1364.7198604814334), (7, 1357.0422047036918), (8, 1341.071072835708), (9, 1335.483552596071), (10, 1330.1733818409973)]
[2025-06-27 11:41:40,682][flwr][INFO] - app_fit: metrics_centralized {'mse': [(0, tensor(118227.1328)), (1, tensor(43778.1992)), (2, tensor(44480.8906)), (3, tensor(43663.3359)), (4, tensor(43785.4609)), (5, tensor(43654.3711)), (6, tensor(43568.2812)), (7, tensor(43332.6367)), (8, tensor(42827.8633)), (9, tensor(42638.5625)), (10, tensor(42480.1172))]}
