[2025-06-28 02:07:07,379][flwr][INFO] - Starting Flower simulation, config: ServerConfig(num_rounds=10, round_timeout=None)
[2025-06-28 02:07:16,607][flwr][INFO] - Flower VCE: Ray initialized with resources: {'node:__internal_head__': 1.0, 'CPU': 12.0, 'object_store_memory': 2122608230.0, 'accelerator_type:G': 1.0, 'GPU': 1.0, 'node:127.0.0.1': 1.0, 'memory': 4245216462.0}
[2025-06-28 02:07:16,610][flwr][INFO] - Initializing global parameters
[2025-06-28 02:07:16,610][flwr][INFO] - Requesting initial parameters from one random client
[2025-06-28 02:07:22,483][flwr][INFO] - Received initial parameters from one random client
[2025-06-28 02:07:22,483][flwr][INFO] - Evaluating initial parameters
[2025-06-28 02:07:52,590][flwr][INFO] - initial parameters (loss, other metrics): 2455.0842400690844, {'mse': tensor(78343.2266)}
[2025-06-28 02:07:52,602][flwr][INFO] - FL starting
[2025-06-28 02:07:52,604][flwr][DEBUG] - fit_round 1: strategy sampled 28 clients (out of 28)
[2025-06-28 02:13:48,772][flwr][DEBUG] - fit_round 1 received 28 results and 0 failures
[2025-06-28 02:13:48,796][flwr][WARNING] - No fit_metrics_aggregation_fn provided
[2025-06-28 02:14:18,822][flwr][INFO] - fit progress: (1, 1503.5684862100604, {'mse': tensor(47968.6523)}, 386.2190169999958)
[2025-06-28 02:14:18,848][flwr][INFO] - evaluate_round 1: no clients selected, cancel
[2025-06-28 02:14:18,849][flwr][DEBUG] - fit_round 2: strategy sampled 28 clients (out of 28)
[2025-06-28 02:19:36,330][flwr][DEBUG] - fit_round 2 received 28 results and 0 failures
[2025-06-28 02:20:06,318][flwr][INFO] - fit progress: (2, 1360.9360609617875, {'mse': tensor(43450.8750)}, 733.7174952000059)
[2025-06-28 02:20:06,321][flwr][INFO] - evaluate_round 2: no clients selected, cancel
[2025-06-28 02:20:06,323][flwr][DEBUG] - fit_round 3: strategy sampled 28 clients (out of 28)
[2025-06-28 02:25:27,259][flwr][DEBUG] - fit_round 3 received 28 results and 0 failures
[2025-06-28 02:25:57,062][flwr][INFO] - fit progress: (3, 1357.4946827099525, {'mse': tensor(43347.4336)}, 1084.460479100002)
[2025-06-28 02:25:57,062][flwr][INFO] - evaluate_round 3: no clients selected, cancel
[2025-06-28 02:25:57,066][flwr][DEBUG] - fit_round 4: strategy sampled 28 clients (out of 28)
[2025-06-28 02:31:11,311][flwr][DEBUG] - fit_round 4 received 28 results and 0 failures
[2025-06-28 02:31:41,973][flwr][INFO] - fit progress: (4, 1361.9501295336788, {'mse': tensor(43487.3516)}, 1429.3740709999984)
[2025-06-28 02:31:41,977][flwr][INFO] - evaluate_round 4: no clients selected, cancel
[2025-06-28 02:31:41,980][flwr][DEBUG] - fit_round 5: strategy sampled 28 clients (out of 28)
[2025-06-28 02:36:58,499][flwr][DEBUG] - fit_round 5 received 28 results and 0 failures
[2025-06-28 02:37:28,545][flwr][INFO] - fit progress: (5, 1352.4341301003885, {'mse': tensor(43182.5547)}, 1775.9432151000074)
[2025-06-28 02:37:28,548][flwr][INFO] - evaluate_round 5: no clients selected, cancel
[2025-06-28 02:37:28,549][flwr][DEBUG] - fit_round 6: strategy sampled 28 clients (out of 28)
[2025-06-28 02:42:41,492][flwr][DEBUG] - fit_round 6 received 28 results and 0 failures
[2025-06-28 02:43:11,716][flwr][INFO] - fit progress: (6, 1425.389456498273, {'mse': tensor(45485.0977)}, 2119.1139427000016)
[2025-06-28 02:43:11,719][flwr][INFO] - evaluate_round 6: no clients selected, cancel
[2025-06-28 02:43:11,720][flwr][DEBUG] - fit_round 7: strategy sampled 28 clients (out of 28)
[2025-06-28 02:48:30,801][flwr][DEBUG] - fit_round 7 received 28 results and 0 failures
[2025-06-28 02:49:01,419][flwr][INFO] - fit progress: (7, 1348.2861591240285, {'mse': tensor(43053.1758)}, 2468.8166080000083)
[2025-06-28 02:49:01,422][flwr][INFO] - evaluate_round 7: no clients selected, cancel
[2025-06-28 02:49:01,423][flwr][DEBUG] - fit_round 8: strategy sampled 28 clients (out of 28)
[2025-06-28 02:54:20,360][flwr][DEBUG] - fit_round 8 received 28 results and 0 failures
[2025-06-28 02:54:50,160][flwr][INFO] - fit progress: (8, 1342.2461598661484, {'mse': tensor(42857.8008)}, 2817.558582800004)
[2025-06-28 02:54:50,163][flwr][INFO] - evaluate_round 8: no clients selected, cancel
[2025-06-28 02:54:50,165][flwr][DEBUG] - fit_round 9: strategy sampled 28 clients (out of 28)
[2025-06-28 03:00:09,384][flwr][DEBUG] - fit_round 9 received 28 results and 0 failures
[2025-06-28 03:00:39,442][flwr][INFO] - fit progress: (9, 1348.957315279577, {'mse': tensor(43065.2461)}, 3166.841034199999)
[2025-06-28 03:00:39,446][flwr][INFO] - evaluate_round 9: no clients selected, cancel
[2025-06-28 03:00:39,447][flwr][DEBUG] - fit_round 10: strategy sampled 28 clients (out of 28)
[2025-06-28 03:05:56,620][flwr][DEBUG] - fit_round 10 received 28 results and 0 failures
[2025-06-28 03:06:26,516][flwr][INFO] - fit progress: (10, 1334.0849693706823, {'mse': tensor(42596.8594)}, 3513.9138305000088)
[2025-06-28 03:06:26,519][flwr][INFO] - evaluate_round 10: no clients selected, cancel
[2025-06-28 03:06:26,519][flwr][INFO] - FL finished in 3513.916784000001
[2025-06-28 03:06:26,519][flwr][INFO] - app_fit: losses_distributed []
[2025-06-28 03:06:26,520][flwr][INFO] - app_fit: metrics_distributed_fit {}
[2025-06-28 03:06:26,520][flwr][INFO] - app_fit: metrics_distributed {}
[2025-06-28 03:06:26,520][flwr][INFO] - app_fit: losses_centralized [(0, 2455.0842400690844), (1, 1503.5684862100604), (2, 1360.9360609617875), (3, 1357.4946827099525), (4, 1361.9501295336788), (5, 1352.4341301003885), (6, 1425.389456498273), (7, 1348.2861591240285), (8, 1342.2461598661484), (9, 1348.957315279577), (10, 1334.0849693706823)]
[2025-06-28 03:06:26,525][flwr][INFO] - app_fit: metrics_centralized {'mse': [(0, tensor(78343.2266)), (1, tensor(47968.6523)), (2, tensor(43450.8750)), (3, tensor(43347.4336)), (4, tensor(43487.3516)), (5, tensor(43182.5547)), (6, tensor(45485.0977)), (7, tensor(43053.1758)), (8, tensor(42857.8008)), (9, tensor(43065.2461)), (10, tensor(42596.8594))]}
