[2025-06-27 07:53:45,755][flwr][INFO] - Starting Flower simulation, config: ServerConfig(num_rounds=10, round_timeout=None)
[2025-06-27 07:53:53,271][flwr][INFO] - Flower VCE: Ray initialized with resources: {'memory': 3546439680.0, 'accelerator_type:G': 1.0, 'object_store_memory': 1773219840.0, 'GPU': 1.0, 'node:__internal_head__': 1.0, 'CPU': 12.0, 'node:127.0.0.1': 1.0}
[2025-06-27 07:53:53,272][flwr][INFO] - Initializing global parameters
[2025-06-27 07:53:53,272][flwr][INFO] - Requesting initial parameters from one random client
[2025-06-27 07:53:57,123][flwr][INFO] - Received initial parameters from one random client
[2025-06-27 07:53:57,123][flwr][INFO] - Evaluating initial parameters
[2025-06-27 07:54:10,691][flwr][INFO] - initial parameters (loss, other metrics): 8519.413865500863, {'mse': tensor(271392.5938)}
[2025-06-27 07:54:10,707][flwr][INFO] - FL starting
[2025-06-27 07:54:10,708][flwr][DEBUG] - fit_round 1: strategy sampled 28 clients (out of 28)
[2025-06-27 07:55:59,370][flwr][DEBUG] - fit_round 1 received 28 results and 0 failures
[2025-06-27 07:55:59,406][flwr][WARNING] - No fit_metrics_aggregation_fn provided
[2025-06-27 07:56:11,852][flwr][INFO] - fit progress: (1, 2050.754950615285, {'mse': tensor(65465.6211)}, 121.14603219999844)
[2025-06-27 07:56:11,898][flwr][INFO] - evaluate_round 1: no clients selected, cancel
[2025-06-27 07:56:11,899][flwr][DEBUG] - fit_round 2: strategy sampled 28 clients (out of 28)
[2025-06-27 07:58:08,368][flwr][DEBUG] - fit_round 2 received 28 results and 0 failures
[2025-06-27 07:58:21,301][flwr][INFO] - fit progress: (2, 1374.1473621006046, {'mse': tensor(43871.8828)}, 250.5953262000039)
[2025-06-27 07:58:21,305][flwr][INFO] - evaluate_round 2: no clients selected, cancel
[2025-06-27 07:58:21,305][flwr][DEBUG] - fit_round 3: strategy sampled 28 clients (out of 28)
[2025-06-27 08:00:20,500][flwr][DEBUG] - fit_round 3 received 28 results and 0 failures
[2025-06-27 08:00:34,421][flwr][INFO] - fit progress: (3, 1358.3223934720422, {'mse': tensor(43374.2148)}, 383.71451499999966)
[2025-06-27 08:00:34,424][flwr][INFO] - evaluate_round 3: no clients selected, cancel
[2025-06-27 08:00:34,425][flwr][DEBUG] - fit_round 4: strategy sampled 28 clients (out of 28)
[2025-06-27 08:02:34,513][flwr][DEBUG] - fit_round 4 received 28 results and 0 failures
[2025-06-27 08:02:47,881][flwr][INFO] - fit progress: (4, 1402.0907855677892, {'mse': tensor(44750.0547)}, 517.1730897000016)
[2025-06-27 08:02:47,882][flwr][INFO] - evaluate_round 4: no clients selected, cancel
[2025-06-27 08:02:47,883][flwr][DEBUG] - fit_round 5: strategy sampled 28 clients (out of 28)
[2025-06-27 08:04:48,118][flwr][DEBUG] - fit_round 5 received 28 results and 0 failures
[2025-06-27 08:05:01,312][flwr][INFO] - fit progress: (5, 1352.806514464594, {'mse': tensor(43191.9922)}, 650.6042948000031)
[2025-06-27 08:05:01,315][flwr][INFO] - evaluate_round 5: no clients selected, cancel
[2025-06-27 08:05:01,315][flwr][DEBUG] - fit_round 6: strategy sampled 28 clients (out of 28)
[2025-06-27 08:07:03,254][flwr][DEBUG] - fit_round 6 received 28 results and 0 failures
[2025-06-27 08:07:16,859][flwr][INFO] - fit progress: (6, 1343.4580847231218, {'mse': tensor(42906.2891)}, 786.1513487999982)
[2025-06-27 08:07:16,862][flwr][INFO] - evaluate_round 6: no clients selected, cancel
[2025-06-27 08:07:16,862][flwr][DEBUG] - fit_round 7: strategy sampled 28 clients (out of 28)
[2025-06-27 08:09:18,595][flwr][DEBUG] - fit_round 7 received 28 results and 0 failures
[2025-06-27 08:09:31,925][flwr][INFO] - fit progress: (7, 1339.1665708657167, {'mse': tensor(42759.7070)}, 921.2171455999996)
[2025-06-27 08:09:31,928][flwr][INFO] - evaluate_round 7: no clients selected, cancel
[2025-06-27 08:09:31,929][flwr][DEBUG] - fit_round 8: strategy sampled 28 clients (out of 28)
[2025-06-27 08:11:32,495][flwr][DEBUG] - fit_round 8 received 28 results and 0 failures
[2025-06-27 08:11:45,667][flwr][INFO] - fit progress: (8, 1331.515943099633, {'mse': tensor(42519.9023)}, 1054.9595635000005)
[2025-06-27 08:11:45,670][flwr][INFO] - evaluate_round 8: no clients selected, cancel
[2025-06-27 08:11:45,670][flwr][DEBUG] - fit_round 9: strategy sampled 28 clients (out of 28)
[2025-06-27 08:13:49,469][flwr][DEBUG] - fit_round 9 received 28 results and 0 failures
[2025-06-27 08:14:02,634][flwr][INFO] - fit progress: (9, 1323.6155673170338, {'mse': tensor(42264.7930)}, 1191.9265145000027)
[2025-06-27 08:14:02,636][flwr][INFO] - evaluate_round 9: no clients selected, cancel
[2025-06-27 08:14:02,636][flwr][DEBUG] - fit_round 10: strategy sampled 28 clients (out of 28)
[2025-06-27 08:16:02,123][flwr][DEBUG] - fit_round 10 received 28 results and 0 failures
[2025-06-27 08:16:14,778][flwr][INFO] - fit progress: (10, 1344.1803871167963, {'mse': tensor(42906.5742)}, 1324.0701402999985)
[2025-06-27 08:16:14,781][flwr][INFO] - evaluate_round 10: no clients selected, cancel
[2025-06-27 08:16:14,781][flwr][INFO] - FL finished in 1324.0737079000028
[2025-06-27 08:16:14,782][flwr][INFO] - app_fit: losses_distributed []
[2025-06-27 08:16:14,783][flwr][INFO] - app_fit: metrics_distributed_fit {}
[2025-06-27 08:16:14,783][flwr][INFO] - app_fit: metrics_distributed {}
[2025-06-27 08:16:14,784][flwr][INFO] - app_fit: losses_centralized [(0, 8519.413865500863), (1, 2050.754950615285), (2, 1374.1473621006046), (3, 1358.3223934720422), (4, 1402.0907855677892), (5, 1352.806514464594), (6, 1343.4580847231218), (7, 1339.1665708657167), (8, 1331.515943099633), (9, 1323.6155673170338), (10, 1344.1803871167963)]
[2025-06-27 08:16:14,788][flwr][INFO] - app_fit: metrics_centralized {'mse': [(0, tensor(271392.5938)), (1, tensor(65465.6211)), (2, tensor(43871.8828)), (3, tensor(43374.2148)), (4, tensor(44750.0547)), (5, tensor(43191.9922)), (6, tensor(42906.2891)), (7, tensor(42759.7070)), (8, tensor(42519.9023)), (9, tensor(42264.7930)), (10, tensor(42906.5742))]}
