[2025-06-27 07:07:54,009][flwr][INFO] - Starting Flower simulation, config: ServerConfig(num_rounds=10, round_timeout=None)
[2025-06-27 07:08:02,121][flwr][INFO] - Flower VCE: Ray initialized with resources: {'memory': 3046089524.0, 'GPU': 1.0, 'CPU': 12.0, 'object_store_memory': 1523044761.0, 'accelerator_type:G': 1.0, 'node:__internal_head__': 1.0, 'node:127.0.0.1': 1.0}
[2025-06-27 07:08:02,122][flwr][INFO] - Initializing global parameters
[2025-06-27 07:08:02,123][flwr][INFO] - Requesting initial parameters from one random client
[2025-06-27 07:08:06,566][flwr][INFO] - Received initial parameters from one random client
[2025-06-27 07:08:06,566][flwr][INFO] - Evaluating initial parameters
[2025-06-27 07:08:20,363][flwr][INFO] - initial parameters (loss, other metrics): 2941.502658139033, {'mse': tensor(93835.3984)}
[2025-06-27 07:08:20,378][flwr][INFO] - FL starting
[2025-06-27 07:08:20,379][flwr][DEBUG] - fit_round 1: strategy sampled 28 clients (out of 28)
[2025-06-27 07:10:28,801][flwr][DEBUG] - fit_round 1 received 28 results and 0 failures
[2025-06-27 07:10:28,831][flwr][WARNING] - No fit_metrics_aggregation_fn provided
[2025-06-27 07:10:40,835][flwr][INFO] - fit progress: (1, 1369.991524314551, {'mse': tensor(43752.6719)}, 140.45599370000127)
[2025-06-27 07:10:40,851][flwr][INFO] - evaluate_round 1: no clients selected, cancel
[2025-06-27 07:10:40,854][flwr][DEBUG] - fit_round 2: strategy sampled 28 clients (out of 28)
[2025-06-27 07:12:27,101][flwr][DEBUG] - fit_round 2 received 28 results and 0 failures
[2025-06-27 07:12:38,624][flwr][INFO] - fit progress: (2, 1356.710632218804, {'mse': tensor(43327.5977)}, 258.24593399999867)
[2025-06-27 07:12:38,626][flwr][INFO] - evaluate_round 2: no clients selected, cancel
[2025-06-27 07:12:38,628][flwr][DEBUG] - fit_round 3: strategy sampled 28 clients (out of 28)
[2025-06-27 07:14:21,209][flwr][DEBUG] - fit_round 3 received 28 results and 0 failures
[2025-06-27 07:14:32,494][flwr][INFO] - fit progress: (3, 1382.1263364907168, {'mse': tensor(44143.5703)}, 372.1159871999989)
[2025-06-27 07:14:32,497][flwr][INFO] - evaluate_round 3: no clients selected, cancel
[2025-06-27 07:14:32,497][flwr][DEBUG] - fit_round 4: strategy sampled 28 clients (out of 28)
[2025-06-27 07:16:07,636][flwr][DEBUG] - fit_round 4 received 28 results and 0 failures
[2025-06-27 07:16:18,355][flwr][INFO] - fit progress: (4, 1403.9053844181778, {'mse': tensor(44806.8242)}, 477.97618269999657)
[2025-06-27 07:16:18,357][flwr][INFO] - evaluate_round 4: no clients selected, cancel
[2025-06-27 07:16:18,357][flwr][DEBUG] - fit_round 5: strategy sampled 28 clients (out of 28)
[2025-06-27 07:17:53,393][flwr][DEBUG] - fit_round 5 received 28 results and 0 failures
[2025-06-27 07:18:04,174][flwr][INFO] - fit progress: (5, 1339.2938218507124, {'mse': tensor(42765.2031)}, 583.7955997999961)
[2025-06-27 07:18:04,176][flwr][INFO] - evaluate_round 5: no clients selected, cancel
[2025-06-27 07:18:04,177][flwr][DEBUG] - fit_round 6: strategy sampled 28 clients (out of 28)
[2025-06-27 07:19:53,041][flwr][DEBUG] - fit_round 6 received 28 results and 0 failures
[2025-06-27 07:20:04,145][flwr][INFO] - fit progress: (6, 1344.9323935395078, {'mse': tensor(42936.8633)}, 703.766042999996)
[2025-06-27 07:20:04,146][flwr][INFO] - evaluate_round 6: no clients selected, cancel
[2025-06-27 07:20:04,147][flwr][DEBUG] - fit_round 7: strategy sampled 28 clients (out of 28)
[2025-06-27 07:21:42,173][flwr][DEBUG] - fit_round 7 received 28 results and 0 failures
[2025-06-27 07:21:54,539][flwr][INFO] - fit progress: (7, 1351.1386809828368, {'mse': tensor(43152.5391)}, 814.1596344999998)
[2025-06-27 07:21:54,541][flwr][INFO] - evaluate_round 7: no clients selected, cancel
[2025-06-27 07:21:54,541][flwr][DEBUG] - fit_round 8: strategy sampled 28 clients (out of 28)
[2025-06-27 07:23:49,242][flwr][DEBUG] - fit_round 8 received 28 results and 0 failures
[2025-06-27 07:24:02,392][flwr][INFO] - fit progress: (8, 1339.0696992389896, {'mse': tensor(42753.3516)}, 942.0133385000008)
[2025-06-27 07:24:02,394][flwr][INFO] - evaluate_round 8: no clients selected, cancel
[2025-06-27 07:24:02,394][flwr][DEBUG] - fit_round 9: strategy sampled 28 clients (out of 28)
[2025-06-27 07:25:51,378][flwr][DEBUG] - fit_round 9 received 28 results and 0 failures
[2025-06-27 07:26:03,024][flwr][INFO] - fit progress: (9, 1327.8369380127374, {'mse': tensor(42396.7617)}, 1062.6467047999977)
[2025-06-27 07:26:03,027][flwr][INFO] - evaluate_round 9: no clients selected, cancel
[2025-06-27 07:26:03,027][flwr][DEBUG] - fit_round 10: strategy sampled 28 clients (out of 28)
[2025-06-27 07:27:45,390][flwr][DEBUG] - fit_round 10 received 28 results and 0 failures
[2025-06-27 07:27:56,855][flwr][INFO] - fit progress: (10, 1340.075109968696, {'mse': tensor(42784.3125)}, 1176.476561399999)
[2025-06-27 07:27:56,859][flwr][INFO] - evaluate_round 10: no clients selected, cancel
[2025-06-27 07:27:56,859][flwr][INFO] - FL finished in 1176.4808436999956
[2025-06-27 07:27:56,861][flwr][INFO] - app_fit: losses_distributed []
[2025-06-27 07:27:56,862][flwr][INFO] - app_fit: metrics_distributed_fit {}
[2025-06-27 07:27:56,862][flwr][INFO] - app_fit: metrics_distributed {}
[2025-06-27 07:27:56,863][flwr][INFO] - app_fit: losses_centralized [(0, 2941.502658139033), (1, 1369.991524314551), (2, 1356.710632218804), (3, 1382.1263364907168), (4, 1403.9053844181778), (5, 1339.2938218507124), (6, 1344.9323935395078), (7, 1351.1386809828368), (8, 1339.0696992389896), (9, 1327.8369380127374), (10, 1340.075109968696)]
[2025-06-27 07:27:56,871][flwr][INFO] - app_fit: metrics_centralized {'mse': [(0, tensor(93835.3984)), (1, tensor(43752.6719)), (2, tensor(43327.5977)), (3, tensor(44143.5703)), (4, tensor(44806.8242)), (5, tensor(42765.2031)), (6, tensor(42936.8633)), (7, tensor(43152.5391)), (8, tensor(42753.3516)), (9, tensor(42396.7617)), (10, tensor(42784.3125))]}
