[2025-06-27 14:54:25,413][flwr][INFO] - Starting Flower simulation, config: ServerConfig(num_rounds=10, round_timeout=None)
[2025-06-27 14:54:34,593][flwr][INFO] - Flower VCE: Ray initialized with resources: {'node:127.0.0.1': 1.0, 'accelerator_type:G': 1.0, 'CPU': 12.0, 'object_store_memory': 1369261670.0, 'node:__internal_head__': 1.0, 'GPU': 1.0, 'memory': 2738523342.0}
[2025-06-27 14:54:34,593][flwr][INFO] - Initializing global parameters
[2025-06-27 14:54:34,593][flwr][INFO] - Requesting initial parameters from one random client
[2025-06-27 14:54:38,859][flwr][INFO] - Received initial parameters from one random client
[2025-06-27 14:54:38,859][flwr][INFO] - Evaluating initial parameters
[2025-06-27 14:55:04,840][flwr][INFO] - initial parameters (loss, other metrics): 7617.120344883419, {'mse': tensor(242670.6250)}
[2025-06-27 14:55:04,858][flwr][INFO] - FL starting
[2025-06-27 14:55:04,860][flwr][DEBUG] - fit_round 1: strategy sampled 28 clients (out of 28)
[2025-06-27 14:59:33,268][flwr][DEBUG] - fit_round 1 received 28 results and 0 failures
[2025-06-27 14:59:33,301][flwr][WARNING] - No fit_metrics_aggregation_fn provided
[2025-06-27 14:59:58,983][flwr][INFO] - fit progress: (1, 2160.2018765517055, {'mse': tensor(68950.8672)}, 294.12310529999377)
[2025-06-27 14:59:59,013][flwr][INFO] - evaluate_round 1: no clients selected, cancel
[2025-06-27 14:59:59,015][flwr][DEBUG] - fit_round 2: strategy sampled 28 clients (out of 28)
[2025-06-27 15:03:59,473][flwr][DEBUG] - fit_round 2 received 28 results and 0 failures
[2025-06-27 15:04:25,631][flwr][INFO] - fit progress: (2, 1390.7932278173575, {'mse': tensor(44396.8633)}, 560.7721279999969)
[2025-06-27 15:04:25,634][flwr][INFO] - evaluate_round 2: no clients selected, cancel
[2025-06-27 15:04:25,635][flwr][DEBUG] - fit_round 3: strategy sampled 28 clients (out of 28)
[2025-06-27 15:08:33,483][flwr][DEBUG] - fit_round 3 received 28 results and 0 failures
[2025-06-27 15:09:01,119][flwr][INFO] - fit progress: (3, 1374.214071945164, {'mse': tensor(43870.1992)}, 836.2595516000001)
[2025-06-27 15:09:01,120][flwr][INFO] - evaluate_round 3: no clients selected, cancel
[2025-06-27 15:09:01,122][flwr][DEBUG] - fit_round 4: strategy sampled 28 clients (out of 28)
[2025-06-27 15:13:32,563][flwr][DEBUG] - fit_round 4 received 28 results and 0 failures
[2025-06-27 15:14:02,495][flwr][INFO] - fit progress: (4, 1390.3860137359673, {'mse': tensor(44381.8047)}, 1137.6366939)
[2025-06-27 15:14:02,499][flwr][INFO] - evaluate_round 4: no clients selected, cancel
[2025-06-27 15:14:02,500][flwr][DEBUG] - fit_round 5: strategy sampled 28 clients (out of 28)
[2025-06-27 15:18:40,485][flwr][DEBUG] - fit_round 5 received 28 results and 0 failures
[2025-06-27 15:19:09,066][flwr][INFO] - fit progress: (5, 1366.3857465727547, {'mse': tensor(43623.9102)}, 1444.2063436999888)
[2025-06-27 15:19:09,068][flwr][INFO] - evaluate_round 5: no clients selected, cancel
[2025-06-27 15:19:09,068][flwr][DEBUG] - fit_round 6: strategy sampled 28 clients (out of 28)
[2025-06-27 15:23:46,405][flwr][DEBUG] - fit_round 6 received 28 results and 0 failures
[2025-06-27 15:24:14,043][flwr][INFO] - fit progress: (6, 1373.0560104976253, {'mse': tensor(43830.6836)}, 1749.1835584999935)
[2025-06-27 15:24:14,050][flwr][INFO] - evaluate_round 6: no clients selected, cancel
[2025-06-27 15:24:14,050][flwr][DEBUG] - fit_round 7: strategy sampled 28 clients (out of 28)
[2025-06-27 15:29:02,548][flwr][DEBUG] - fit_round 7 received 28 results and 0 failures
[2025-06-27 15:29:33,697][flwr][INFO] - fit progress: (7, 1366.7263951856648, {'mse': tensor(43633.4883)}, 2068.837189099999)
[2025-06-27 15:29:33,699][flwr][INFO] - evaluate_round 7: no clients selected, cancel
[2025-06-27 15:29:33,700][flwr][DEBUG] - fit_round 8: strategy sampled 28 clients (out of 28)
[2025-06-27 15:34:27,534][flwr][DEBUG] - fit_round 8 received 28 results and 0 failures
[2025-06-27 15:34:55,840][flwr][INFO] - fit progress: (8, 1364.3149193113127, {'mse': tensor(43555.2695)}, 2390.9805923999957)
[2025-06-27 15:34:55,843][flwr][INFO] - evaluate_round 8: no clients selected, cancel
[2025-06-27 15:34:55,843][flwr][DEBUG] - fit_round 9: strategy sampled 28 clients (out of 28)
[2025-06-27 15:39:39,545][flwr][DEBUG] - fit_round 9 received 28 results and 0 failures
[2025-06-27 15:40:09,964][flwr][INFO] - fit progress: (9, 1355.979883824482, {'mse': tensor(43292.2852)}, 2705.104336599994)
[2025-06-27 15:40:09,968][flwr][INFO] - evaluate_round 9: no clients selected, cancel
[2025-06-27 15:40:09,968][flwr][DEBUG] - fit_round 10: strategy sampled 28 clients (out of 28)
[2025-06-27 15:44:39,533][flwr][DEBUG] - fit_round 10 received 28 results and 0 failures
[2025-06-27 15:45:09,166][flwr][INFO] - fit progress: (10, 1376.3805760200778, {'mse': tensor(43935.2344)}, 3004.3072121000005)
[2025-06-27 15:45:09,170][flwr][INFO] - evaluate_round 10: no clients selected, cancel
[2025-06-27 15:45:09,171][flwr][INFO] - FL finished in 3004.3107112
[2025-06-27 15:45:09,171][flwr][INFO] - app_fit: losses_distributed []
[2025-06-27 15:45:09,172][flwr][INFO] - app_fit: metrics_distributed_fit {}
[2025-06-27 15:45:09,172][flwr][INFO] - app_fit: metrics_distributed {}
[2025-06-27 15:45:09,172][flwr][INFO] - app_fit: losses_centralized [(0, 7617.120344883419), (1, 2160.2018765517055), (2, 1390.7932278173575), (3, 1374.214071945164), (4, 1390.3860137359673), (5, 1366.3857465727547), (6, 1373.0560104976253), (7, 1366.7263951856648), (8, 1364.3149193113127), (9, 1355.979883824482), (10, 1376.3805760200778)]
[2025-06-27 15:45:09,179][flwr][INFO] - app_fit: metrics_centralized {'mse': [(0, tensor(242670.6250)), (1, tensor(68950.8672)), (2, tensor(44396.8633)), (3, tensor(43870.1992)), (4, tensor(44381.8047)), (5, tensor(43623.9102)), (6, tensor(43830.6836)), (7, tensor(43633.4883)), (8, tensor(43555.2695)), (9, tensor(43292.2852)), (10, tensor(43935.2344))]}
