[2025-06-28 04:18:04,654][flwr][INFO] - Starting Flower simulation, config: ServerConfig(num_rounds=10, round_timeout=None)
[2025-06-28 04:18:14,402][flwr][INFO] - Flower VCE: Ray initialized with resources: {'memory': 3793241703.0, 'node:__internal_head__': 1.0, 'node:127.0.0.1': 1.0, 'accelerator_type:G': 1.0, 'CPU': 12.0, 'GPU': 1.0, 'object_store_memory': 1896620851.0}
[2025-06-28 04:18:14,402][flwr][INFO] - Initializing global parameters
[2025-06-28 04:18:14,402][flwr][INFO] - Requesting initial parameters from one random client
[2025-06-28 04:18:20,436][flwr][INFO] - Received initial parameters from one random client
[2025-06-28 04:18:20,436][flwr][INFO] - Evaluating initial parameters
[2025-06-28 04:18:50,569][flwr][INFO] - initial parameters (loss, other metrics): 3618.3232135146804, {'mse': tensor(115385.3438)}
[2025-06-28 04:18:50,582][flwr][INFO] - FL starting
[2025-06-28 04:18:50,584][flwr][DEBUG] - fit_round 1: strategy sampled 28 clients (out of 28)
[2025-06-28 04:25:06,982][flwr][DEBUG] - fit_round 1 received 28 results and 0 failures
[2025-06-28 04:25:07,018][flwr][WARNING] - No fit_metrics_aggregation_fn provided
[2025-06-28 04:25:40,200][flwr][INFO] - fit progress: (1, 1495.8656283732728, {'mse': tensor(47778.3320)}, 409.6096094000095)
[2025-06-28 04:25:40,213][flwr][INFO] - evaluate_round 1: no clients selected, cancel
[2025-06-28 04:25:40,216][flwr][DEBUG] - fit_round 2: strategy sampled 28 clients (out of 28)
[2025-06-28 04:32:17,688][flwr][DEBUG] - fit_round 2 received 28 results and 0 failures
[2025-06-28 04:32:52,743][flwr][INFO] - fit progress: (2, 1351.8943011927893, {'mse': tensor(43167.3555)}, 842.1479006000009)
[2025-06-28 04:32:52,748][flwr][INFO] - evaluate_round 2: no clients selected, cancel
[2025-06-28 04:32:52,750][flwr][DEBUG] - fit_round 3: strategy sampled 28 clients (out of 28)
[2025-06-28 04:39:26,560][flwr][DEBUG] - fit_round 3 received 28 results and 0 failures
[2025-06-28 04:39:59,556][flwr][INFO] - fit progress: (3, 1353.193732458981, {'mse': tensor(43210.6289)}, 1268.9533854000038)
[2025-06-28 04:39:59,559][flwr][INFO] - evaluate_round 3: no clients selected, cancel
[2025-06-28 04:39:59,559][flwr][DEBUG] - fit_round 4: strategy sampled 28 clients (out of 28)
[2025-06-28 04:46:31,532][flwr][DEBUG] - fit_round 4 received 28 results and 0 failures
[2025-06-28 04:47:04,989][flwr][INFO] - fit progress: (4, 1359.3792105192142, {'mse': tensor(43398.5312)}, 1694.3808241000079)
[2025-06-28 04:47:04,992][flwr][INFO] - evaluate_round 4: no clients selected, cancel
[2025-06-28 04:47:04,992][flwr][DEBUG] - fit_round 5: strategy sampled 28 clients (out of 28)
[2025-06-28 04:53:39,555][flwr][DEBUG] - fit_round 5 received 28 results and 0 failures
[2025-06-28 04:54:12,924][flwr][INFO] - fit progress: (5, 1343.6707857701856, {'mse': tensor(42910.4844)}, 2122.3104354000097)
[2025-06-28 04:54:12,927][flwr][INFO] - evaluate_round 5: no clients selected, cancel
[2025-06-28 04:54:12,927][flwr][DEBUG] - fit_round 6: strategy sampled 28 clients (out of 28)
[2025-06-28 05:00:44,727][flwr][DEBUG] - fit_round 6 received 28 results and 0 failures
[2025-06-28 05:01:17,911][flwr][INFO] - fit progress: (6, 1355.3326505829016, {'mse': tensor(43269.9688)}, 2547.2952579999983)
[2025-06-28 05:01:17,914][flwr][INFO] - evaluate_round 6: no clients selected, cancel
[2025-06-28 05:01:17,917][flwr][DEBUG] - fit_round 7: strategy sampled 28 clients (out of 28)
[2025-06-28 05:07:52,613][flwr][DEBUG] - fit_round 7 received 28 results and 0 failures
[2025-06-28 05:08:25,681][flwr][INFO] - fit progress: (7, 1343.912676422172, {'mse': tensor(42912.4062)}, 2975.0591742000106)
[2025-06-28 05:08:25,681][flwr][INFO] - evaluate_round 7: no clients selected, cancel
[2025-06-28 05:08:25,685][flwr][DEBUG] - fit_round 8: strategy sampled 28 clients (out of 28)
[2025-06-28 05:14:58,508][flwr][DEBUG] - fit_round 8 received 28 results and 0 failures
[2025-06-28 05:15:31,679][flwr][INFO] - fit progress: (8, 1345.0339708819085, {'mse': tensor(42942.5312)}, 3401.0538844999974)
[2025-06-28 05:15:31,680][flwr][INFO] - evaluate_round 8: no clients selected, cancel
[2025-06-28 05:15:31,683][flwr][DEBUG] - fit_round 9: strategy sampled 28 clients (out of 28)
[2025-06-28 05:22:11,571][flwr][DEBUG] - fit_round 9 received 28 results and 0 failures
[2025-06-28 05:22:44,832][flwr][INFO] - fit progress: (9, 1333.3483201101037, {'mse': tensor(42576.5625)}, 3834.204646600003)
[2025-06-28 05:22:44,835][flwr][INFO] - evaluate_round 9: no clients selected, cancel
[2025-06-28 05:22:44,835][flwr][DEBUG] - fit_round 10: strategy sampled 28 clients (out of 28)
[2025-06-28 05:29:21,302][flwr][DEBUG] - fit_round 10 received 28 results and 0 failures
[2025-06-28 05:29:54,161][flwr][INFO] - fit progress: (10, 1341.261061636442, {'mse': tensor(42823.0078)}, 4263.530497)
[2025-06-28 05:29:54,162][flwr][INFO] - evaluate_round 10: no clients selected, cancel
[2025-06-28 05:29:54,162][flwr][INFO] - FL finished in 4263.53364210001
[2025-06-28 05:29:54,162][flwr][INFO] - app_fit: losses_distributed []
[2025-06-28 05:29:54,165][flwr][INFO] - app_fit: metrics_distributed_fit {}
[2025-06-28 05:29:54,165][flwr][INFO] - app_fit: metrics_distributed {}
[2025-06-28 05:29:54,165][flwr][INFO] - app_fit: losses_centralized [(0, 3618.3232135146804), (1, 1495.8656283732728), (2, 1351.8943011927893), (3, 1353.193732458981), (4, 1359.3792105192142), (5, 1343.6707857701856), (6, 1355.3326505829016), (7, 1343.912676422172), (8, 1345.0339708819085), (9, 1333.3483201101037), (10, 1341.261061636442)]
[2025-06-28 05:29:54,169][flwr][INFO] - app_fit: metrics_centralized {'mse': [(0, tensor(115385.3438)), (1, tensor(47778.3320)), (2, tensor(43167.3555)), (3, tensor(43210.6289)), (4, tensor(43398.5312)), (5, tensor(42910.4844)), (6, tensor(43269.9688)), (7, tensor(42912.4062)), (8, tensor(42942.5312)), (9, tensor(42576.5625)), (10, tensor(42823.0078))]}
