[2025-06-27 09:04:32,772][flwr][INFO] - Starting Flower simulation, config: ServerConfig(num_rounds=10, round_timeout=None)
[2025-06-27 09:04:39,866][flwr][INFO] - Flower VCE: Ray initialized with resources: {'accelerator_type:G': 1.0, 'node:127.0.0.1': 1.0, 'node:__internal_head__': 1.0, 'CPU': 12.0, 'GPU': 1.0, 'memory': 3237762663.0, 'object_store_memory': 1618881331.0}
[2025-06-27 09:04:39,866][flwr][INFO] - Initializing global parameters
[2025-06-27 09:04:39,867][flwr][INFO] - Requesting initial parameters from one random client
[2025-06-27 09:04:43,952][flwr][INFO] - Received initial parameters from one random client
[2025-06-27 09:04:43,953][flwr][INFO] - Evaluating initial parameters
[2025-06-27 09:05:01,643][flwr][INFO] - initial parameters (loss, other metrics): 2573.672087516192, {'mse': tensor(82122.5781)}
[2025-06-27 09:05:01,648][flwr][INFO] - FL starting
[2025-06-27 09:05:01,649][flwr][DEBUG] - fit_round 1: strategy sampled 28 clients (out of 28)
[2025-06-27 09:08:56,851][flwr][DEBUG] - fit_round 1 received 28 results and 0 failures
[2025-06-27 09:08:56,871][flwr][WARNING] - No fit_metrics_aggregation_fn provided
[2025-06-27 09:09:09,038][flwr][INFO] - fit progress: (1, 1452.1612141083765, {'mse': tensor(46380.6797)}, 247.38902710000548)
[2025-06-27 09:09:09,063][flwr][INFO] - evaluate_round 1: no clients selected, cancel
[2025-06-27 09:09:09,063][flwr][DEBUG] - fit_round 2: strategy sampled 28 clients (out of 28)
[2025-06-27 09:11:06,466][flwr][DEBUG] - fit_round 2 received 28 results and 0 failures
[2025-06-27 09:11:18,794][flwr][INFO] - fit progress: (2, 1390.4833636927892, {'mse': tensor(44383.0430)}, 377.1462060000049)
[2025-06-27 09:11:18,795][flwr][INFO] - evaluate_round 2: no clients selected, cancel
[2025-06-27 09:11:18,795][flwr][DEBUG] - fit_round 3: strategy sampled 28 clients (out of 28)
[2025-06-27 09:13:17,616][flwr][DEBUG] - fit_round 3 received 28 results and 0 failures
[2025-06-27 09:13:30,437][flwr][INFO] - fit progress: (3, 1351.880328421848, {'mse': tensor(43167.0586)}, 508.7886093999987)
[2025-06-27 09:13:30,439][flwr][INFO] - evaluate_round 3: no clients selected, cancel
[2025-06-27 09:13:30,440][flwr][DEBUG] - fit_round 4: strategy sampled 28 clients (out of 28)
[2025-06-27 09:15:30,731][flwr][DEBUG] - fit_round 4 received 28 results and 0 failures
[2025-06-27 09:15:43,398][flwr][INFO] - fit progress: (4, 1345.8139194732298, {'mse': tensor(42973.1445)}, 641.7507783000037)
[2025-06-27 09:15:43,401][flwr][INFO] - evaluate_round 4: no clients selected, cancel
[2025-06-27 09:15:43,401][flwr][DEBUG] - fit_round 5: strategy sampled 28 clients (out of 28)
[2025-06-27 09:17:45,320][flwr][DEBUG] - fit_round 5 received 28 results and 0 failures
[2025-06-27 09:17:57,904][flwr][INFO] - fit progress: (5, 1381.92347730462, {'mse': tensor(44104.1445)}, 776.2309980999999)
[2025-06-27 09:17:57,905][flwr][INFO] - evaluate_round 5: no clients selected, cancel
[2025-06-27 09:17:57,906][flwr][DEBUG] - fit_round 6: strategy sampled 28 clients (out of 28)
[2025-06-27 09:19:58,554][flwr][DEBUG] - fit_round 6 received 28 results and 0 failures
[2025-06-27 09:20:11,352][flwr][INFO] - fit progress: (6, 1355.432350361615, {'mse': tensor(43266.8359)}, 909.6534289000047)
[2025-06-27 09:20:11,355][flwr][INFO] - evaluate_round 6: no clients selected, cancel
[2025-06-27 09:20:11,356][flwr][DEBUG] - fit_round 7: strategy sampled 28 clients (out of 28)
[2025-06-27 09:22:13,906][flwr][DEBUG] - fit_round 7 received 28 results and 0 failures
[2025-06-27 09:22:26,702][flwr][INFO] - fit progress: (7, 1326.5184103114204, {'mse': tensor(42359.6797)}, 1044.9746976000024)
[2025-06-27 09:22:26,706][flwr][INFO] - evaluate_round 7: no clients selected, cancel
[2025-06-27 09:22:26,706][flwr][DEBUG] - fit_round 8: strategy sampled 28 clients (out of 28)
[2025-06-27 09:24:30,676][flwr][DEBUG] - fit_round 8 received 28 results and 0 failures
[2025-06-27 09:24:43,473][flwr][INFO] - fit progress: (8, 1330.4214553648533, {'mse': tensor(42473.7617)}, 1181.7170671000058)
[2025-06-27 09:24:43,476][flwr][INFO] - evaluate_round 8: no clients selected, cancel
[2025-06-27 09:24:43,476][flwr][DEBUG] - fit_round 9: strategy sampled 28 clients (out of 28)
[2025-06-27 09:26:44,196][flwr][DEBUG] - fit_round 9 received 28 results and 0 failures
[2025-06-27 09:26:57,251][flwr][INFO] - fit progress: (9, 1321.3183890598013, {'mse': tensor(42191.8828)}, 1315.4678366000007)
[2025-06-27 09:26:57,254][flwr][INFO] - evaluate_round 9: no clients selected, cancel
[2025-06-27 09:26:57,254][flwr][DEBUG] - fit_round 10: strategy sampled 28 clients (out of 28)
[2025-06-27 09:29:15,796][flwr][DEBUG] - fit_round 10 received 28 results and 0 failures
[2025-06-27 09:29:30,206][flwr][INFO] - fit progress: (10, 1333.4088912726684, {'mse': tensor(42566.1484)}, 1468.3905605000036)
[2025-06-27 09:29:30,209][flwr][INFO] - evaluate_round 10: no clients selected, cancel
[2025-06-27 09:29:30,209][flwr][INFO] - FL finished in 1468.3927315000037
[2025-06-27 09:29:30,209][flwr][INFO] - app_fit: losses_distributed []
[2025-06-27 09:29:30,209][flwr][INFO] - app_fit: metrics_distributed_fit {}
[2025-06-27 09:29:30,209][flwr][INFO] - app_fit: metrics_distributed {}
[2025-06-27 09:29:30,211][flwr][INFO] - app_fit: losses_centralized [(0, 2573.672087516192), (1, 1452.1612141083765), (2, 1390.4833636927892), (3, 1351.880328421848), (4, 1345.8139194732298), (5, 1381.92347730462), (6, 1355.432350361615), (7, 1326.5184103114204), (8, 1330.4214553648533), (9, 1321.3183890598013), (10, 1333.4088912726684)]
[2025-06-27 09:29:30,213][flwr][INFO] - app_fit: metrics_centralized {'mse': [(0, tensor(82122.5781)), (1, tensor(46380.6797)), (2, tensor(44383.0430)), (3, tensor(43167.0586)), (4, tensor(42973.1445)), (5, tensor(44104.1445)), (6, tensor(43266.8359)), (7, tensor(42359.6797)), (8, tensor(42473.7617)), (9, tensor(42191.8828)), (10, tensor(42566.1484))]}
