[2025-06-27 07:30:28,592][flwr][INFO] - Starting Flower simulation, config: ServerConfig(num_rounds=10, round_timeout=None)
[2025-06-27 07:30:37,415][flwr][INFO] - Flower VCE: Ray initialized with resources: {'node:__internal_head__': 1.0, 'object_store_memory': 1323212390.0, 'node:127.0.0.1': 1.0, 'CPU': 12.0, 'accelerator_type:G': 1.0, 'GPU': 1.0, 'memory': 2646424782.0}
[2025-06-27 07:30:37,415][flwr][INFO] - Initializing global parameters
[2025-06-27 07:30:37,415][flwr][INFO] - Requesting initial parameters from one random client
[2025-06-27 07:30:41,704][flwr][INFO] - Received initial parameters from one random client
[2025-06-27 07:30:41,706][flwr][INFO] - Evaluating initial parameters
[2025-06-27 07:30:56,034][flwr][INFO] - initial parameters (loss, other metrics): 1901.141281607567, {'mse': tensor(60699.2812)}
[2025-06-27 07:30:56,049][flwr][INFO] - FL starting
[2025-06-27 07:30:56,049][flwr][DEBUG] - fit_round 1: strategy sampled 28 clients (out of 28)
[2025-06-27 07:33:00,770][flwr][DEBUG] - fit_round 1 received 28 results and 0 failures
[2025-06-27 07:33:00,818][flwr][WARNING] - No fit_metrics_aggregation_fn provided
[2025-06-27 07:33:12,961][flwr][INFO] - fit progress: (1, 1947.3763683681454, {'mse': tensor(62177.8242)}, 136.91248389999964)
[2025-06-27 07:33:12,977][flwr][INFO] - evaluate_round 1: no clients selected, cancel
[2025-06-27 07:33:12,979][flwr][DEBUG] - fit_round 2: strategy sampled 28 clients (out of 28)
[2025-06-27 07:34:54,512][flwr][DEBUG] - fit_round 2 received 28 results and 0 failures
[2025-06-27 07:35:06,266][flwr][INFO] - fit progress: (2, 1370.1710934126727, {'mse': tensor(43749.9492)}, 250.21621839999716)
[2025-06-27 07:35:06,272][flwr][INFO] - evaluate_round 2: no clients selected, cancel
[2025-06-27 07:35:06,272][flwr][DEBUG] - fit_round 3: strategy sampled 28 clients (out of 28)
[2025-06-27 07:36:47,111][flwr][DEBUG] - fit_round 3 received 28 results and 0 failures
[2025-06-27 07:36:58,720][flwr][INFO] - fit progress: (3, 1367.6933404846718, {'mse': tensor(43672.7031)}, 362.6709264000019)
[2025-06-27 07:36:58,722][flwr][INFO] - evaluate_round 3: no clients selected, cancel
[2025-06-27 07:36:58,722][flwr][DEBUG] - fit_round 4: strategy sampled 28 clients (out of 28)
[2025-06-27 07:38:41,590][flwr][DEBUG] - fit_round 4 received 28 results and 0 failures
[2025-06-27 07:38:54,005][flwr][INFO] - fit progress: (4, 1367.924663347366, {'mse': tensor(43680.7500)}, 477.95589469999686)
[2025-06-27 07:38:54,007][flwr][INFO] - evaluate_round 4: no clients selected, cancel
[2025-06-27 07:38:54,008][flwr][DEBUG] - fit_round 5: strategy sampled 28 clients (out of 28)
[2025-06-27 07:40:36,214][flwr][DEBUG] - fit_round 5 received 28 results and 0 failures
[2025-06-27 07:40:48,258][flwr][INFO] - fit progress: (5, 1353.0775522182641, {'mse': tensor(43210.6758)}, 592.2091261000023)
[2025-06-27 07:40:48,260][flwr][INFO] - evaluate_round 5: no clients selected, cancel
[2025-06-27 07:40:48,261][flwr][DEBUG] - fit_round 6: strategy sampled 28 clients (out of 28)
[2025-06-27 07:42:28,037][flwr][DEBUG] - fit_round 6 received 28 results and 0 failures
[2025-06-27 07:42:40,669][flwr][INFO] - fit progress: (6, 1360.084142244171, {'mse': tensor(43431.4453)}, 704.6195567999966)
[2025-06-27 07:42:40,672][flwr][INFO] - evaluate_round 6: no clients selected, cancel
[2025-06-27 07:42:40,672][flwr][DEBUG] - fit_round 7: strategy sampled 28 clients (out of 28)
[2025-06-27 07:44:26,731][flwr][DEBUG] - fit_round 7 received 28 results and 0 failures
[2025-06-27 07:44:39,586][flwr][INFO] - fit progress: (7, 1352.7104999865069, {'mse': tensor(43194.4336)}, 823.5370148000002)
[2025-06-27 07:44:39,588][flwr][INFO] - evaluate_round 7: no clients selected, cancel
[2025-06-27 07:44:39,589][flwr][DEBUG] - fit_round 8: strategy sampled 28 clients (out of 28)
[2025-06-27 07:46:37,421][flwr][DEBUG] - fit_round 8 received 28 results and 0 failures
[2025-06-27 07:46:50,140][flwr][INFO] - fit progress: (8, 1365.7998657437392, {'mse': tensor(43605.3242)}, 954.091351199997)
[2025-06-27 07:46:50,145][flwr][INFO] - evaluate_round 8: no clients selected, cancel
[2025-06-27 07:46:50,146][flwr][DEBUG] - fit_round 9: strategy sampled 28 clients (out of 28)
[2025-06-27 07:48:34,315][flwr][DEBUG] - fit_round 9 received 28 results and 0 failures
[2025-06-27 07:48:46,572][flwr][INFO] - fit progress: (9, 1358.814336072431, {'mse': tensor(43396.3633)}, 1070.5227623999963)
[2025-06-27 07:48:46,573][flwr][INFO] - evaluate_round 9: no clients selected, cancel
[2025-06-27 07:48:46,575][flwr][DEBUG] - fit_round 10: strategy sampled 28 clients (out of 28)
[2025-06-27 07:50:31,439][flwr][DEBUG] - fit_round 10 received 28 results and 0 failures
[2025-06-27 07:50:44,461][flwr][INFO] - fit progress: (10, 1360.0677036107513, {'mse': tensor(43423.7383)}, 1188.4118155999968)
[2025-06-27 07:50:44,464][flwr][INFO] - evaluate_round 10: no clients selected, cancel
[2025-06-27 07:50:44,464][flwr][INFO] - FL finished in 1188.4147872999965
[2025-06-27 07:50:44,475][flwr][INFO] - app_fit: losses_distributed []
[2025-06-27 07:50:44,476][flwr][INFO] - app_fit: metrics_distributed_fit {}
[2025-06-27 07:50:44,478][flwr][INFO] - app_fit: metrics_distributed {}
[2025-06-27 07:50:44,478][flwr][INFO] - app_fit: losses_centralized [(0, 1901.141281607567), (1, 1947.3763683681454), (2, 1370.1710934126727), (3, 1367.6933404846718), (4, 1367.924663347366), (5, 1353.0775522182641), (6, 1360.084142244171), (7, 1352.7104999865069), (8, 1365.7998657437392), (9, 1358.814336072431), (10, 1360.0677036107513)]
[2025-06-27 07:50:44,483][flwr][INFO] - app_fit: metrics_centralized {'mse': [(0, tensor(60699.2812)), (1, tensor(62177.8242)), (2, tensor(43749.9492)), (3, tensor(43672.7031)), (4, tensor(43680.7500)), (5, tensor(43210.6758)), (6, tensor(43431.4453)), (7, tensor(43194.4336)), (8, tensor(43605.3242)), (9, tensor(43396.3633)), (10, tensor(43423.7383))]}
