[2025-06-26 18:14:10,106][flwr][INFO] - Starting Flower simulation, config: ServerConfig(num_rounds=10, round_timeout=None)
[2025-06-26 18:14:17,366][flwr][INFO] - Flower VCE: Ray initialized with resources: {'node:127.0.0.1': 1.0, 'CPU': 12.0, 'object_store_memory': 1818939801.0, 'GPU': 1.0, 'node:__internal_head__': 1.0, 'memory': 3637879604.0, 'accelerator_type:G': 1.0}
[2025-06-26 18:14:17,367][flwr][INFO] - Initializing global parameters
[2025-06-26 18:14:17,367][flwr][INFO] - Requesting initial parameters from one random client
[2025-06-26 18:14:21,389][flwr][INFO] - Received initial parameters from one random client
[2025-06-26 18:14:21,389][flwr][INFO] - Evaluating initial parameters
[2025-06-26 18:14:33,007][flwr][INFO] - initial parameters (loss, other metrics): 1414.7007394214163, {'mse': tensor(45184.7773)}
[2025-06-26 18:14:33,020][flwr][INFO] - FL starting
[2025-06-26 18:14:33,023][flwr][DEBUG] - fit_round 1: strategy sampled 28 clients (out of 28)
[2025-06-26 18:15:11,684][flwr][ERROR] - [36mray::launch_and_fit()[39m (pid=16348, ip=127.0.0.1)
  File "C:\Users\PC\Desktop\Codigo-Aplicacion-de-Aprendizaje-Federado\.venv\lib\site-packages\torchmetrics\regression\mse.py", line 105, in update
    self.sum_squared_error += sum_squared_error
RuntimeError: Expected all tensors to be on the same device, but found at least two devices, cuda:0 and cpu!

The above exception was the direct cause of the following exception:

[36mray::launch_and_fit()[39m (pid=16348, ip=127.0.0.1)
  File "python\ray\_raylet.pyx", line 1890, in ray._raylet.execute_task
  File "python\ray\_raylet.pyx", line 1991, in ray._raylet.execute_task
  File "python\ray\_raylet.pyx", line 1896, in ray._raylet.execute_task
  File "C:\Users\PC\Desktop\Codigo-Aplicacion-de-Aprendizaje-Federado\.venv\lib\site-packages\flwr\simulation\ray_transport\ray_client_proxy.py", line 148, in launch_and_fit
    return maybe_call_fit(
  File "C:\Users\PC\Desktop\Codigo-Aplicacion-de-Aprendizaje-Federado\.venv\lib\site-packages\flwr\client\client.py", line 184, in maybe_call_fit
    return client.fit(fit_ins)
  File "C:\Users\PC\Desktop\Codigo-Aplicacion-de-Aprendizaje-Federado\hfedxgboost\hfedxgboost\client.py", line 242, in fit
    train_loss, train_result, num_examples = self.train(
  File "C:\Users\PC\Desktop\Codigo-Aplicacion-de-Aprendizaje-Federado\hfedxgboost\hfedxgboost\client.py", line 125, in train
    loss, metric_val, n_samples = self.train_one_loop(
  File "C:\Users\PC\Desktop\Codigo-Aplicacion-de-Aprendizaje-Federado\hfedxgboost\hfedxgboost\client.py", line 79, in train_one_loop
    metric_val = metric_fn(outputs, labels.type(torch.int))
  File "C:\Users\PC\Desktop\Codigo-Aplicacion-de-Aprendizaje-Federado\.venv\lib\site-packages\torch\nn\modules\module.py", line 1751, in _wrapped_call_impl
    return self._call_impl(*args, **kwargs)
  File "C:\Users\PC\Desktop\Codigo-Aplicacion-de-Aprendizaje-Federado\.venv\lib\site-packages\torch\nn\modules\module.py", line 1762, in _call_impl
    return forward_call(*args, **kwargs)
  File "C:\Users\PC\Desktop\Codigo-Aplicacion-de-Aprendizaje-Federado\.venv\lib\site-packages\torchmetrics\metric.py", line 315, in forward
    self._forward_cache = self._forward_reduce_state_update(*args, **kwargs)
  File "C:\Users\PC\Desktop\Codigo-Aplicacion-de-Aprendizaje-Federado\.venv\lib\site-packages\torchmetrics\metric.py", line 384, in _forward_reduce_state_update
    self.update(*args, **kwargs)
  File "C:\Users\PC\Desktop\Codigo-Aplicacion-de-Aprendizaje-Federado\.venv\lib\site-packages\torchmetrics\metric.py", line 552, in wrapped_func
    raise RuntimeError(
RuntimeError: Encountered different devices in metric calculation (see stacktrace for details). This could be due to the metric class not being on the same device as input. Instead of `metric=MeanSquaredError(...)` try to do `metric=MeanSquaredError(...).to(device)` where device corresponds to the device of the input.
[2025-06-26 18:15:12,600][flwr][ERROR] - [36mray::launch_and_fit()[39m (pid=6888, ip=127.0.0.1)
  File "C:\Users\PC\Desktop\Codigo-Aplicacion-de-Aprendizaje-Federado\.venv\lib\site-packages\torchmetrics\regression\mse.py", line 105, in update
    self.sum_squared_error += sum_squared_error
RuntimeError: Expected all tensors to be on the same device, but found at least two devices, cuda:0 and cpu!

The above exception was the direct cause of the following exception:

[36mray::launch_and_fit()[39m (pid=6888, ip=127.0.0.1)
  File "python\ray\_raylet.pyx", line 1890, in ray._raylet.execute_task
  File "python\ray\_raylet.pyx", line 1991, in ray._raylet.execute_task
  File "python\ray\_raylet.pyx", line 1896, in ray._raylet.execute_task
  File "C:\Users\PC\Desktop\Codigo-Aplicacion-de-Aprendizaje-Federado\.venv\lib\site-packages\flwr\simulation\ray_transport\ray_client_proxy.py", line 148, in launch_and_fit
    return maybe_call_fit(
  File "C:\Users\PC\Desktop\Codigo-Aplicacion-de-Aprendizaje-Federado\.venv\lib\site-packages\flwr\client\client.py", line 184, in maybe_call_fit
    return client.fit(fit_ins)
  File "C:\Users\PC\Desktop\Codigo-Aplicacion-de-Aprendizaje-Federado\hfedxgboost\hfedxgboost\client.py", line 242, in fit
    train_loss, train_result, num_examples = self.train(
  File "C:\Users\PC\Desktop\Codigo-Aplicacion-de-Aprendizaje-Federado\hfedxgboost\hfedxgboost\client.py", line 125, in train
    loss, metric_val, n_samples = self.train_one_loop(
  File "C:\Users\PC\Desktop\Codigo-Aplicacion-de-Aprendizaje-Federado\hfedxgboost\hfedxgboost\client.py", line 79, in train_one_loop
    metric_val = metric_fn(outputs, labels.type(torch.int))
  File "C:\Users\PC\Desktop\Codigo-Aplicacion-de-Aprendizaje-Federado\.venv\lib\site-packages\torch\nn\modules\module.py", line 1751, in _wrapped_call_impl
    return self._call_impl(*args, **kwargs)
  File "C:\Users\PC\Desktop\Codigo-Aplicacion-de-Aprendizaje-Federado\.venv\lib\site-packages\torch\nn\modules\module.py", line 1762, in _call_impl
    return forward_call(*args, **kwargs)
  File "C:\Users\PC\Desktop\Codigo-Aplicacion-de-Aprendizaje-Federado\.venv\lib\site-packages\torchmetrics\metric.py", line 315, in forward
    self._forward_cache = self._forward_reduce_state_update(*args, **kwargs)
  File "C:\Users\PC\Desktop\Codigo-Aplicacion-de-Aprendizaje-Federado\.venv\lib\site-packages\torchmetrics\metric.py", line 384, in _forward_reduce_state_update
    self.update(*args, **kwargs)
  File "C:\Users\PC\Desktop\Codigo-Aplicacion-de-Aprendizaje-Federado\.venv\lib\site-packages\torchmetrics\metric.py", line 552, in wrapped_func
    raise RuntimeError(
RuntimeError: Encountered different devices in metric calculation (see stacktrace for details). This could be due to the metric class not being on the same device as input. Instead of `metric=MeanSquaredError(...)` try to do `metric=MeanSquaredError(...).to(device)` where device corresponds to the device of the input.
[2025-06-26 18:15:13,157][flwr][ERROR] - [36mray::launch_and_fit()[39m (pid=25688, ip=127.0.0.1)
  File "C:\Users\PC\Desktop\Codigo-Aplicacion-de-Aprendizaje-Federado\.venv\lib\site-packages\torchmetrics\regression\mse.py", line 105, in update
    self.sum_squared_error += sum_squared_error
RuntimeError: Expected all tensors to be on the same device, but found at least two devices, cuda:0 and cpu!

The above exception was the direct cause of the following exception:

[36mray::launch_and_fit()[39m (pid=25688, ip=127.0.0.1)
  File "python\ray\_raylet.pyx", line 1890, in ray._raylet.execute_task
  File "python\ray\_raylet.pyx", line 1991, in ray._raylet.execute_task
  File "python\ray\_raylet.pyx", line 1896, in ray._raylet.execute_task
  File "C:\Users\PC\Desktop\Codigo-Aplicacion-de-Aprendizaje-Federado\.venv\lib\site-packages\flwr\simulation\ray_transport\ray_client_proxy.py", line 148, in launch_and_fit
    return maybe_call_fit(
  File "C:\Users\PC\Desktop\Codigo-Aplicacion-de-Aprendizaje-Federado\.venv\lib\site-packages\flwr\client\client.py", line 184, in maybe_call_fit
    return client.fit(fit_ins)
  File "C:\Users\PC\Desktop\Codigo-Aplicacion-de-Aprendizaje-Federado\hfedxgboost\hfedxgboost\client.py", line 242, in fit
    train_loss, train_result, num_examples = self.train(
  File "C:\Users\PC\Desktop\Codigo-Aplicacion-de-Aprendizaje-Federado\hfedxgboost\hfedxgboost\client.py", line 125, in train
    loss, metric_val, n_samples = self.train_one_loop(
  File "C:\Users\PC\Desktop\Codigo-Aplicacion-de-Aprendizaje-Federado\hfedxgboost\hfedxgboost\client.py", line 79, in train_one_loop
    metric_val = metric_fn(outputs, labels.type(torch.int))
  File "C:\Users\PC\Desktop\Codigo-Aplicacion-de-Aprendizaje-Federado\.venv\lib\site-packages\torch\nn\modules\module.py", line 1751, in _wrapped_call_impl
    return self._call_impl(*args, **kwargs)
  File "C:\Users\PC\Desktop\Codigo-Aplicacion-de-Aprendizaje-Federado\.venv\lib\site-packages\torch\nn\modules\module.py", line 1762, in _call_impl
    return forward_call(*args, **kwargs)
  File "C:\Users\PC\Desktop\Codigo-Aplicacion-de-Aprendizaje-Federado\.venv\lib\site-packages\torchmetrics\metric.py", line 315, in forward
    self._forward_cache = self._forward_reduce_state_update(*args, **kwargs)
  File "C:\Users\PC\Desktop\Codigo-Aplicacion-de-Aprendizaje-Federado\.venv\lib\site-packages\torchmetrics\metric.py", line 384, in _forward_reduce_state_update
    self.update(*args, **kwargs)
  File "C:\Users\PC\Desktop\Codigo-Aplicacion-de-Aprendizaje-Federado\.venv\lib\site-packages\torchmetrics\metric.py", line 552, in wrapped_func
    raise RuntimeError(
RuntimeError: Encountered different devices in metric calculation (see stacktrace for details). This could be due to the metric class not being on the same device as input. Instead of `metric=MeanSquaredError(...)` try to do `metric=MeanSquaredError(...).to(device)` where device corresponds to the device of the input.
[2025-06-26 18:15:20,947][flwr][ERROR] - [36mray::launch_and_fit()[39m (pid=2176, ip=127.0.0.1)
  File "C:\Users\PC\Desktop\Codigo-Aplicacion-de-Aprendizaje-Federado\.venv\lib\site-packages\torchmetrics\regression\mse.py", line 105, in update
    self.sum_squared_error += sum_squared_error
RuntimeError: Expected all tensors to be on the same device, but found at least two devices, cuda:0 and cpu!

The above exception was the direct cause of the following exception:

[36mray::launch_and_fit()[39m (pid=2176, ip=127.0.0.1)
  File "python\ray\_raylet.pyx", line 1890, in ray._raylet.execute_task
  File "python\ray\_raylet.pyx", line 1991, in ray._raylet.execute_task
  File "python\ray\_raylet.pyx", line 1896, in ray._raylet.execute_task
  File "C:\Users\PC\Desktop\Codigo-Aplicacion-de-Aprendizaje-Federado\.venv\lib\site-packages\flwr\simulation\ray_transport\ray_client_proxy.py", line 148, in launch_and_fit
    return maybe_call_fit(
  File "C:\Users\PC\Desktop\Codigo-Aplicacion-de-Aprendizaje-Federado\.venv\lib\site-packages\flwr\client\client.py", line 184, in maybe_call_fit
    return client.fit(fit_ins)
  File "C:\Users\PC\Desktop\Codigo-Aplicacion-de-Aprendizaje-Federado\hfedxgboost\hfedxgboost\client.py", line 242, in fit
    train_loss, train_result, num_examples = self.train(
  File "C:\Users\PC\Desktop\Codigo-Aplicacion-de-Aprendizaje-Federado\hfedxgboost\hfedxgboost\client.py", line 125, in train
    loss, metric_val, n_samples = self.train_one_loop(
  File "C:\Users\PC\Desktop\Codigo-Aplicacion-de-Aprendizaje-Federado\hfedxgboost\hfedxgboost\client.py", line 79, in train_one_loop
    metric_val = metric_fn(outputs, labels.type(torch.int))
  File "C:\Users\PC\Desktop\Codigo-Aplicacion-de-Aprendizaje-Federado\.venv\lib\site-packages\torch\nn\modules\module.py", line 1751, in _wrapped_call_impl
    return self._call_impl(*args, **kwargs)
  File "C:\Users\PC\Desktop\Codigo-Aplicacion-de-Aprendizaje-Federado\.venv\lib\site-packages\torch\nn\modules\module.py", line 1762, in _call_impl
    return forward_call(*args, **kwargs)
  File "C:\Users\PC\Desktop\Codigo-Aplicacion-de-Aprendizaje-Federado\.venv\lib\site-packages\torchmetrics\metric.py", line 315, in forward
    self._forward_cache = self._forward_reduce_state_update(*args, **kwargs)
  File "C:\Users\PC\Desktop\Codigo-Aplicacion-de-Aprendizaje-Federado\.venv\lib\site-packages\torchmetrics\metric.py", line 384, in _forward_reduce_state_update
    self.update(*args, **kwargs)
  File "C:\Users\PC\Desktop\Codigo-Aplicacion-de-Aprendizaje-Federado\.venv\lib\site-packages\torchmetrics\metric.py", line 552, in wrapped_func
    raise RuntimeError(
RuntimeError: Encountered different devices in metric calculation (see stacktrace for details). This could be due to the metric class not being on the same device as input. Instead of `metric=MeanSquaredError(...)` try to do `metric=MeanSquaredError(...).to(device)` where device corresponds to the device of the input.
[2025-06-26 18:15:21,022][flwr][ERROR] - [36mray::launch_and_fit()[39m (pid=9132, ip=127.0.0.1)
  File "C:\Users\PC\Desktop\Codigo-Aplicacion-de-Aprendizaje-Federado\.venv\lib\site-packages\torchmetrics\regression\mse.py", line 105, in update
    self.sum_squared_error += sum_squared_error
RuntimeError: Expected all tensors to be on the same device, but found at least two devices, cuda:0 and cpu!

The above exception was the direct cause of the following exception:

[36mray::launch_and_fit()[39m (pid=9132, ip=127.0.0.1)
  File "python\ray\_raylet.pyx", line 1890, in ray._raylet.execute_task
  File "python\ray\_raylet.pyx", line 1991, in ray._raylet.execute_task
  File "python\ray\_raylet.pyx", line 1896, in ray._raylet.execute_task
  File "C:\Users\PC\Desktop\Codigo-Aplicacion-de-Aprendizaje-Federado\.venv\lib\site-packages\flwr\simulation\ray_transport\ray_client_proxy.py", line 148, in launch_and_fit
    return maybe_call_fit(
  File "C:\Users\PC\Desktop\Codigo-Aplicacion-de-Aprendizaje-Federado\.venv\lib\site-packages\flwr\client\client.py", line 184, in maybe_call_fit
    return client.fit(fit_ins)
  File "C:\Users\PC\Desktop\Codigo-Aplicacion-de-Aprendizaje-Federado\hfedxgboost\hfedxgboost\client.py", line 242, in fit
    train_loss, train_result, num_examples = self.train(
  File "C:\Users\PC\Desktop\Codigo-Aplicacion-de-Aprendizaje-Federado\hfedxgboost\hfedxgboost\client.py", line 125, in train
    loss, metric_val, n_samples = self.train_one_loop(
  File "C:\Users\PC\Desktop\Codigo-Aplicacion-de-Aprendizaje-Federado\hfedxgboost\hfedxgboost\client.py", line 79, in train_one_loop
    metric_val = metric_fn(outputs, labels.type(torch.int))
  File "C:\Users\PC\Desktop\Codigo-Aplicacion-de-Aprendizaje-Federado\.venv\lib\site-packages\torch\nn\modules\module.py", line 1751, in _wrapped_call_impl
    return self._call_impl(*args, **kwargs)
  File "C:\Users\PC\Desktop\Codigo-Aplicacion-de-Aprendizaje-Federado\.venv\lib\site-packages\torch\nn\modules\module.py", line 1762, in _call_impl
    return forward_call(*args, **kwargs)
  File "C:\Users\PC\Desktop\Codigo-Aplicacion-de-Aprendizaje-Federado\.venv\lib\site-packages\torchmetrics\metric.py", line 315, in forward
    self._forward_cache = self._forward_reduce_state_update(*args, **kwargs)
  File "C:\Users\PC\Desktop\Codigo-Aplicacion-de-Aprendizaje-Federado\.venv\lib\site-packages\torchmetrics\metric.py", line 384, in _forward_reduce_state_update
    self.update(*args, **kwargs)
  File "C:\Users\PC\Desktop\Codigo-Aplicacion-de-Aprendizaje-Federado\.venv\lib\site-packages\torchmetrics\metric.py", line 552, in wrapped_func
    raise RuntimeError(
RuntimeError: Encountered different devices in metric calculation (see stacktrace for details). This could be due to the metric class not being on the same device as input. Instead of `metric=MeanSquaredError(...)` try to do `metric=MeanSquaredError(...).to(device)` where device corresponds to the device of the input.
[2025-06-26 18:15:22,030][flwr][ERROR] - [36mray::launch_and_fit()[39m (pid=8480, ip=127.0.0.1)
  File "C:\Users\PC\Desktop\Codigo-Aplicacion-de-Aprendizaje-Federado\.venv\lib\site-packages\torchmetrics\regression\mse.py", line 105, in update
    self.sum_squared_error += sum_squared_error
RuntimeError: Expected all tensors to be on the same device, but found at least two devices, cuda:0 and cpu!

The above exception was the direct cause of the following exception:

[36mray::launch_and_fit()[39m (pid=8480, ip=127.0.0.1)
  File "python\ray\_raylet.pyx", line 1890, in ray._raylet.execute_task
  File "python\ray\_raylet.pyx", line 1991, in ray._raylet.execute_task
  File "python\ray\_raylet.pyx", line 1896, in ray._raylet.execute_task
  File "C:\Users\PC\Desktop\Codigo-Aplicacion-de-Aprendizaje-Federado\.venv\lib\site-packages\flwr\simulation\ray_transport\ray_client_proxy.py", line 148, in launch_and_fit
    return maybe_call_fit(
  File "C:\Users\PC\Desktop\Codigo-Aplicacion-de-Aprendizaje-Federado\.venv\lib\site-packages\flwr\client\client.py", line 184, in maybe_call_fit
    return client.fit(fit_ins)
  File "C:\Users\PC\Desktop\Codigo-Aplicacion-de-Aprendizaje-Federado\hfedxgboost\hfedxgboost\client.py", line 242, in fit
    train_loss, train_result, num_examples = self.train(
  File "C:\Users\PC\Desktop\Codigo-Aplicacion-de-Aprendizaje-Federado\hfedxgboost\hfedxgboost\client.py", line 125, in train
    loss, metric_val, n_samples = self.train_one_loop(
  File "C:\Users\PC\Desktop\Codigo-Aplicacion-de-Aprendizaje-Federado\hfedxgboost\hfedxgboost\client.py", line 79, in train_one_loop
    metric_val = metric_fn(outputs, labels.type(torch.int))
  File "C:\Users\PC\Desktop\Codigo-Aplicacion-de-Aprendizaje-Federado\.venv\lib\site-packages\torch\nn\modules\module.py", line 1751, in _wrapped_call_impl
    return self._call_impl(*args, **kwargs)
  File "C:\Users\PC\Desktop\Codigo-Aplicacion-de-Aprendizaje-Federado\.venv\lib\site-packages\torch\nn\modules\module.py", line 1762, in _call_impl
    return forward_call(*args, **kwargs)
  File "C:\Users\PC\Desktop\Codigo-Aplicacion-de-Aprendizaje-Federado\.venv\lib\site-packages\torchmetrics\metric.py", line 315, in forward
    self._forward_cache = self._forward_reduce_state_update(*args, **kwargs)
  File "C:\Users\PC\Desktop\Codigo-Aplicacion-de-Aprendizaje-Federado\.venv\lib\site-packages\torchmetrics\metric.py", line 384, in _forward_reduce_state_update
    self.update(*args, **kwargs)
  File "C:\Users\PC\Desktop\Codigo-Aplicacion-de-Aprendizaje-Federado\.venv\lib\site-packages\torchmetrics\metric.py", line 552, in wrapped_func
    raise RuntimeError(
RuntimeError: Encountered different devices in metric calculation (see stacktrace for details). This could be due to the metric class not being on the same device as input. Instead of `metric=MeanSquaredError(...)` try to do `metric=MeanSquaredError(...).to(device)` where device corresponds to the device of the input.
[2025-06-26 18:15:24,727][flwr][ERROR] - [36mray::launch_and_fit()[39m (pid=15560, ip=127.0.0.1)
  File "C:\Users\PC\Desktop\Codigo-Aplicacion-de-Aprendizaje-Federado\.venv\lib\site-packages\torchmetrics\regression\mse.py", line 105, in update
    self.sum_squared_error += sum_squared_error
RuntimeError: Expected all tensors to be on the same device, but found at least two devices, cuda:0 and cpu!

The above exception was the direct cause of the following exception:

[36mray::launch_and_fit()[39m (pid=15560, ip=127.0.0.1)
  File "python\ray\_raylet.pyx", line 1890, in ray._raylet.execute_task
  File "python\ray\_raylet.pyx", line 1991, in ray._raylet.execute_task
  File "python\ray\_raylet.pyx", line 1896, in ray._raylet.execute_task
  File "C:\Users\PC\Desktop\Codigo-Aplicacion-de-Aprendizaje-Federado\.venv\lib\site-packages\flwr\simulation\ray_transport\ray_client_proxy.py", line 148, in launch_and_fit
    return maybe_call_fit(
  File "C:\Users\PC\Desktop\Codigo-Aplicacion-de-Aprendizaje-Federado\.venv\lib\site-packages\flwr\client\client.py", line 184, in maybe_call_fit
    return client.fit(fit_ins)
  File "C:\Users\PC\Desktop\Codigo-Aplicacion-de-Aprendizaje-Federado\hfedxgboost\hfedxgboost\client.py", line 242, in fit
    train_loss, train_result, num_examples = self.train(
  File "C:\Users\PC\Desktop\Codigo-Aplicacion-de-Aprendizaje-Federado\hfedxgboost\hfedxgboost\client.py", line 125, in train
    loss, metric_val, n_samples = self.train_one_loop(
  File "C:\Users\PC\Desktop\Codigo-Aplicacion-de-Aprendizaje-Federado\hfedxgboost\hfedxgboost\client.py", line 79, in train_one_loop
    metric_val = metric_fn(outputs, labels.type(torch.int))
  File "C:\Users\PC\Desktop\Codigo-Aplicacion-de-Aprendizaje-Federado\.venv\lib\site-packages\torch\nn\modules\module.py", line 1751, in _wrapped_call_impl
    return self._call_impl(*args, **kwargs)
  File "C:\Users\PC\Desktop\Codigo-Aplicacion-de-Aprendizaje-Federado\.venv\lib\site-packages\torch\nn\modules\module.py", line 1762, in _call_impl
    return forward_call(*args, **kwargs)
  File "C:\Users\PC\Desktop\Codigo-Aplicacion-de-Aprendizaje-Federado\.venv\lib\site-packages\torchmetrics\metric.py", line 315, in forward
    self._forward_cache = self._forward_reduce_state_update(*args, **kwargs)
  File "C:\Users\PC\Desktop\Codigo-Aplicacion-de-Aprendizaje-Federado\.venv\lib\site-packages\torchmetrics\metric.py", line 384, in _forward_reduce_state_update
    self.update(*args, **kwargs)
  File "C:\Users\PC\Desktop\Codigo-Aplicacion-de-Aprendizaje-Federado\.venv\lib\site-packages\torchmetrics\metric.py", line 552, in wrapped_func
    raise RuntimeError(
RuntimeError: Encountered different devices in metric calculation (see stacktrace for details). This could be due to the metric class not being on the same device as input. Instead of `metric=MeanSquaredError(...)` try to do `metric=MeanSquaredError(...).to(device)` where device corresponds to the device of the input.
[2025-06-26 18:15:24,880][flwr][ERROR] - [36mray::launch_and_fit()[39m (pid=27308, ip=127.0.0.1)
  File "C:\Users\PC\Desktop\Codigo-Aplicacion-de-Aprendizaje-Federado\.venv\lib\site-packages\torchmetrics\regression\mse.py", line 105, in update
    self.sum_squared_error += sum_squared_error
RuntimeError: Expected all tensors to be on the same device, but found at least two devices, cuda:0 and cpu!

The above exception was the direct cause of the following exception:

[36mray::launch_and_fit()[39m (pid=27308, ip=127.0.0.1)
  File "python\ray\_raylet.pyx", line 1890, in ray._raylet.execute_task
  File "python\ray\_raylet.pyx", line 1991, in ray._raylet.execute_task
  File "python\ray\_raylet.pyx", line 1896, in ray._raylet.execute_task
  File "C:\Users\PC\Desktop\Codigo-Aplicacion-de-Aprendizaje-Federado\.venv\lib\site-packages\flwr\simulation\ray_transport\ray_client_proxy.py", line 148, in launch_and_fit
    return maybe_call_fit(
  File "C:\Users\PC\Desktop\Codigo-Aplicacion-de-Aprendizaje-Federado\.venv\lib\site-packages\flwr\client\client.py", line 184, in maybe_call_fit
    return client.fit(fit_ins)
  File "C:\Users\PC\Desktop\Codigo-Aplicacion-de-Aprendizaje-Federado\hfedxgboost\hfedxgboost\client.py", line 242, in fit
    train_loss, train_result, num_examples = self.train(
  File "C:\Users\PC\Desktop\Codigo-Aplicacion-de-Aprendizaje-Federado\hfedxgboost\hfedxgboost\client.py", line 125, in train
    loss, metric_val, n_samples = self.train_one_loop(
  File "C:\Users\PC\Desktop\Codigo-Aplicacion-de-Aprendizaje-Federado\hfedxgboost\hfedxgboost\client.py", line 79, in train_one_loop
    metric_val = metric_fn(outputs, labels.type(torch.int))
  File "C:\Users\PC\Desktop\Codigo-Aplicacion-de-Aprendizaje-Federado\.venv\lib\site-packages\torch\nn\modules\module.py", line 1751, in _wrapped_call_impl
    return self._call_impl(*args, **kwargs)
  File "C:\Users\PC\Desktop\Codigo-Aplicacion-de-Aprendizaje-Federado\.venv\lib\site-packages\torch\nn\modules\module.py", line 1762, in _call_impl
    return forward_call(*args, **kwargs)
  File "C:\Users\PC\Desktop\Codigo-Aplicacion-de-Aprendizaje-Federado\.venv\lib\site-packages\torchmetrics\metric.py", line 315, in forward
    self._forward_cache = self._forward_reduce_state_update(*args, **kwargs)
  File "C:\Users\PC\Desktop\Codigo-Aplicacion-de-Aprendizaje-Federado\.venv\lib\site-packages\torchmetrics\metric.py", line 384, in _forward_reduce_state_update
    self.update(*args, **kwargs)
  File "C:\Users\PC\Desktop\Codigo-Aplicacion-de-Aprendizaje-Federado\.venv\lib\site-packages\torchmetrics\metric.py", line 552, in wrapped_func
    raise RuntimeError(
RuntimeError: Encountered different devices in metric calculation (see stacktrace for details). This could be due to the metric class not being on the same device as input. Instead of `metric=MeanSquaredError(...)` try to do `metric=MeanSquaredError(...).to(device)` where device corresponds to the device of the input.
[2025-06-26 18:15:25,161][flwr][ERROR] - [36mray::launch_and_fit()[39m (pid=12032, ip=127.0.0.1)
  File "C:\Users\PC\Desktop\Codigo-Aplicacion-de-Aprendizaje-Federado\.venv\lib\site-packages\torchmetrics\regression\mse.py", line 105, in update
    self.sum_squared_error += sum_squared_error
RuntimeError: Expected all tensors to be on the same device, but found at least two devices, cuda:0 and cpu!

The above exception was the direct cause of the following exception:

[36mray::launch_and_fit()[39m (pid=12032, ip=127.0.0.1)
  File "python\ray\_raylet.pyx", line 1890, in ray._raylet.execute_task
  File "python\ray\_raylet.pyx", line 1991, in ray._raylet.execute_task
  File "python\ray\_raylet.pyx", line 1896, in ray._raylet.execute_task
  File "C:\Users\PC\Desktop\Codigo-Aplicacion-de-Aprendizaje-Federado\.venv\lib\site-packages\flwr\simulation\ray_transport\ray_client_proxy.py", line 148, in launch_and_fit
    return maybe_call_fit(
  File "C:\Users\PC\Desktop\Codigo-Aplicacion-de-Aprendizaje-Federado\.venv\lib\site-packages\flwr\client\client.py", line 184, in maybe_call_fit
    return client.fit(fit_ins)
  File "C:\Users\PC\Desktop\Codigo-Aplicacion-de-Aprendizaje-Federado\hfedxgboost\hfedxgboost\client.py", line 242, in fit
    train_loss, train_result, num_examples = self.train(
  File "C:\Users\PC\Desktop\Codigo-Aplicacion-de-Aprendizaje-Federado\hfedxgboost\hfedxgboost\client.py", line 125, in train
    loss, metric_val, n_samples = self.train_one_loop(
  File "C:\Users\PC\Desktop\Codigo-Aplicacion-de-Aprendizaje-Federado\hfedxgboost\hfedxgboost\client.py", line 79, in train_one_loop
    metric_val = metric_fn(outputs, labels.type(torch.int))
  File "C:\Users\PC\Desktop\Codigo-Aplicacion-de-Aprendizaje-Federado\.venv\lib\site-packages\torch\nn\modules\module.py", line 1751, in _wrapped_call_impl
    return self._call_impl(*args, **kwargs)
  File "C:\Users\PC\Desktop\Codigo-Aplicacion-de-Aprendizaje-Federado\.venv\lib\site-packages\torch\nn\modules\module.py", line 1762, in _call_impl
    return forward_call(*args, **kwargs)
  File "C:\Users\PC\Desktop\Codigo-Aplicacion-de-Aprendizaje-Federado\.venv\lib\site-packages\torchmetrics\metric.py", line 315, in forward
    self._forward_cache = self._forward_reduce_state_update(*args, **kwargs)
  File "C:\Users\PC\Desktop\Codigo-Aplicacion-de-Aprendizaje-Federado\.venv\lib\site-packages\torchmetrics\metric.py", line 384, in _forward_reduce_state_update
    self.update(*args, **kwargs)
  File "C:\Users\PC\Desktop\Codigo-Aplicacion-de-Aprendizaje-Federado\.venv\lib\site-packages\torchmetrics\metric.py", line 552, in wrapped_func
    raise RuntimeError(
RuntimeError: Encountered different devices in metric calculation (see stacktrace for details). This could be due to the metric class not being on the same device as input. Instead of `metric=MeanSquaredError(...)` try to do `metric=MeanSquaredError(...).to(device)` where device corresponds to the device of the input.
[2025-06-26 18:15:25,729][flwr][ERROR] - [36mray::launch_and_fit()[39m (pid=9016, ip=127.0.0.1)
  File "C:\Users\PC\Desktop\Codigo-Aplicacion-de-Aprendizaje-Federado\.venv\lib\site-packages\torchmetrics\regression\mse.py", line 105, in update
    self.sum_squared_error += sum_squared_error
RuntimeError: Expected all tensors to be on the same device, but found at least two devices, cuda:0 and cpu!

The above exception was the direct cause of the following exception:

[36mray::launch_and_fit()[39m (pid=9016, ip=127.0.0.1)
  File "python\ray\_raylet.pyx", line 1890, in ray._raylet.execute_task
  File "python\ray\_raylet.pyx", line 1991, in ray._raylet.execute_task
  File "python\ray\_raylet.pyx", line 1896, in ray._raylet.execute_task
  File "C:\Users\PC\Desktop\Codigo-Aplicacion-de-Aprendizaje-Federado\.venv\lib\site-packages\flwr\simulation\ray_transport\ray_client_proxy.py", line 148, in launch_and_fit
    return maybe_call_fit(
  File "C:\Users\PC\Desktop\Codigo-Aplicacion-de-Aprendizaje-Federado\.venv\lib\site-packages\flwr\client\client.py", line 184, in maybe_call_fit
    return client.fit(fit_ins)
  File "C:\Users\PC\Desktop\Codigo-Aplicacion-de-Aprendizaje-Federado\hfedxgboost\hfedxgboost\client.py", line 242, in fit
    train_loss, train_result, num_examples = self.train(
  File "C:\Users\PC\Desktop\Codigo-Aplicacion-de-Aprendizaje-Federado\hfedxgboost\hfedxgboost\client.py", line 125, in train
    loss, metric_val, n_samples = self.train_one_loop(
  File "C:\Users\PC\Desktop\Codigo-Aplicacion-de-Aprendizaje-Federado\hfedxgboost\hfedxgboost\client.py", line 79, in train_one_loop
    metric_val = metric_fn(outputs, labels.type(torch.int))
  File "C:\Users\PC\Desktop\Codigo-Aplicacion-de-Aprendizaje-Federado\.venv\lib\site-packages\torch\nn\modules\module.py", line 1751, in _wrapped_call_impl
    return self._call_impl(*args, **kwargs)
  File "C:\Users\PC\Desktop\Codigo-Aplicacion-de-Aprendizaje-Federado\.venv\lib\site-packages\torch\nn\modules\module.py", line 1762, in _call_impl
    return forward_call(*args, **kwargs)
  File "C:\Users\PC\Desktop\Codigo-Aplicacion-de-Aprendizaje-Federado\.venv\lib\site-packages\torchmetrics\metric.py", line 315, in forward
    self._forward_cache = self._forward_reduce_state_update(*args, **kwargs)
  File "C:\Users\PC\Desktop\Codigo-Aplicacion-de-Aprendizaje-Federado\.venv\lib\site-packages\torchmetrics\metric.py", line 384, in _forward_reduce_state_update
    self.update(*args, **kwargs)
  File "C:\Users\PC\Desktop\Codigo-Aplicacion-de-Aprendizaje-Federado\.venv\lib\site-packages\torchmetrics\metric.py", line 552, in wrapped_func
    raise RuntimeError(
RuntimeError: Encountered different devices in metric calculation (see stacktrace for details). This could be due to the metric class not being on the same device as input. Instead of `metric=MeanSquaredError(...)` try to do `metric=MeanSquaredError(...).to(device)` where device corresponds to the device of the input.
[2025-06-26 18:15:25,955][flwr][ERROR] - [36mray::launch_and_fit()[39m (pid=26468, ip=127.0.0.1)
  File "C:\Users\PC\Desktop\Codigo-Aplicacion-de-Aprendizaje-Federado\.venv\lib\site-packages\torchmetrics\regression\mse.py", line 105, in update
    self.sum_squared_error += sum_squared_error
RuntimeError: Expected all tensors to be on the same device, but found at least two devices, cuda:0 and cpu!

The above exception was the direct cause of the following exception:

[36mray::launch_and_fit()[39m (pid=26468, ip=127.0.0.1)
  File "python\ray\_raylet.pyx", line 1890, in ray._raylet.execute_task
  File "python\ray\_raylet.pyx", line 1991, in ray._raylet.execute_task
  File "python\ray\_raylet.pyx", line 1896, in ray._raylet.execute_task
  File "C:\Users\PC\Desktop\Codigo-Aplicacion-de-Aprendizaje-Federado\.venv\lib\site-packages\flwr\simulation\ray_transport\ray_client_proxy.py", line 148, in launch_and_fit
    return maybe_call_fit(
  File "C:\Users\PC\Desktop\Codigo-Aplicacion-de-Aprendizaje-Federado\.venv\lib\site-packages\flwr\client\client.py", line 184, in maybe_call_fit
    return client.fit(fit_ins)
  File "C:\Users\PC\Desktop\Codigo-Aplicacion-de-Aprendizaje-Federado\hfedxgboost\hfedxgboost\client.py", line 242, in fit
    train_loss, train_result, num_examples = self.train(
  File "C:\Users\PC\Desktop\Codigo-Aplicacion-de-Aprendizaje-Federado\hfedxgboost\hfedxgboost\client.py", line 125, in train
    loss, metric_val, n_samples = self.train_one_loop(
  File "C:\Users\PC\Desktop\Codigo-Aplicacion-de-Aprendizaje-Federado\hfedxgboost\hfedxgboost\client.py", line 79, in train_one_loop
    metric_val = metric_fn(outputs, labels.type(torch.int))
  File "C:\Users\PC\Desktop\Codigo-Aplicacion-de-Aprendizaje-Federado\.venv\lib\site-packages\torch\nn\modules\module.py", line 1751, in _wrapped_call_impl
    return self._call_impl(*args, **kwargs)
  File "C:\Users\PC\Desktop\Codigo-Aplicacion-de-Aprendizaje-Federado\.venv\lib\site-packages\torch\nn\modules\module.py", line 1762, in _call_impl
    return forward_call(*args, **kwargs)
  File "C:\Users\PC\Desktop\Codigo-Aplicacion-de-Aprendizaje-Federado\.venv\lib\site-packages\torchmetrics\metric.py", line 315, in forward
    self._forward_cache = self._forward_reduce_state_update(*args, **kwargs)
  File "C:\Users\PC\Desktop\Codigo-Aplicacion-de-Aprendizaje-Federado\.venv\lib\site-packages\torchmetrics\metric.py", line 384, in _forward_reduce_state_update
    self.update(*args, **kwargs)
  File "C:\Users\PC\Desktop\Codigo-Aplicacion-de-Aprendizaje-Federado\.venv\lib\site-packages\torchmetrics\metric.py", line 552, in wrapped_func
    raise RuntimeError(
RuntimeError: Encountered different devices in metric calculation (see stacktrace for details). This could be due to the metric class not being on the same device as input. Instead of `metric=MeanSquaredError(...)` try to do `metric=MeanSquaredError(...).to(device)` where device corresponds to the device of the input.
[2025-06-26 18:15:26,444][flwr][ERROR] - [36mray::launch_and_fit()[39m (pid=18596, ip=127.0.0.1)
  File "C:\Users\PC\Desktop\Codigo-Aplicacion-de-Aprendizaje-Federado\.venv\lib\site-packages\torchmetrics\regression\mse.py", line 105, in update
    self.sum_squared_error += sum_squared_error
RuntimeError: Expected all tensors to be on the same device, but found at least two devices, cuda:0 and cpu!

The above exception was the direct cause of the following exception:

[36mray::launch_and_fit()[39m (pid=18596, ip=127.0.0.1)
  File "python\ray\_raylet.pyx", line 1890, in ray._raylet.execute_task
  File "python\ray\_raylet.pyx", line 1991, in ray._raylet.execute_task
  File "python\ray\_raylet.pyx", line 1896, in ray._raylet.execute_task
  File "C:\Users\PC\Desktop\Codigo-Aplicacion-de-Aprendizaje-Federado\.venv\lib\site-packages\flwr\simulation\ray_transport\ray_client_proxy.py", line 148, in launch_and_fit
    return maybe_call_fit(
  File "C:\Users\PC\Desktop\Codigo-Aplicacion-de-Aprendizaje-Federado\.venv\lib\site-packages\flwr\client\client.py", line 184, in maybe_call_fit
    return client.fit(fit_ins)
  File "C:\Users\PC\Desktop\Codigo-Aplicacion-de-Aprendizaje-Federado\hfedxgboost\hfedxgboost\client.py", line 242, in fit
    train_loss, train_result, num_examples = self.train(
  File "C:\Users\PC\Desktop\Codigo-Aplicacion-de-Aprendizaje-Federado\hfedxgboost\hfedxgboost\client.py", line 125, in train
    loss, metric_val, n_samples = self.train_one_loop(
  File "C:\Users\PC\Desktop\Codigo-Aplicacion-de-Aprendizaje-Federado\hfedxgboost\hfedxgboost\client.py", line 79, in train_one_loop
    metric_val = metric_fn(outputs, labels.type(torch.int))
  File "C:\Users\PC\Desktop\Codigo-Aplicacion-de-Aprendizaje-Federado\.venv\lib\site-packages\torch\nn\modules\module.py", line 1751, in _wrapped_call_impl
    return self._call_impl(*args, **kwargs)
  File "C:\Users\PC\Desktop\Codigo-Aplicacion-de-Aprendizaje-Federado\.venv\lib\site-packages\torch\nn\modules\module.py", line 1762, in _call_impl
    return forward_call(*args, **kwargs)
  File "C:\Users\PC\Desktop\Codigo-Aplicacion-de-Aprendizaje-Federado\.venv\lib\site-packages\torchmetrics\metric.py", line 315, in forward
    self._forward_cache = self._forward_reduce_state_update(*args, **kwargs)
  File "C:\Users\PC\Desktop\Codigo-Aplicacion-de-Aprendizaje-Federado\.venv\lib\site-packages\torchmetrics\metric.py", line 384, in _forward_reduce_state_update
    self.update(*args, **kwargs)
  File "C:\Users\PC\Desktop\Codigo-Aplicacion-de-Aprendizaje-Federado\.venv\lib\site-packages\torchmetrics\metric.py", line 552, in wrapped_func
    raise RuntimeError(
RuntimeError: Encountered different devices in metric calculation (see stacktrace for details). This could be due to the metric class not being on the same device as input. Instead of `metric=MeanSquaredError(...)` try to do `metric=MeanSquaredError(...).to(device)` where device corresponds to the device of the input.
[2025-06-26 18:15:37,050][flwr][ERROR] - [36mray::launch_and_fit()[39m (pid=6888, ip=127.0.0.1)
  File "C:\Users\PC\Desktop\Codigo-Aplicacion-de-Aprendizaje-Federado\.venv\lib\site-packages\torchmetrics\regression\mse.py", line 105, in update
    self.sum_squared_error += sum_squared_error
RuntimeError: Expected all tensors to be on the same device, but found at least two devices, cuda:0 and cpu!

The above exception was the direct cause of the following exception:

[36mray::launch_and_fit()[39m (pid=6888, ip=127.0.0.1)
  File "python\ray\_raylet.pyx", line 1890, in ray._raylet.execute_task
  File "python\ray\_raylet.pyx", line 1991, in ray._raylet.execute_task
  File "python\ray\_raylet.pyx", line 1896, in ray._raylet.execute_task
  File "C:\Users\PC\Desktop\Codigo-Aplicacion-de-Aprendizaje-Federado\.venv\lib\site-packages\flwr\simulation\ray_transport\ray_client_proxy.py", line 148, in launch_and_fit
    return maybe_call_fit(
  File "C:\Users\PC\Desktop\Codigo-Aplicacion-de-Aprendizaje-Federado\.venv\lib\site-packages\flwr\client\client.py", line 184, in maybe_call_fit
    return client.fit(fit_ins)
  File "C:\Users\PC\Desktop\Codigo-Aplicacion-de-Aprendizaje-Federado\hfedxgboost\hfedxgboost\client.py", line 242, in fit
    train_loss, train_result, num_examples = self.train(
  File "C:\Users\PC\Desktop\Codigo-Aplicacion-de-Aprendizaje-Federado\hfedxgboost\hfedxgboost\client.py", line 125, in train
    loss, metric_val, n_samples = self.train_one_loop(
  File "C:\Users\PC\Desktop\Codigo-Aplicacion-de-Aprendizaje-Federado\hfedxgboost\hfedxgboost\client.py", line 79, in train_one_loop
    metric_val = metric_fn(outputs, labels.type(torch.int))
  File "C:\Users\PC\Desktop\Codigo-Aplicacion-de-Aprendizaje-Federado\.venv\lib\site-packages\torch\nn\modules\module.py", line 1751, in _wrapped_call_impl
    return self._call_impl(*args, **kwargs)
  File "C:\Users\PC\Desktop\Codigo-Aplicacion-de-Aprendizaje-Federado\.venv\lib\site-packages\torch\nn\modules\module.py", line 1762, in _call_impl
    return forward_call(*args, **kwargs)
  File "C:\Users\PC\Desktop\Codigo-Aplicacion-de-Aprendizaje-Federado\.venv\lib\site-packages\torchmetrics\metric.py", line 315, in forward
    self._forward_cache = self._forward_reduce_state_update(*args, **kwargs)
  File "C:\Users\PC\Desktop\Codigo-Aplicacion-de-Aprendizaje-Federado\.venv\lib\site-packages\torchmetrics\metric.py", line 384, in _forward_reduce_state_update
    self.update(*args, **kwargs)
  File "C:\Users\PC\Desktop\Codigo-Aplicacion-de-Aprendizaje-Federado\.venv\lib\site-packages\torchmetrics\metric.py", line 552, in wrapped_func
    raise RuntimeError(
RuntimeError: Encountered different devices in metric calculation (see stacktrace for details). This could be due to the metric class not being on the same device as input. Instead of `metric=MeanSquaredError(...)` try to do `metric=MeanSquaredError(...).to(device)` where device corresponds to the device of the input.
[2025-06-26 18:15:38,000][flwr][ERROR] - [36mray::launch_and_fit()[39m (pid=25688, ip=127.0.0.1)
  File "C:\Users\PC\Desktop\Codigo-Aplicacion-de-Aprendizaje-Federado\.venv\lib\site-packages\torchmetrics\regression\mse.py", line 105, in update
    self.sum_squared_error += sum_squared_error
RuntimeError: Expected all tensors to be on the same device, but found at least two devices, cuda:0 and cpu!

The above exception was the direct cause of the following exception:

[36mray::launch_and_fit()[39m (pid=25688, ip=127.0.0.1)
  File "python\ray\_raylet.pyx", line 1890, in ray._raylet.execute_task
  File "python\ray\_raylet.pyx", line 1991, in ray._raylet.execute_task
  File "python\ray\_raylet.pyx", line 1896, in ray._raylet.execute_task
  File "C:\Users\PC\Desktop\Codigo-Aplicacion-de-Aprendizaje-Federado\.venv\lib\site-packages\flwr\simulation\ray_transport\ray_client_proxy.py", line 148, in launch_and_fit
    return maybe_call_fit(
  File "C:\Users\PC\Desktop\Codigo-Aplicacion-de-Aprendizaje-Federado\.venv\lib\site-packages\flwr\client\client.py", line 184, in maybe_call_fit
    return client.fit(fit_ins)
  File "C:\Users\PC\Desktop\Codigo-Aplicacion-de-Aprendizaje-Federado\hfedxgboost\hfedxgboost\client.py", line 242, in fit
    train_loss, train_result, num_examples = self.train(
  File "C:\Users\PC\Desktop\Codigo-Aplicacion-de-Aprendizaje-Federado\hfedxgboost\hfedxgboost\client.py", line 125, in train
    loss, metric_val, n_samples = self.train_one_loop(
  File "C:\Users\PC\Desktop\Codigo-Aplicacion-de-Aprendizaje-Federado\hfedxgboost\hfedxgboost\client.py", line 79, in train_one_loop
    metric_val = metric_fn(outputs, labels.type(torch.int))
  File "C:\Users\PC\Desktop\Codigo-Aplicacion-de-Aprendizaje-Federado\.venv\lib\site-packages\torch\nn\modules\module.py", line 1751, in _wrapped_call_impl
    return self._call_impl(*args, **kwargs)
  File "C:\Users\PC\Desktop\Codigo-Aplicacion-de-Aprendizaje-Federado\.venv\lib\site-packages\torch\nn\modules\module.py", line 1762, in _call_impl
    return forward_call(*args, **kwargs)
  File "C:\Users\PC\Desktop\Codigo-Aplicacion-de-Aprendizaje-Federado\.venv\lib\site-packages\torchmetrics\metric.py", line 315, in forward
    self._forward_cache = self._forward_reduce_state_update(*args, **kwargs)
  File "C:\Users\PC\Desktop\Codigo-Aplicacion-de-Aprendizaje-Federado\.venv\lib\site-packages\torchmetrics\metric.py", line 384, in _forward_reduce_state_update
    self.update(*args, **kwargs)
  File "C:\Users\PC\Desktop\Codigo-Aplicacion-de-Aprendizaje-Federado\.venv\lib\site-packages\torchmetrics\metric.py", line 552, in wrapped_func
    raise RuntimeError(
RuntimeError: Encountered different devices in metric calculation (see stacktrace for details). This could be due to the metric class not being on the same device as input. Instead of `metric=MeanSquaredError(...)` try to do `metric=MeanSquaredError(...).to(device)` where device corresponds to the device of the input.
[2025-06-26 18:15:45,926][flwr][ERROR] - [36mray::launch_and_fit()[39m (pid=16348, ip=127.0.0.1)
  File "C:\Users\PC\Desktop\Codigo-Aplicacion-de-Aprendizaje-Federado\.venv\lib\site-packages\torchmetrics\regression\mse.py", line 105, in update
    self.sum_squared_error += sum_squared_error
RuntimeError: Expected all tensors to be on the same device, but found at least two devices, cuda:0 and cpu!

The above exception was the direct cause of the following exception:

[36mray::launch_and_fit()[39m (pid=16348, ip=127.0.0.1)
  File "python\ray\_raylet.pyx", line 1890, in ray._raylet.execute_task
  File "python\ray\_raylet.pyx", line 1991, in ray._raylet.execute_task
  File "python\ray\_raylet.pyx", line 1896, in ray._raylet.execute_task
  File "C:\Users\PC\Desktop\Codigo-Aplicacion-de-Aprendizaje-Federado\.venv\lib\site-packages\flwr\simulation\ray_transport\ray_client_proxy.py", line 148, in launch_and_fit
    return maybe_call_fit(
  File "C:\Users\PC\Desktop\Codigo-Aplicacion-de-Aprendizaje-Federado\.venv\lib\site-packages\flwr\client\client.py", line 184, in maybe_call_fit
    return client.fit(fit_ins)
  File "C:\Users\PC\Desktop\Codigo-Aplicacion-de-Aprendizaje-Federado\hfedxgboost\hfedxgboost\client.py", line 242, in fit
    train_loss, train_result, num_examples = self.train(
  File "C:\Users\PC\Desktop\Codigo-Aplicacion-de-Aprendizaje-Federado\hfedxgboost\hfedxgboost\client.py", line 125, in train
    loss, metric_val, n_samples = self.train_one_loop(
  File "C:\Users\PC\Desktop\Codigo-Aplicacion-de-Aprendizaje-Federado\hfedxgboost\hfedxgboost\client.py", line 79, in train_one_loop
    metric_val = metric_fn(outputs, labels.type(torch.int))
  File "C:\Users\PC\Desktop\Codigo-Aplicacion-de-Aprendizaje-Federado\.venv\lib\site-packages\torch\nn\modules\module.py", line 1751, in _wrapped_call_impl
    return self._call_impl(*args, **kwargs)
  File "C:\Users\PC\Desktop\Codigo-Aplicacion-de-Aprendizaje-Federado\.venv\lib\site-packages\torch\nn\modules\module.py", line 1762, in _call_impl
    return forward_call(*args, **kwargs)
  File "C:\Users\PC\Desktop\Codigo-Aplicacion-de-Aprendizaje-Federado\.venv\lib\site-packages\torchmetrics\metric.py", line 315, in forward
    self._forward_cache = self._forward_reduce_state_update(*args, **kwargs)
  File "C:\Users\PC\Desktop\Codigo-Aplicacion-de-Aprendizaje-Federado\.venv\lib\site-packages\torchmetrics\metric.py", line 384, in _forward_reduce_state_update
    self.update(*args, **kwargs)
  File "C:\Users\PC\Desktop\Codigo-Aplicacion-de-Aprendizaje-Federado\.venv\lib\site-packages\torchmetrics\metric.py", line 552, in wrapped_func
    raise RuntimeError(
RuntimeError: Encountered different devices in metric calculation (see stacktrace for details). This could be due to the metric class not being on the same device as input. Instead of `metric=MeanSquaredError(...)` try to do `metric=MeanSquaredError(...).to(device)` where device corresponds to the device of the input.
[2025-06-26 18:15:56,854][flwr][ERROR] - [36mray::launch_and_fit()[39m (pid=9132, ip=127.0.0.1)
  File "C:\Users\PC\Desktop\Codigo-Aplicacion-de-Aprendizaje-Federado\.venv\lib\site-packages\torchmetrics\regression\mse.py", line 105, in update
    self.sum_squared_error += sum_squared_error
RuntimeError: Expected all tensors to be on the same device, but found at least two devices, cuda:0 and cpu!

The above exception was the direct cause of the following exception:

[36mray::launch_and_fit()[39m (pid=9132, ip=127.0.0.1)
  File "python\ray\_raylet.pyx", line 1890, in ray._raylet.execute_task
  File "python\ray\_raylet.pyx", line 1991, in ray._raylet.execute_task
  File "python\ray\_raylet.pyx", line 1896, in ray._raylet.execute_task
  File "C:\Users\PC\Desktop\Codigo-Aplicacion-de-Aprendizaje-Federado\.venv\lib\site-packages\flwr\simulation\ray_transport\ray_client_proxy.py", line 148, in launch_and_fit
    return maybe_call_fit(
  File "C:\Users\PC\Desktop\Codigo-Aplicacion-de-Aprendizaje-Federado\.venv\lib\site-packages\flwr\client\client.py", line 184, in maybe_call_fit
    return client.fit(fit_ins)
  File "C:\Users\PC\Desktop\Codigo-Aplicacion-de-Aprendizaje-Federado\hfedxgboost\hfedxgboost\client.py", line 242, in fit
    train_loss, train_result, num_examples = self.train(
  File "C:\Users\PC\Desktop\Codigo-Aplicacion-de-Aprendizaje-Federado\hfedxgboost\hfedxgboost\client.py", line 125, in train
    loss, metric_val, n_samples = self.train_one_loop(
  File "C:\Users\PC\Desktop\Codigo-Aplicacion-de-Aprendizaje-Federado\hfedxgboost\hfedxgboost\client.py", line 79, in train_one_loop
    metric_val = metric_fn(outputs, labels.type(torch.int))
  File "C:\Users\PC\Desktop\Codigo-Aplicacion-de-Aprendizaje-Federado\.venv\lib\site-packages\torch\nn\modules\module.py", line 1751, in _wrapped_call_impl
    return self._call_impl(*args, **kwargs)
  File "C:\Users\PC\Desktop\Codigo-Aplicacion-de-Aprendizaje-Federado\.venv\lib\site-packages\torch\nn\modules\module.py", line 1762, in _call_impl
    return forward_call(*args, **kwargs)
  File "C:\Users\PC\Desktop\Codigo-Aplicacion-de-Aprendizaje-Federado\.venv\lib\site-packages\torchmetrics\metric.py", line 315, in forward
    self._forward_cache = self._forward_reduce_state_update(*args, **kwargs)
  File "C:\Users\PC\Desktop\Codigo-Aplicacion-de-Aprendizaje-Federado\.venv\lib\site-packages\torchmetrics\metric.py", line 384, in _forward_reduce_state_update
    self.update(*args, **kwargs)
  File "C:\Users\PC\Desktop\Codigo-Aplicacion-de-Aprendizaje-Federado\.venv\lib\site-packages\torchmetrics\metric.py", line 552, in wrapped_func
    raise RuntimeError(
RuntimeError: Encountered different devices in metric calculation (see stacktrace for details). This could be due to the metric class not being on the same device as input. Instead of `metric=MeanSquaredError(...)` try to do `metric=MeanSquaredError(...).to(device)` where device corresponds to the device of the input.
[2025-06-26 18:15:57,823][flwr][ERROR] - [36mray::launch_and_fit()[39m (pid=2176, ip=127.0.0.1)
  File "C:\Users\PC\Desktop\Codigo-Aplicacion-de-Aprendizaje-Federado\.venv\lib\site-packages\torchmetrics\regression\mse.py", line 105, in update
    self.sum_squared_error += sum_squared_error
RuntimeError: Expected all tensors to be on the same device, but found at least two devices, cuda:0 and cpu!

The above exception was the direct cause of the following exception:

[36mray::launch_and_fit()[39m (pid=2176, ip=127.0.0.1)
  File "python\ray\_raylet.pyx", line 1890, in ray._raylet.execute_task
  File "python\ray\_raylet.pyx", line 1991, in ray._raylet.execute_task
  File "python\ray\_raylet.pyx", line 1896, in ray._raylet.execute_task
  File "C:\Users\PC\Desktop\Codigo-Aplicacion-de-Aprendizaje-Federado\.venv\lib\site-packages\flwr\simulation\ray_transport\ray_client_proxy.py", line 148, in launch_and_fit
    return maybe_call_fit(
  File "C:\Users\PC\Desktop\Codigo-Aplicacion-de-Aprendizaje-Federado\.venv\lib\site-packages\flwr\client\client.py", line 184, in maybe_call_fit
    return client.fit(fit_ins)
  File "C:\Users\PC\Desktop\Codigo-Aplicacion-de-Aprendizaje-Federado\hfedxgboost\hfedxgboost\client.py", line 242, in fit
    train_loss, train_result, num_examples = self.train(
  File "C:\Users\PC\Desktop\Codigo-Aplicacion-de-Aprendizaje-Federado\hfedxgboost\hfedxgboost\client.py", line 125, in train
    loss, metric_val, n_samples = self.train_one_loop(
  File "C:\Users\PC\Desktop\Codigo-Aplicacion-de-Aprendizaje-Federado\hfedxgboost\hfedxgboost\client.py", line 79, in train_one_loop
    metric_val = metric_fn(outputs, labels.type(torch.int))
  File "C:\Users\PC\Desktop\Codigo-Aplicacion-de-Aprendizaje-Federado\.venv\lib\site-packages\torch\nn\modules\module.py", line 1751, in _wrapped_call_impl
    return self._call_impl(*args, **kwargs)
  File "C:\Users\PC\Desktop\Codigo-Aplicacion-de-Aprendizaje-Federado\.venv\lib\site-packages\torch\nn\modules\module.py", line 1762, in _call_impl
    return forward_call(*args, **kwargs)
  File "C:\Users\PC\Desktop\Codigo-Aplicacion-de-Aprendizaje-Federado\.venv\lib\site-packages\torchmetrics\metric.py", line 315, in forward
    self._forward_cache = self._forward_reduce_state_update(*args, **kwargs)
  File "C:\Users\PC\Desktop\Codigo-Aplicacion-de-Aprendizaje-Federado\.venv\lib\site-packages\torchmetrics\metric.py", line 384, in _forward_reduce_state_update
    self.update(*args, **kwargs)
  File "C:\Users\PC\Desktop\Codigo-Aplicacion-de-Aprendizaje-Federado\.venv\lib\site-packages\torchmetrics\metric.py", line 552, in wrapped_func
    raise RuntimeError(
RuntimeError: Encountered different devices in metric calculation (see stacktrace for details). This could be due to the metric class not being on the same device as input. Instead of `metric=MeanSquaredError(...)` try to do `metric=MeanSquaredError(...).to(device)` where device corresponds to the device of the input.
[2025-06-26 18:15:58,952][flwr][ERROR] - [36mray::launch_and_fit()[39m (pid=8480, ip=127.0.0.1)
  File "C:\Users\PC\Desktop\Codigo-Aplicacion-de-Aprendizaje-Federado\.venv\lib\site-packages\torchmetrics\regression\mse.py", line 105, in update
    self.sum_squared_error += sum_squared_error
RuntimeError: Expected all tensors to be on the same device, but found at least two devices, cuda:0 and cpu!

The above exception was the direct cause of the following exception:

[36mray::launch_and_fit()[39m (pid=8480, ip=127.0.0.1)
  File "python\ray\_raylet.pyx", line 1890, in ray._raylet.execute_task
  File "python\ray\_raylet.pyx", line 1991, in ray._raylet.execute_task
  File "python\ray\_raylet.pyx", line 1896, in ray._raylet.execute_task
  File "C:\Users\PC\Desktop\Codigo-Aplicacion-de-Aprendizaje-Federado\.venv\lib\site-packages\flwr\simulation\ray_transport\ray_client_proxy.py", line 148, in launch_and_fit
    return maybe_call_fit(
  File "C:\Users\PC\Desktop\Codigo-Aplicacion-de-Aprendizaje-Federado\.venv\lib\site-packages\flwr\client\client.py", line 184, in maybe_call_fit
    return client.fit(fit_ins)
  File "C:\Users\PC\Desktop\Codigo-Aplicacion-de-Aprendizaje-Federado\hfedxgboost\hfedxgboost\client.py", line 242, in fit
    train_loss, train_result, num_examples = self.train(
  File "C:\Users\PC\Desktop\Codigo-Aplicacion-de-Aprendizaje-Federado\hfedxgboost\hfedxgboost\client.py", line 125, in train
    loss, metric_val, n_samples = self.train_one_loop(
  File "C:\Users\PC\Desktop\Codigo-Aplicacion-de-Aprendizaje-Federado\hfedxgboost\hfedxgboost\client.py", line 79, in train_one_loop
    metric_val = metric_fn(outputs, labels.type(torch.int))
  File "C:\Users\PC\Desktop\Codigo-Aplicacion-de-Aprendizaje-Federado\.venv\lib\site-packages\torch\nn\modules\module.py", line 1751, in _wrapped_call_impl
    return self._call_impl(*args, **kwargs)
  File "C:\Users\PC\Desktop\Codigo-Aplicacion-de-Aprendizaje-Federado\.venv\lib\site-packages\torch\nn\modules\module.py", line 1762, in _call_impl
    return forward_call(*args, **kwargs)
  File "C:\Users\PC\Desktop\Codigo-Aplicacion-de-Aprendizaje-Federado\.venv\lib\site-packages\torchmetrics\metric.py", line 315, in forward
    self._forward_cache = self._forward_reduce_state_update(*args, **kwargs)
  File "C:\Users\PC\Desktop\Codigo-Aplicacion-de-Aprendizaje-Federado\.venv\lib\site-packages\torchmetrics\metric.py", line 384, in _forward_reduce_state_update
    self.update(*args, **kwargs)
  File "C:\Users\PC\Desktop\Codigo-Aplicacion-de-Aprendizaje-Federado\.venv\lib\site-packages\torchmetrics\metric.py", line 552, in wrapped_func
    raise RuntimeError(
RuntimeError: Encountered different devices in metric calculation (see stacktrace for details). This could be due to the metric class not being on the same device as input. Instead of `metric=MeanSquaredError(...)` try to do `metric=MeanSquaredError(...).to(device)` where device corresponds to the device of the input.
[2025-06-26 18:16:02,741][flwr][ERROR] - [36mray::launch_and_fit()[39m (pid=6888, ip=127.0.0.1)
  File "C:\Users\PC\Desktop\Codigo-Aplicacion-de-Aprendizaje-Federado\.venv\lib\site-packages\torchmetrics\regression\mse.py", line 105, in update
    self.sum_squared_error += sum_squared_error
RuntimeError: Expected all tensors to be on the same device, but found at least two devices, cuda:0 and cpu!

The above exception was the direct cause of the following exception:

[36mray::launch_and_fit()[39m (pid=6888, ip=127.0.0.1)
  File "python\ray\_raylet.pyx", line 1890, in ray._raylet.execute_task
  File "python\ray\_raylet.pyx", line 1991, in ray._raylet.execute_task
  File "python\ray\_raylet.pyx", line 1896, in ray._raylet.execute_task
  File "C:\Users\PC\Desktop\Codigo-Aplicacion-de-Aprendizaje-Federado\.venv\lib\site-packages\flwr\simulation\ray_transport\ray_client_proxy.py", line 148, in launch_and_fit
    return maybe_call_fit(
  File "C:\Users\PC\Desktop\Codigo-Aplicacion-de-Aprendizaje-Federado\.venv\lib\site-packages\flwr\client\client.py", line 184, in maybe_call_fit
    return client.fit(fit_ins)
  File "C:\Users\PC\Desktop\Codigo-Aplicacion-de-Aprendizaje-Federado\hfedxgboost\hfedxgboost\client.py", line 242, in fit
    train_loss, train_result, num_examples = self.train(
  File "C:\Users\PC\Desktop\Codigo-Aplicacion-de-Aprendizaje-Federado\hfedxgboost\hfedxgboost\client.py", line 125, in train
    loss, metric_val, n_samples = self.train_one_loop(
  File "C:\Users\PC\Desktop\Codigo-Aplicacion-de-Aprendizaje-Federado\hfedxgboost\hfedxgboost\client.py", line 79, in train_one_loop
    metric_val = metric_fn(outputs, labels.type(torch.int))
  File "C:\Users\PC\Desktop\Codigo-Aplicacion-de-Aprendizaje-Federado\.venv\lib\site-packages\torch\nn\modules\module.py", line 1751, in _wrapped_call_impl
    return self._call_impl(*args, **kwargs)
  File "C:\Users\PC\Desktop\Codigo-Aplicacion-de-Aprendizaje-Federado\.venv\lib\site-packages\torch\nn\modules\module.py", line 1762, in _call_impl
    return forward_call(*args, **kwargs)
  File "C:\Users\PC\Desktop\Codigo-Aplicacion-de-Aprendizaje-Federado\.venv\lib\site-packages\torchmetrics\metric.py", line 315, in forward
    self._forward_cache = self._forward_reduce_state_update(*args, **kwargs)
  File "C:\Users\PC\Desktop\Codigo-Aplicacion-de-Aprendizaje-Federado\.venv\lib\site-packages\torchmetrics\metric.py", line 384, in _forward_reduce_state_update
    self.update(*args, **kwargs)
  File "C:\Users\PC\Desktop\Codigo-Aplicacion-de-Aprendizaje-Federado\.venv\lib\site-packages\torchmetrics\metric.py", line 552, in wrapped_func
    raise RuntimeError(
RuntimeError: Encountered different devices in metric calculation (see stacktrace for details). This could be due to the metric class not being on the same device as input. Instead of `metric=MeanSquaredError(...)` try to do `metric=MeanSquaredError(...).to(device)` where device corresponds to the device of the input.
[2025-06-26 18:16:02,850][flwr][ERROR] - [36mray::launch_and_fit()[39m (pid=15560, ip=127.0.0.1)
  File "C:\Users\PC\Desktop\Codigo-Aplicacion-de-Aprendizaje-Federado\.venv\lib\site-packages\torchmetrics\regression\mse.py", line 105, in update
    self.sum_squared_error += sum_squared_error
RuntimeError: Expected all tensors to be on the same device, but found at least two devices, cuda:0 and cpu!

The above exception was the direct cause of the following exception:

[36mray::launch_and_fit()[39m (pid=15560, ip=127.0.0.1)
  File "python\ray\_raylet.pyx", line 1890, in ray._raylet.execute_task
  File "python\ray\_raylet.pyx", line 1991, in ray._raylet.execute_task
  File "python\ray\_raylet.pyx", line 1896, in ray._raylet.execute_task
  File "C:\Users\PC\Desktop\Codigo-Aplicacion-de-Aprendizaje-Federado\.venv\lib\site-packages\flwr\simulation\ray_transport\ray_client_proxy.py", line 148, in launch_and_fit
    return maybe_call_fit(
  File "C:\Users\PC\Desktop\Codigo-Aplicacion-de-Aprendizaje-Federado\.venv\lib\site-packages\flwr\client\client.py", line 184, in maybe_call_fit
    return client.fit(fit_ins)
  File "C:\Users\PC\Desktop\Codigo-Aplicacion-de-Aprendizaje-Federado\hfedxgboost\hfedxgboost\client.py", line 242, in fit
    train_loss, train_result, num_examples = self.train(
  File "C:\Users\PC\Desktop\Codigo-Aplicacion-de-Aprendizaje-Federado\hfedxgboost\hfedxgboost\client.py", line 125, in train
    loss, metric_val, n_samples = self.train_one_loop(
  File "C:\Users\PC\Desktop\Codigo-Aplicacion-de-Aprendizaje-Federado\hfedxgboost\hfedxgboost\client.py", line 79, in train_one_loop
    metric_val = metric_fn(outputs, labels.type(torch.int))
  File "C:\Users\PC\Desktop\Codigo-Aplicacion-de-Aprendizaje-Federado\.venv\lib\site-packages\torch\nn\modules\module.py", line 1751, in _wrapped_call_impl
    return self._call_impl(*args, **kwargs)
  File "C:\Users\PC\Desktop\Codigo-Aplicacion-de-Aprendizaje-Federado\.venv\lib\site-packages\torch\nn\modules\module.py", line 1762, in _call_impl
    return forward_call(*args, **kwargs)
  File "C:\Users\PC\Desktop\Codigo-Aplicacion-de-Aprendizaje-Federado\.venv\lib\site-packages\torchmetrics\metric.py", line 315, in forward
    self._forward_cache = self._forward_reduce_state_update(*args, **kwargs)
  File "C:\Users\PC\Desktop\Codigo-Aplicacion-de-Aprendizaje-Federado\.venv\lib\site-packages\torchmetrics\metric.py", line 384, in _forward_reduce_state_update
    self.update(*args, **kwargs)
  File "C:\Users\PC\Desktop\Codigo-Aplicacion-de-Aprendizaje-Federado\.venv\lib\site-packages\torchmetrics\metric.py", line 552, in wrapped_func
    raise RuntimeError(
RuntimeError: Encountered different devices in metric calculation (see stacktrace for details). This could be due to the metric class not being on the same device as input. Instead of `metric=MeanSquaredError(...)` try to do `metric=MeanSquaredError(...).to(device)` where device corresponds to the device of the input.
[2025-06-26 18:16:02,921][flwr][ERROR] - [36mray::launch_and_fit()[39m (pid=12032, ip=127.0.0.1)
  File "C:\Users\PC\Desktop\Codigo-Aplicacion-de-Aprendizaje-Federado\.venv\lib\site-packages\torchmetrics\regression\mse.py", line 105, in update
    self.sum_squared_error += sum_squared_error
RuntimeError: Expected all tensors to be on the same device, but found at least two devices, cuda:0 and cpu!

The above exception was the direct cause of the following exception:

[36mray::launch_and_fit()[39m (pid=12032, ip=127.0.0.1)
  File "python\ray\_raylet.pyx", line 1890, in ray._raylet.execute_task
  File "python\ray\_raylet.pyx", line 1991, in ray._raylet.execute_task
  File "python\ray\_raylet.pyx", line 1896, in ray._raylet.execute_task
  File "C:\Users\PC\Desktop\Codigo-Aplicacion-de-Aprendizaje-Federado\.venv\lib\site-packages\flwr\simulation\ray_transport\ray_client_proxy.py", line 148, in launch_and_fit
    return maybe_call_fit(
  File "C:\Users\PC\Desktop\Codigo-Aplicacion-de-Aprendizaje-Federado\.venv\lib\site-packages\flwr\client\client.py", line 184, in maybe_call_fit
    return client.fit(fit_ins)
  File "C:\Users\PC\Desktop\Codigo-Aplicacion-de-Aprendizaje-Federado\hfedxgboost\hfedxgboost\client.py", line 242, in fit
    train_loss, train_result, num_examples = self.train(
  File "C:\Users\PC\Desktop\Codigo-Aplicacion-de-Aprendizaje-Federado\hfedxgboost\hfedxgboost\client.py", line 125, in train
    loss, metric_val, n_samples = self.train_one_loop(
  File "C:\Users\PC\Desktop\Codigo-Aplicacion-de-Aprendizaje-Federado\hfedxgboost\hfedxgboost\client.py", line 79, in train_one_loop
    metric_val = metric_fn(outputs, labels.type(torch.int))
  File "C:\Users\PC\Desktop\Codigo-Aplicacion-de-Aprendizaje-Federado\.venv\lib\site-packages\torch\nn\modules\module.py", line 1751, in _wrapped_call_impl
    return self._call_impl(*args, **kwargs)
  File "C:\Users\PC\Desktop\Codigo-Aplicacion-de-Aprendizaje-Federado\.venv\lib\site-packages\torch\nn\modules\module.py", line 1762, in _call_impl
    return forward_call(*args, **kwargs)
  File "C:\Users\PC\Desktop\Codigo-Aplicacion-de-Aprendizaje-Federado\.venv\lib\site-packages\torchmetrics\metric.py", line 315, in forward
    self._forward_cache = self._forward_reduce_state_update(*args, **kwargs)
  File "C:\Users\PC\Desktop\Codigo-Aplicacion-de-Aprendizaje-Federado\.venv\lib\site-packages\torchmetrics\metric.py", line 384, in _forward_reduce_state_update
    self.update(*args, **kwargs)
  File "C:\Users\PC\Desktop\Codigo-Aplicacion-de-Aprendizaje-Federado\.venv\lib\site-packages\torchmetrics\metric.py", line 552, in wrapped_func
    raise RuntimeError(
RuntimeError: Encountered different devices in metric calculation (see stacktrace for details). This could be due to the metric class not being on the same device as input. Instead of `metric=MeanSquaredError(...)` try to do `metric=MeanSquaredError(...).to(device)` where device corresponds to the device of the input.
[2025-06-26 18:16:03,275][flwr][ERROR] - [36mray::launch_and_fit()[39m (pid=27308, ip=127.0.0.1)
  File "C:\Users\PC\Desktop\Codigo-Aplicacion-de-Aprendizaje-Federado\.venv\lib\site-packages\torchmetrics\regression\mse.py", line 105, in update
    self.sum_squared_error += sum_squared_error
RuntimeError: Expected all tensors to be on the same device, but found at least two devices, cuda:0 and cpu!

The above exception was the direct cause of the following exception:

[36mray::launch_and_fit()[39m (pid=27308, ip=127.0.0.1)
  File "python\ray\_raylet.pyx", line 1890, in ray._raylet.execute_task
  File "python\ray\_raylet.pyx", line 1991, in ray._raylet.execute_task
  File "python\ray\_raylet.pyx", line 1896, in ray._raylet.execute_task
  File "C:\Users\PC\Desktop\Codigo-Aplicacion-de-Aprendizaje-Federado\.venv\lib\site-packages\flwr\simulation\ray_transport\ray_client_proxy.py", line 148, in launch_and_fit
    return maybe_call_fit(
  File "C:\Users\PC\Desktop\Codigo-Aplicacion-de-Aprendizaje-Federado\.venv\lib\site-packages\flwr\client\client.py", line 184, in maybe_call_fit
    return client.fit(fit_ins)
  File "C:\Users\PC\Desktop\Codigo-Aplicacion-de-Aprendizaje-Federado\hfedxgboost\hfedxgboost\client.py", line 242, in fit
    train_loss, train_result, num_examples = self.train(
  File "C:\Users\PC\Desktop\Codigo-Aplicacion-de-Aprendizaje-Federado\hfedxgboost\hfedxgboost\client.py", line 125, in train
    loss, metric_val, n_samples = self.train_one_loop(
  File "C:\Users\PC\Desktop\Codigo-Aplicacion-de-Aprendizaje-Federado\hfedxgboost\hfedxgboost\client.py", line 79, in train_one_loop
    metric_val = metric_fn(outputs, labels.type(torch.int))
  File "C:\Users\PC\Desktop\Codigo-Aplicacion-de-Aprendizaje-Federado\.venv\lib\site-packages\torch\nn\modules\module.py", line 1751, in _wrapped_call_impl
    return self._call_impl(*args, **kwargs)
  File "C:\Users\PC\Desktop\Codigo-Aplicacion-de-Aprendizaje-Federado\.venv\lib\site-packages\torch\nn\modules\module.py", line 1762, in _call_impl
    return forward_call(*args, **kwargs)
  File "C:\Users\PC\Desktop\Codigo-Aplicacion-de-Aprendizaje-Federado\.venv\lib\site-packages\torchmetrics\metric.py", line 315, in forward
    self._forward_cache = self._forward_reduce_state_update(*args, **kwargs)
  File "C:\Users\PC\Desktop\Codigo-Aplicacion-de-Aprendizaje-Federado\.venv\lib\site-packages\torchmetrics\metric.py", line 384, in _forward_reduce_state_update
    self.update(*args, **kwargs)
  File "C:\Users\PC\Desktop\Codigo-Aplicacion-de-Aprendizaje-Federado\.venv\lib\site-packages\torchmetrics\metric.py", line 552, in wrapped_func
    raise RuntimeError(
RuntimeError: Encountered different devices in metric calculation (see stacktrace for details). This could be due to the metric class not being on the same device as input. Instead of `metric=MeanSquaredError(...)` try to do `metric=MeanSquaredError(...).to(device)` where device corresponds to the device of the input.
[2025-06-26 18:16:03,615][flwr][ERROR] - [36mray::launch_and_fit()[39m (pid=9016, ip=127.0.0.1)
  File "C:\Users\PC\Desktop\Codigo-Aplicacion-de-Aprendizaje-Federado\.venv\lib\site-packages\torchmetrics\regression\mse.py", line 105, in update
    self.sum_squared_error += sum_squared_error
RuntimeError: Expected all tensors to be on the same device, but found at least two devices, cuda:0 and cpu!

The above exception was the direct cause of the following exception:

[36mray::launch_and_fit()[39m (pid=9016, ip=127.0.0.1)
  File "python\ray\_raylet.pyx", line 1890, in ray._raylet.execute_task
  File "python\ray\_raylet.pyx", line 1991, in ray._raylet.execute_task
  File "python\ray\_raylet.pyx", line 1896, in ray._raylet.execute_task
  File "C:\Users\PC\Desktop\Codigo-Aplicacion-de-Aprendizaje-Federado\.venv\lib\site-packages\flwr\simulation\ray_transport\ray_client_proxy.py", line 148, in launch_and_fit
    return maybe_call_fit(
  File "C:\Users\PC\Desktop\Codigo-Aplicacion-de-Aprendizaje-Federado\.venv\lib\site-packages\flwr\client\client.py", line 184, in maybe_call_fit
    return client.fit(fit_ins)
  File "C:\Users\PC\Desktop\Codigo-Aplicacion-de-Aprendizaje-Federado\hfedxgboost\hfedxgboost\client.py", line 242, in fit
    train_loss, train_result, num_examples = self.train(
  File "C:\Users\PC\Desktop\Codigo-Aplicacion-de-Aprendizaje-Federado\hfedxgboost\hfedxgboost\client.py", line 125, in train
    loss, metric_val, n_samples = self.train_one_loop(
  File "C:\Users\PC\Desktop\Codigo-Aplicacion-de-Aprendizaje-Federado\hfedxgboost\hfedxgboost\client.py", line 79, in train_one_loop
    metric_val = metric_fn(outputs, labels.type(torch.int))
  File "C:\Users\PC\Desktop\Codigo-Aplicacion-de-Aprendizaje-Federado\.venv\lib\site-packages\torch\nn\modules\module.py", line 1751, in _wrapped_call_impl
    return self._call_impl(*args, **kwargs)
  File "C:\Users\PC\Desktop\Codigo-Aplicacion-de-Aprendizaje-Federado\.venv\lib\site-packages\torch\nn\modules\module.py", line 1762, in _call_impl
    return forward_call(*args, **kwargs)
  File "C:\Users\PC\Desktop\Codigo-Aplicacion-de-Aprendizaje-Federado\.venv\lib\site-packages\torchmetrics\metric.py", line 315, in forward
    self._forward_cache = self._forward_reduce_state_update(*args, **kwargs)
  File "C:\Users\PC\Desktop\Codigo-Aplicacion-de-Aprendizaje-Federado\.venv\lib\site-packages\torchmetrics\metric.py", line 384, in _forward_reduce_state_update
    self.update(*args, **kwargs)
  File "C:\Users\PC\Desktop\Codigo-Aplicacion-de-Aprendizaje-Federado\.venv\lib\site-packages\torchmetrics\metric.py", line 552, in wrapped_func
    raise RuntimeError(
RuntimeError: Encountered different devices in metric calculation (see stacktrace for details). This could be due to the metric class not being on the same device as input. Instead of `metric=MeanSquaredError(...)` try to do `metric=MeanSquaredError(...).to(device)` where device corresponds to the device of the input.
[2025-06-26 18:16:03,775][flwr][ERROR] - [36mray::launch_and_fit()[39m (pid=18596, ip=127.0.0.1)
  File "C:\Users\PC\Desktop\Codigo-Aplicacion-de-Aprendizaje-Federado\.venv\lib\site-packages\torchmetrics\regression\mse.py", line 105, in update
    self.sum_squared_error += sum_squared_error
RuntimeError: Expected all tensors to be on the same device, but found at least two devices, cuda:0 and cpu!

The above exception was the direct cause of the following exception:

[36mray::launch_and_fit()[39m (pid=18596, ip=127.0.0.1)
  File "python\ray\_raylet.pyx", line 1890, in ray._raylet.execute_task
  File "python\ray\_raylet.pyx", line 1991, in ray._raylet.execute_task
  File "python\ray\_raylet.pyx", line 1896, in ray._raylet.execute_task
  File "C:\Users\PC\Desktop\Codigo-Aplicacion-de-Aprendizaje-Federado\.venv\lib\site-packages\flwr\simulation\ray_transport\ray_client_proxy.py", line 148, in launch_and_fit
    return maybe_call_fit(
  File "C:\Users\PC\Desktop\Codigo-Aplicacion-de-Aprendizaje-Federado\.venv\lib\site-packages\flwr\client\client.py", line 184, in maybe_call_fit
    return client.fit(fit_ins)
  File "C:\Users\PC\Desktop\Codigo-Aplicacion-de-Aprendizaje-Federado\hfedxgboost\hfedxgboost\client.py", line 242, in fit
    train_loss, train_result, num_examples = self.train(
  File "C:\Users\PC\Desktop\Codigo-Aplicacion-de-Aprendizaje-Federado\hfedxgboost\hfedxgboost\client.py", line 125, in train
    loss, metric_val, n_samples = self.train_one_loop(
  File "C:\Users\PC\Desktop\Codigo-Aplicacion-de-Aprendizaje-Federado\hfedxgboost\hfedxgboost\client.py", line 79, in train_one_loop
    metric_val = metric_fn(outputs, labels.type(torch.int))
  File "C:\Users\PC\Desktop\Codigo-Aplicacion-de-Aprendizaje-Federado\.venv\lib\site-packages\torch\nn\modules\module.py", line 1751, in _wrapped_call_impl
    return self._call_impl(*args, **kwargs)
  File "C:\Users\PC\Desktop\Codigo-Aplicacion-de-Aprendizaje-Federado\.venv\lib\site-packages\torch\nn\modules\module.py", line 1762, in _call_impl
    return forward_call(*args, **kwargs)
  File "C:\Users\PC\Desktop\Codigo-Aplicacion-de-Aprendizaje-Federado\.venv\lib\site-packages\torchmetrics\metric.py", line 315, in forward
    self._forward_cache = self._forward_reduce_state_update(*args, **kwargs)
  File "C:\Users\PC\Desktop\Codigo-Aplicacion-de-Aprendizaje-Federado\.venv\lib\site-packages\torchmetrics\metric.py", line 384, in _forward_reduce_state_update
    self.update(*args, **kwargs)
  File "C:\Users\PC\Desktop\Codigo-Aplicacion-de-Aprendizaje-Federado\.venv\lib\site-packages\torchmetrics\metric.py", line 552, in wrapped_func
    raise RuntimeError(
RuntimeError: Encountered different devices in metric calculation (see stacktrace for details). This could be due to the metric class not being on the same device as input. Instead of `metric=MeanSquaredError(...)` try to do `metric=MeanSquaredError(...).to(device)` where device corresponds to the device of the input.
[2025-06-26 18:16:03,944][flwr][ERROR] - [36mray::launch_and_fit()[39m (pid=25688, ip=127.0.0.1)
  File "C:\Users\PC\Desktop\Codigo-Aplicacion-de-Aprendizaje-Federado\.venv\lib\site-packages\torchmetrics\regression\mse.py", line 105, in update
    self.sum_squared_error += sum_squared_error
RuntimeError: Expected all tensors to be on the same device, but found at least two devices, cuda:0 and cpu!

The above exception was the direct cause of the following exception:

[36mray::launch_and_fit()[39m (pid=25688, ip=127.0.0.1)
  File "python\ray\_raylet.pyx", line 1890, in ray._raylet.execute_task
  File "python\ray\_raylet.pyx", line 1991, in ray._raylet.execute_task
  File "python\ray\_raylet.pyx", line 1896, in ray._raylet.execute_task
  File "C:\Users\PC\Desktop\Codigo-Aplicacion-de-Aprendizaje-Federado\.venv\lib\site-packages\flwr\simulation\ray_transport\ray_client_proxy.py", line 148, in launch_and_fit
    return maybe_call_fit(
  File "C:\Users\PC\Desktop\Codigo-Aplicacion-de-Aprendizaje-Federado\.venv\lib\site-packages\flwr\client\client.py", line 184, in maybe_call_fit
    return client.fit(fit_ins)
  File "C:\Users\PC\Desktop\Codigo-Aplicacion-de-Aprendizaje-Federado\hfedxgboost\hfedxgboost\client.py", line 242, in fit
    train_loss, train_result, num_examples = self.train(
  File "C:\Users\PC\Desktop\Codigo-Aplicacion-de-Aprendizaje-Federado\hfedxgboost\hfedxgboost\client.py", line 125, in train
    loss, metric_val, n_samples = self.train_one_loop(
  File "C:\Users\PC\Desktop\Codigo-Aplicacion-de-Aprendizaje-Federado\hfedxgboost\hfedxgboost\client.py", line 79, in train_one_loop
    metric_val = metric_fn(outputs, labels.type(torch.int))
  File "C:\Users\PC\Desktop\Codigo-Aplicacion-de-Aprendizaje-Federado\.venv\lib\site-packages\torch\nn\modules\module.py", line 1751, in _wrapped_call_impl
    return self._call_impl(*args, **kwargs)
  File "C:\Users\PC\Desktop\Codigo-Aplicacion-de-Aprendizaje-Federado\.venv\lib\site-packages\torch\nn\modules\module.py", line 1762, in _call_impl
    return forward_call(*args, **kwargs)
  File "C:\Users\PC\Desktop\Codigo-Aplicacion-de-Aprendizaje-Federado\.venv\lib\site-packages\torchmetrics\metric.py", line 315, in forward
    self._forward_cache = self._forward_reduce_state_update(*args, **kwargs)
  File "C:\Users\PC\Desktop\Codigo-Aplicacion-de-Aprendizaje-Federado\.venv\lib\site-packages\torchmetrics\metric.py", line 384, in _forward_reduce_state_update
    self.update(*args, **kwargs)
  File "C:\Users\PC\Desktop\Codigo-Aplicacion-de-Aprendizaje-Federado\.venv\lib\site-packages\torchmetrics\metric.py", line 552, in wrapped_func
    raise RuntimeError(
RuntimeError: Encountered different devices in metric calculation (see stacktrace for details). This could be due to the metric class not being on the same device as input. Instead of `metric=MeanSquaredError(...)` try to do `metric=MeanSquaredError(...).to(device)` where device corresponds to the device of the input.
[2025-06-26 18:16:04,029][flwr][ERROR] - [36mray::launch_and_fit()[39m (pid=26468, ip=127.0.0.1)
  File "C:\Users\PC\Desktop\Codigo-Aplicacion-de-Aprendizaje-Federado\.venv\lib\site-packages\torchmetrics\regression\mse.py", line 105, in update
    self.sum_squared_error += sum_squared_error
RuntimeError: Expected all tensors to be on the same device, but found at least two devices, cuda:0 and cpu!

The above exception was the direct cause of the following exception:

[36mray::launch_and_fit()[39m (pid=26468, ip=127.0.0.1)
  File "python\ray\_raylet.pyx", line 1890, in ray._raylet.execute_task
  File "python\ray\_raylet.pyx", line 1991, in ray._raylet.execute_task
  File "python\ray\_raylet.pyx", line 1896, in ray._raylet.execute_task
  File "C:\Users\PC\Desktop\Codigo-Aplicacion-de-Aprendizaje-Federado\.venv\lib\site-packages\flwr\simulation\ray_transport\ray_client_proxy.py", line 148, in launch_and_fit
    return maybe_call_fit(
  File "C:\Users\PC\Desktop\Codigo-Aplicacion-de-Aprendizaje-Federado\.venv\lib\site-packages\flwr\client\client.py", line 184, in maybe_call_fit
    return client.fit(fit_ins)
  File "C:\Users\PC\Desktop\Codigo-Aplicacion-de-Aprendizaje-Federado\hfedxgboost\hfedxgboost\client.py", line 242, in fit
    train_loss, train_result, num_examples = self.train(
  File "C:\Users\PC\Desktop\Codigo-Aplicacion-de-Aprendizaje-Federado\hfedxgboost\hfedxgboost\client.py", line 125, in train
    loss, metric_val, n_samples = self.train_one_loop(
  File "C:\Users\PC\Desktop\Codigo-Aplicacion-de-Aprendizaje-Federado\hfedxgboost\hfedxgboost\client.py", line 79, in train_one_loop
    metric_val = metric_fn(outputs, labels.type(torch.int))
  File "C:\Users\PC\Desktop\Codigo-Aplicacion-de-Aprendizaje-Federado\.venv\lib\site-packages\torch\nn\modules\module.py", line 1751, in _wrapped_call_impl
    return self._call_impl(*args, **kwargs)
  File "C:\Users\PC\Desktop\Codigo-Aplicacion-de-Aprendizaje-Federado\.venv\lib\site-packages\torch\nn\modules\module.py", line 1762, in _call_impl
    return forward_call(*args, **kwargs)
  File "C:\Users\PC\Desktop\Codigo-Aplicacion-de-Aprendizaje-Federado\.venv\lib\site-packages\torchmetrics\metric.py", line 315, in forward
    self._forward_cache = self._forward_reduce_state_update(*args, **kwargs)
  File "C:\Users\PC\Desktop\Codigo-Aplicacion-de-Aprendizaje-Federado\.venv\lib\site-packages\torchmetrics\metric.py", line 384, in _forward_reduce_state_update
    self.update(*args, **kwargs)
  File "C:\Users\PC\Desktop\Codigo-Aplicacion-de-Aprendizaje-Federado\.venv\lib\site-packages\torchmetrics\metric.py", line 552, in wrapped_func
    raise RuntimeError(
RuntimeError: Encountered different devices in metric calculation (see stacktrace for details). This could be due to the metric class not being on the same device as input. Instead of `metric=MeanSquaredError(...)` try to do `metric=MeanSquaredError(...).to(device)` where device corresponds to the device of the input.
[2025-06-26 18:16:13,432][flwr][ERROR] - [36mray::launch_and_fit()[39m (pid=16348, ip=127.0.0.1)
  File "C:\Users\PC\Desktop\Codigo-Aplicacion-de-Aprendizaje-Federado\.venv\lib\site-packages\torchmetrics\regression\mse.py", line 105, in update
    self.sum_squared_error += sum_squared_error
RuntimeError: Expected all tensors to be on the same device, but found at least two devices, cuda:0 and cpu!

The above exception was the direct cause of the following exception:

[36mray::launch_and_fit()[39m (pid=16348, ip=127.0.0.1)
  File "python\ray\_raylet.pyx", line 1890, in ray._raylet.execute_task
  File "python\ray\_raylet.pyx", line 1991, in ray._raylet.execute_task
  File "python\ray\_raylet.pyx", line 1896, in ray._raylet.execute_task
  File "C:\Users\PC\Desktop\Codigo-Aplicacion-de-Aprendizaje-Federado\.venv\lib\site-packages\flwr\simulation\ray_transport\ray_client_proxy.py", line 148, in launch_and_fit
    return maybe_call_fit(
  File "C:\Users\PC\Desktop\Codigo-Aplicacion-de-Aprendizaje-Federado\.venv\lib\site-packages\flwr\client\client.py", line 184, in maybe_call_fit
    return client.fit(fit_ins)
  File "C:\Users\PC\Desktop\Codigo-Aplicacion-de-Aprendizaje-Federado\hfedxgboost\hfedxgboost\client.py", line 242, in fit
    train_loss, train_result, num_examples = self.train(
  File "C:\Users\PC\Desktop\Codigo-Aplicacion-de-Aprendizaje-Federado\hfedxgboost\hfedxgboost\client.py", line 125, in train
    loss, metric_val, n_samples = self.train_one_loop(
  File "C:\Users\PC\Desktop\Codigo-Aplicacion-de-Aprendizaje-Federado\hfedxgboost\hfedxgboost\client.py", line 79, in train_one_loop
    metric_val = metric_fn(outputs, labels.type(torch.int))
  File "C:\Users\PC\Desktop\Codigo-Aplicacion-de-Aprendizaje-Federado\.venv\lib\site-packages\torch\nn\modules\module.py", line 1751, in _wrapped_call_impl
    return self._call_impl(*args, **kwargs)
  File "C:\Users\PC\Desktop\Codigo-Aplicacion-de-Aprendizaje-Federado\.venv\lib\site-packages\torch\nn\modules\module.py", line 1762, in _call_impl
    return forward_call(*args, **kwargs)
  File "C:\Users\PC\Desktop\Codigo-Aplicacion-de-Aprendizaje-Federado\.venv\lib\site-packages\torchmetrics\metric.py", line 315, in forward
    self._forward_cache = self._forward_reduce_state_update(*args, **kwargs)
  File "C:\Users\PC\Desktop\Codigo-Aplicacion-de-Aprendizaje-Federado\.venv\lib\site-packages\torchmetrics\metric.py", line 384, in _forward_reduce_state_update
    self.update(*args, **kwargs)
  File "C:\Users\PC\Desktop\Codigo-Aplicacion-de-Aprendizaje-Federado\.venv\lib\site-packages\torchmetrics\metric.py", line 552, in wrapped_func
    raise RuntimeError(
RuntimeError: Encountered different devices in metric calculation (see stacktrace for details). This could be due to the metric class not being on the same device as input. Instead of `metric=MeanSquaredError(...)` try to do `metric=MeanSquaredError(...).to(device)` where device corresponds to the device of the input.
[2025-06-26 18:16:16,761][flwr][ERROR] - [36mray::launch_and_fit()[39m (pid=9132, ip=127.0.0.1)
  File "C:\Users\PC\Desktop\Codigo-Aplicacion-de-Aprendizaje-Federado\.venv\lib\site-packages\torchmetrics\regression\mse.py", line 105, in update
    self.sum_squared_error += sum_squared_error
RuntimeError: Expected all tensors to be on the same device, but found at least two devices, cuda:0 and cpu!

The above exception was the direct cause of the following exception:

[36mray::launch_and_fit()[39m (pid=9132, ip=127.0.0.1)
  File "python\ray\_raylet.pyx", line 1890, in ray._raylet.execute_task
  File "python\ray\_raylet.pyx", line 1991, in ray._raylet.execute_task
  File "python\ray\_raylet.pyx", line 1896, in ray._raylet.execute_task
  File "C:\Users\PC\Desktop\Codigo-Aplicacion-de-Aprendizaje-Federado\.venv\lib\site-packages\flwr\simulation\ray_transport\ray_client_proxy.py", line 148, in launch_and_fit
    return maybe_call_fit(
  File "C:\Users\PC\Desktop\Codigo-Aplicacion-de-Aprendizaje-Federado\.venv\lib\site-packages\flwr\client\client.py", line 184, in maybe_call_fit
    return client.fit(fit_ins)
  File "C:\Users\PC\Desktop\Codigo-Aplicacion-de-Aprendizaje-Federado\hfedxgboost\hfedxgboost\client.py", line 242, in fit
    train_loss, train_result, num_examples = self.train(
  File "C:\Users\PC\Desktop\Codigo-Aplicacion-de-Aprendizaje-Federado\hfedxgboost\hfedxgboost\client.py", line 125, in train
    loss, metric_val, n_samples = self.train_one_loop(
  File "C:\Users\PC\Desktop\Codigo-Aplicacion-de-Aprendizaje-Federado\hfedxgboost\hfedxgboost\client.py", line 79, in train_one_loop
    metric_val = metric_fn(outputs, labels.type(torch.int))
  File "C:\Users\PC\Desktop\Codigo-Aplicacion-de-Aprendizaje-Federado\.venv\lib\site-packages\torch\nn\modules\module.py", line 1751, in _wrapped_call_impl
    return self._call_impl(*args, **kwargs)
  File "C:\Users\PC\Desktop\Codigo-Aplicacion-de-Aprendizaje-Federado\.venv\lib\site-packages\torch\nn\modules\module.py", line 1762, in _call_impl
    return forward_call(*args, **kwargs)
  File "C:\Users\PC\Desktop\Codigo-Aplicacion-de-Aprendizaje-Federado\.venv\lib\site-packages\torchmetrics\metric.py", line 315, in forward
    self._forward_cache = self._forward_reduce_state_update(*args, **kwargs)
  File "C:\Users\PC\Desktop\Codigo-Aplicacion-de-Aprendizaje-Federado\.venv\lib\site-packages\torchmetrics\metric.py", line 384, in _forward_reduce_state_update
    self.update(*args, **kwargs)
  File "C:\Users\PC\Desktop\Codigo-Aplicacion-de-Aprendizaje-Federado\.venv\lib\site-packages\torchmetrics\metric.py", line 552, in wrapped_func
    raise RuntimeError(
RuntimeError: Encountered different devices in metric calculation (see stacktrace for details). This could be due to the metric class not being on the same device as input. Instead of `metric=MeanSquaredError(...)` try to do `metric=MeanSquaredError(...).to(device)` where device corresponds to the device of the input.
[2025-06-26 18:16:16,768][flwr][DEBUG] - fit_round 1 received 0 results and 28 failures
