[2025-06-27 10:25:49,107][flwr][INFO] - Starting Flower simulation, config: ServerConfig(num_rounds=10, round_timeout=None)
[2025-06-27 10:25:56,469][flwr][INFO] - Flower VCE: Ray initialized with resources: {'memory': 4388850894.0, 'GPU': 1.0, 'node:127.0.0.1': 1.0, 'CPU': 12.0, 'object_store_memory': 2194425446.0, 'node:__internal_head__': 1.0, 'accelerator_type:G': 1.0}
[2025-06-27 10:25:56,469][flwr][INFO] - Initializing global parameters
[2025-06-27 10:25:56,470][flwr][INFO] - Requesting initial parameters from one random client
[2025-06-27 10:26:00,596][flwr][INFO] - Received initial parameters from one random client
[2025-06-27 10:26:00,596][flwr][INFO] - Evaluating initial parameters
[2025-06-27 10:26:13,804][flwr][INFO] - initial parameters (loss, other metrics): 7334.1265058290155, {'mse': tensor(233666.8906)}
[2025-06-27 10:26:13,819][flwr][INFO] - FL starting
[2025-06-27 10:26:13,821][flwr][DEBUG] - fit_round 1: strategy sampled 28 clients (out of 28)
[2025-06-27 10:27:50,541][flwr][DEBUG] - fit_round 1 received 28 results and 0 failures
[2025-06-27 10:27:50,567][flwr][WARNING] - No fit_metrics_aggregation_fn provided
[2025-06-27 10:28:01,637][flwr][INFO] - fit progress: (1, 1336.6235285783678, {'mse': tensor(42680.6250)}, 107.81013069999608)
[2025-06-27 10:28:01,650][flwr][INFO] - evaluate_round 1: no clients selected, cancel
[2025-06-27 10:28:01,651][flwr][DEBUG] - fit_round 2: strategy sampled 28 clients (out of 28)
[2025-06-27 10:29:48,766][flwr][DEBUG] - fit_round 2 received 28 results and 0 failures
[2025-06-27 10:30:00,880][flwr][INFO] - fit progress: (2, 1328.1988979517487, {'mse': tensor(42408.3164)}, 227.04753289999644)
[2025-06-27 10:30:00,883][flwr][INFO] - evaluate_round 2: no clients selected, cancel
[2025-06-27 10:30:00,884][flwr][DEBUG] - fit_round 3: strategy sampled 28 clients (out of 28)
[2025-06-27 10:31:47,798][flwr][DEBUG] - fit_round 3 received 28 results and 0 failures
[2025-06-27 10:32:00,919][flwr][INFO] - fit progress: (3, 1324.6339415344344, {'mse': tensor(42293.1250)}, 347.08113669999875)
[2025-06-27 10:32:00,928][flwr][INFO] - evaluate_round 3: no clients selected, cancel
[2025-06-27 10:32:00,929][flwr][DEBUG] - fit_round 4: strategy sampled 28 clients (out of 28)
[2025-06-27 10:33:52,574][flwr][DEBUG] - fit_round 4 received 28 results and 0 failures
[2025-06-27 10:34:04,936][flwr][INFO] - fit progress: (4, 1323.5322400555915, {'mse': tensor(42261.0117)}, 471.09013969999796)
[2025-06-27 10:34:04,939][flwr][INFO] - evaluate_round 4: no clients selected, cancel
[2025-06-27 10:34:04,940][flwr][DEBUG] - fit_round 5: strategy sampled 28 clients (out of 28)
[2025-06-27 10:35:47,501][flwr][DEBUG] - fit_round 5 received 28 results and 0 failures
[2025-06-27 10:35:59,310][flwr][INFO] - fit progress: (5, 1315.2582331471287, {'mse': tensor(41997.3594)}, 585.4581857999947)
[2025-06-27 10:35:59,313][flwr][INFO] - evaluate_round 5: no clients selected, cancel
[2025-06-27 10:35:59,313][flwr][DEBUG] - fit_round 6: strategy sampled 28 clients (out of 28)
[2025-06-27 10:37:40,781][flwr][DEBUG] - fit_round 6 received 28 results and 0 failures
[2025-06-27 10:37:52,656][flwr][INFO] - fit progress: (6, 1318.731156560341, {'mse': tensor(42105.7695)}, 698.7978130999982)
[2025-06-27 10:37:52,658][flwr][INFO] - evaluate_round 6: no clients selected, cancel
[2025-06-27 10:37:52,658][flwr][DEBUG] - fit_round 7: strategy sampled 28 clients (out of 28)
[2025-06-27 10:39:37,342][flwr][DEBUG] - fit_round 7 received 28 results and 0 failures
[2025-06-27 10:39:49,738][flwr][INFO] - fit progress: (7, 1311.8554987721286, {'mse': tensor(41890.3281)}, 815.872964999995)
[2025-06-27 10:39:49,740][flwr][INFO] - evaluate_round 7: no clients selected, cancel
[2025-06-27 10:39:49,741][flwr][DEBUG] - fit_round 8: strategy sampled 28 clients (out of 28)
[2025-06-27 10:41:42,124][flwr][DEBUG] - fit_round 8 received 28 results and 0 failures
[2025-06-27 10:41:54,667][flwr][INFO] - fit progress: (8, 1316.4464128616148, {'mse': tensor(42032.1641)}, 940.7959730000002)
[2025-06-27 10:41:54,669][flwr][INFO] - evaluate_round 8: no clients selected, cancel
[2025-06-27 10:41:54,670][flwr][DEBUG] - fit_round 9: strategy sampled 28 clients (out of 28)
[2025-06-27 10:43:45,822][flwr][DEBUG] - fit_round 9 received 28 results and 0 failures
[2025-06-27 10:43:59,254][flwr][INFO] - fit progress: (9, 1300.8293994224957, {'mse': tensor(41536.8555)}, 1065.379116199998)
[2025-06-27 10:43:59,258][flwr][INFO] - evaluate_round 9: no clients selected, cancel
[2025-06-27 10:43:59,259][flwr][DEBUG] - fit_round 10: strategy sampled 28 clients (out of 28)
[2025-06-27 10:45:47,475][flwr][DEBUG] - fit_round 10 received 28 results and 0 failures
[2025-06-27 10:45:59,763][flwr][INFO] - fit progress: (10, 1297.3067121383851, {'mse': tensor(41426.6875)}, 1185.8820274999962)
[2025-06-27 10:45:59,765][flwr][INFO] - evaluate_round 10: no clients selected, cancel
[2025-06-27 10:45:59,765][flwr][INFO] - FL finished in 1185.8846703999952
[2025-06-27 10:45:59,765][flwr][INFO] - app_fit: losses_distributed []
[2025-06-27 10:45:59,766][flwr][INFO] - app_fit: metrics_distributed_fit {}
[2025-06-27 10:45:59,766][flwr][INFO] - app_fit: metrics_distributed {}
[2025-06-27 10:45:59,766][flwr][INFO] - app_fit: losses_centralized [(0, 7334.1265058290155), (1, 1336.6235285783678), (2, 1328.1988979517487), (3, 1324.6339415344344), (4, 1323.5322400555915), (5, 1315.2582331471287), (6, 1318.731156560341), (7, 1311.8554987721286), (8, 1316.4464128616148), (9, 1300.8293994224957), (10, 1297.3067121383851)]
[2025-06-27 10:45:59,770][flwr][INFO] - app_fit: metrics_centralized {'mse': [(0, tensor(233666.8906)), (1, tensor(42680.6250)), (2, tensor(42408.3164)), (3, tensor(42293.1250)), (4, tensor(42261.0117)), (5, tensor(41997.3594)), (6, tensor(42105.7695)), (7, tensor(41890.3281)), (8, tensor(42032.1641)), (9, tensor(41536.8555)), (10, tensor(41426.6875))]}
