[2025-06-26 18:20:17,331][flwr][INFO] - Starting Flower simulation, config: ServerConfig(num_rounds=10, round_timeout=None)
[2025-06-26 18:20:25,357][flwr][INFO] - Flower VCE: Ray initialized with resources: {'accelerator_type:G': 1.0, 'object_store_memory': 2709257011.0, 'CPU': 12.0, 'memory': 5418514023.0, 'GPU': 1.0, 'node:127.0.0.1': 1.0, 'node:__internal_head__': 1.0}
[2025-06-26 18:20:25,357][flwr][INFO] - Initializing global parameters
[2025-06-26 18:20:25,358][flwr][INFO] - Requesting initial parameters from one random client
[2025-06-26 18:20:28,808][flwr][INFO] - Received initial parameters from one random client
[2025-06-26 18:20:28,810][flwr][INFO] - Evaluating initial parameters
[2025-06-26 18:20:47,688][flwr][INFO] - initial parameters (loss, other metrics): 1519.674206437554, {'mse': tensor(48537.7930)}
[2025-06-26 18:20:47,706][flwr][INFO] - FL starting
[2025-06-26 18:20:47,708][flwr][DEBUG] - fit_round 1: strategy sampled 28 clients (out of 28)
[2025-06-26 18:22:42,880][flwr][DEBUG] - fit_round 1 received 28 results and 0 failures
[2025-06-26 18:22:42,905][flwr][WARNING] - No fit_metrics_aggregation_fn provided
[2025-06-26 18:22:52,299][flwr][INFO] - fit progress: (1, 1666.7702566723337, {'mse': tensor(53229.2070)}, 124.59247799999957)
[2025-06-26 18:22:52,327][flwr][INFO] - evaluate_round 1: no clients selected, cancel
[2025-06-26 18:22:52,329][flwr][DEBUG] - fit_round 2: strategy sampled 28 clients (out of 28)
[2025-06-26 18:24:21,016][flwr][DEBUG] - fit_round 2 received 28 results and 0 failures
[2025-06-26 18:24:31,246][flwr][INFO] - fit progress: (2, 1365.4971684747409, {'mse': tensor(43591.9297)}, 223.5384368999994)
[2025-06-26 18:24:31,248][flwr][INFO] - evaluate_round 2: no clients selected, cancel
[2025-06-26 18:24:31,249][flwr][DEBUG] - fit_round 3: strategy sampled 28 clients (out of 28)
[2025-06-26 18:26:08,090][flwr][DEBUG] - fit_round 3 received 28 results and 0 failures
[2025-06-26 18:26:17,868][flwr][INFO] - fit progress: (3, 1336.7262238234025, {'mse': tensor(42689.7148)}, 330.1614205999995)
[2025-06-26 18:26:17,870][flwr][INFO] - evaluate_round 3: no clients selected, cancel
[2025-06-26 18:26:17,870][flwr][DEBUG] - fit_round 4: strategy sampled 28 clients (out of 28)
[2025-06-26 18:27:54,558][flwr][DEBUG] - fit_round 4 received 28 results and 0 failures
[2025-06-26 18:28:05,405][flwr][INFO] - fit progress: (4, 1344.1724963568654, {'mse': tensor(42910.8008)}, 437.69799929999954)
[2025-06-26 18:28:05,408][flwr][INFO] - evaluate_round 4: no clients selected, cancel
[2025-06-26 18:28:05,410][flwr][DEBUG] - fit_round 5: strategy sampled 28 clients (out of 28)
[2025-06-26 18:29:46,228][flwr][DEBUG] - fit_round 5 received 28 results and 0 failures
[2025-06-26 18:29:56,029][flwr][INFO] - fit progress: (5, 1327.123319435449, {'mse': tensor(42380.4609)}, 548.3227408000002)
[2025-06-26 18:29:56,032][flwr][INFO] - evaluate_round 5: no clients selected, cancel
[2025-06-26 18:29:56,033][flwr][DEBUG] - fit_round 6: strategy sampled 28 clients (out of 28)
[2025-06-26 18:31:36,676][flwr][DEBUG] - fit_round 6 received 28 results and 0 failures
[2025-06-26 18:31:46,610][flwr][INFO] - fit progress: (6, 1313.5041258500648, {'mse': tensor(41949.4219)}, 658.9035617)
[2025-06-26 18:31:46,613][flwr][INFO] - evaluate_round 6: no clients selected, cancel
[2025-06-26 18:31:46,615][flwr][DEBUG] - fit_round 7: strategy sampled 28 clients (out of 28)
[2025-06-26 18:33:23,193][flwr][DEBUG] - fit_round 7 received 28 results and 0 failures
[2025-06-26 18:33:32,788][flwr][INFO] - fit progress: (7, 1322.2372820865717, {'mse': tensor(42219.8008)}, 765.0810053999994)
[2025-06-26 18:33:32,790][flwr][INFO] - evaluate_round 7: no clients selected, cancel
[2025-06-26 18:33:32,792][flwr][DEBUG] - fit_round 8: strategy sampled 28 clients (out of 28)
[2025-06-26 18:35:04,315][flwr][DEBUG] - fit_round 8 received 28 results and 0 failures
[2025-06-26 18:35:14,045][flwr][INFO] - fit progress: (8, 1315.9211669500216, {'mse': tensor(42026.9023)}, 866.3379268999997)
[2025-06-26 18:35:14,047][flwr][INFO] - evaluate_round 8: no clients selected, cancel
[2025-06-26 18:35:14,049][flwr][DEBUG] - fit_round 9: strategy sampled 28 clients (out of 28)
[2025-06-26 18:36:48,119][flwr][DEBUG] - fit_round 9 received 28 results and 0 failures
[2025-06-26 18:36:58,061][flwr][INFO] - fit progress: (9, 1297.3611476549006, {'mse': tensor(41424.3828)}, 970.3541895999997)
[2025-06-26 18:36:58,062][flwr][INFO] - evaluate_round 9: no clients selected, cancel
[2025-06-26 18:36:58,064][flwr][DEBUG] - fit_round 10: strategy sampled 28 clients (out of 28)
[2025-06-26 18:38:35,909][flwr][DEBUG] - fit_round 10 received 28 results and 0 failures
[2025-06-26 18:38:45,752][flwr][INFO] - fit progress: (10, 1296.0438785216968, {'mse': tensor(41388.0664)}, 1078.0455660999996)
[2025-06-26 18:38:45,754][flwr][INFO] - evaluate_round 10: no clients selected, cancel
[2025-06-26 18:38:45,755][flwr][INFO] - FL finished in 1078.0476011
[2025-06-26 18:38:45,755][flwr][INFO] - app_fit: losses_distributed []
[2025-06-26 18:38:45,755][flwr][INFO] - app_fit: metrics_distributed_fit {}
[2025-06-26 18:38:45,756][flwr][INFO] - app_fit: metrics_distributed {}
[2025-06-26 18:38:45,756][flwr][INFO] - app_fit: losses_centralized [(0, 1519.674206437554), (1, 1666.7702566723337), (2, 1365.4971684747409), (3, 1336.7262238234025), (4, 1344.1724963568654), (5, 1327.123319435449), (6, 1313.5041258500648), (7, 1322.2372820865717), (8, 1315.9211669500216), (9, 1297.3611476549006), (10, 1296.0438785216968)]
[2025-06-26 18:38:45,759][flwr][INFO] - app_fit: metrics_centralized {'mse': [(0, tensor(48537.7930)), (1, tensor(53229.2070)), (2, tensor(43591.9297)), (3, tensor(42689.7148)), (4, tensor(42910.8008)), (5, tensor(42380.4609)), (6, tensor(41949.4219)), (7, tensor(42219.8008)), (8, tensor(42026.9023)), (9, tensor(41424.3828)), (10, tensor(41388.0664))]}
