[2025-06-27 23:33:54,681][flwr][INFO] - Starting Flower simulation, config: ServerConfig(num_rounds=10, round_timeout=None)
[2025-06-27 23:34:04,953][flwr][INFO] - Flower VCE: Ray initialized with resources: {'GPU': 1.0, 'node:127.0.0.1': 1.0, 'CPU': 12.0, 'memory': 3690627072.0, 'node:__internal_head__': 1.0, 'accelerator_type:G': 1.0, 'object_store_memory': 1845313536.0}
[2025-06-27 23:34:04,953][flwr][INFO] - Initializing global parameters
[2025-06-27 23:34:04,953][flwr][INFO] - Requesting initial parameters from one random client
[2025-06-27 23:34:08,971][flwr][INFO] - Received initial parameters from one random client
[2025-06-27 23:34:08,971][flwr][INFO] - Evaluating initial parameters
[2025-06-27 23:34:42,212][flwr][INFO] - initial parameters (loss, other metrics): 2068.974997638709, {'mse': tensor(66047.2891)}
[2025-06-27 23:34:42,233][flwr][INFO] - FL starting
[2025-06-27 23:34:42,234][flwr][DEBUG] - fit_round 1: strategy sampled 28 clients (out of 28)
[2025-06-27 23:38:50,787][flwr][DEBUG] - fit_round 1 received 28 results and 0 failures
[2025-06-27 23:38:50,808][flwr][WARNING] - No fit_metrics_aggregation_fn provided
[2025-06-27 23:39:16,682][flwr][INFO] - fit progress: (1, 1515.6106366040588, {'mse': tensor(48407.3008)}, 274.4478547000035)
[2025-06-27 23:39:16,709][flwr][INFO] - evaluate_round 1: no clients selected, cancel
[2025-06-27 23:39:16,711][flwr][DEBUG] - fit_round 2: strategy sampled 28 clients (out of 28)
[2025-06-27 23:43:18,233][flwr][DEBUG] - fit_round 2 received 28 results and 0 failures
[2025-06-27 23:43:44,652][flwr][INFO] - fit progress: (2, 1396.7050747517271, {'mse': tensor(44582.4062)}, 542.4186736999982)
[2025-06-27 23:43:44,666][flwr][INFO] - evaluate_round 2: no clients selected, cancel
[2025-06-27 23:43:44,668][flwr][DEBUG] - fit_round 3: strategy sampled 28 clients (out of 28)
[2025-06-27 23:47:48,162][flwr][DEBUG] - fit_round 3 received 28 results and 0 failures
[2025-06-27 23:48:15,415][flwr][INFO] - fit progress: (3, 1377.7132208684154, {'mse': tensor(44000.3945)}, 813.1820080000034)
[2025-06-27 23:48:15,418][flwr][INFO] - evaluate_round 3: no clients selected, cancel
[2025-06-27 23:48:15,420][flwr][DEBUG] - fit_round 4: strategy sampled 28 clients (out of 28)
[2025-06-27 23:52:13,715][flwr][DEBUG] - fit_round 4 received 28 results and 0 failures
[2025-06-27 23:52:40,247][flwr][INFO] - fit progress: (4, 1357.4660260821458, {'mse': tensor(43347.0742)}, 1078.0133331999969)
[2025-06-27 23:52:40,250][flwr][INFO] - evaluate_round 4: no clients selected, cancel
[2025-06-27 23:52:40,250][flwr][DEBUG] - fit_round 5: strategy sampled 28 clients (out of 28)
[2025-06-27 23:56:45,759][flwr][DEBUG] - fit_round 5 received 28 results and 0 failures
[2025-06-27 23:57:11,859][flwr][INFO] - fit progress: (5, 1359.8868246707686, {'mse': tensor(43419.6055)}, 1349.6253507999936)
[2025-06-27 23:57:11,862][flwr][INFO] - evaluate_round 5: no clients selected, cancel
[2025-06-27 23:57:11,862][flwr][DEBUG] - fit_round 6: strategy sampled 28 clients (out of 28)
[2025-06-28 00:01:06,713][flwr][DEBUG] - fit_round 6 received 28 results and 0 failures
[2025-06-28 00:01:32,255][flwr][INFO] - fit progress: (6, 1347.9457560853843, {'mse': tensor(43038.5703)}, 1610.0219186000031)
[2025-06-28 00:01:32,258][flwr][INFO] - evaluate_round 6: no clients selected, cancel
[2025-06-28 00:01:32,258][flwr][DEBUG] - fit_round 7: strategy sampled 28 clients (out of 28)
[2025-06-28 00:05:22,425][flwr][DEBUG] - fit_round 7 received 28 results and 0 failures
[2025-06-28 00:05:48,409][flwr][INFO] - fit progress: (7, 1346.402832537241, {'mse': tensor(42994.2812)}, 1866.175195200005)
[2025-06-28 00:05:48,412][flwr][INFO] - evaluate_round 7: no clients selected, cancel
[2025-06-28 00:05:48,412][flwr][DEBUG] - fit_round 8: strategy sampled 28 clients (out of 28)
[2025-06-28 00:09:46,084][flwr][DEBUG] - fit_round 8 received 28 results and 0 failures
[2025-06-28 00:10:12,324][flwr][INFO] - fit progress: (8, 1346.9010551597582, {'mse': tensor(43005.9844)}, 2130.091333599994)
[2025-06-28 00:10:12,327][flwr][INFO] - evaluate_round 8: no clients selected, cancel
[2025-06-28 00:10:12,327][flwr][DEBUG] - fit_round 9: strategy sampled 28 clients (out of 28)
[2025-06-28 00:14:10,639][flwr][DEBUG] - fit_round 9 received 28 results and 0 failures
[2025-06-28 00:14:37,388][flwr][INFO] - fit progress: (9, 1339.2241128292314, {'mse': tensor(42765.1797)}, 2395.155936299998)
[2025-06-28 00:14:37,391][flwr][INFO] - evaluate_round 9: no clients selected, cancel
[2025-06-28 00:14:37,393][flwr][DEBUG] - fit_round 10: strategy sampled 28 clients (out of 28)
[2025-06-28 00:18:39,145][flwr][DEBUG] - fit_round 10 received 28 results and 0 failures
[2025-06-28 00:19:05,618][flwr][INFO] - fit progress: (10, 1345.857315616904, {'mse': tensor(42973.7695)}, 2663.3858158999938)
[2025-06-28 00:19:05,621][flwr][INFO] - evaluate_round 10: no clients selected, cancel
[2025-06-28 00:19:05,621][flwr][INFO] - FL finished in 2663.3881903
[2025-06-28 00:19:05,621][flwr][INFO] - app_fit: losses_distributed []
[2025-06-28 00:19:05,624][flwr][INFO] - app_fit: metrics_distributed_fit {}
[2025-06-28 00:19:05,624][flwr][INFO] - app_fit: metrics_distributed {}
[2025-06-28 00:19:05,624][flwr][INFO] - app_fit: losses_centralized [(0, 2068.974997638709), (1, 1515.6106366040588), (2, 1396.7050747517271), (3, 1377.7132208684154), (4, 1357.4660260821458), (5, 1359.8868246707686), (6, 1347.9457560853843), (7, 1346.402832537241), (8, 1346.9010551597582), (9, 1339.2241128292314), (10, 1345.857315616904)]
[2025-06-28 00:19:05,628][flwr][INFO] - app_fit: metrics_centralized {'mse': [(0, tensor(66047.2891)), (1, tensor(48407.3008)), (2, tensor(44582.4062)), (3, tensor(44000.3945)), (4, tensor(43347.0742)), (5, tensor(43419.6055)), (6, tensor(43038.5703)), (7, tensor(42994.2812)), (8, tensor(43005.9844)), (9, tensor(42765.1797)), (10, tensor(42973.7695))]}
