[2025-06-27 12:20:14,568][flwr][INFO] - Starting Flower simulation, config: ServerConfig(num_rounds=10, round_timeout=None)
[2025-06-27 12:20:24,152][flwr][INFO] - Flower VCE: Ray initialized with resources: {'memory': 3891978240.0, 'GPU': 1.0, 'node:127.0.0.1': 1.0, 'accelerator_type:G': 1.0, 'node:__internal_head__': 1.0, 'CPU': 12.0, 'object_store_memory': 1945989120.0}
[2025-06-27 12:20:24,152][flwr][INFO] - Initializing global parameters
[2025-06-27 12:20:24,152][flwr][INFO] - Requesting initial parameters from one random client
[2025-06-27 12:20:28,397][flwr][INFO] - Received initial parameters from one random client
[2025-06-27 12:20:28,397][flwr][INFO] - Evaluating initial parameters
[2025-06-27 12:20:49,530][flwr][INFO] - initial parameters (loss, other metrics): 3052.6868712219343, {'mse': tensor(97177.7891)}
[2025-06-27 12:20:49,557][flwr][INFO] - FL starting
[2025-06-27 12:20:49,557][flwr][DEBUG] - fit_round 1: strategy sampled 28 clients (out of 28)
[2025-06-27 12:23:03,636][flwr][DEBUG] - fit_round 1 received 28 results and 0 failures
[2025-06-27 12:23:03,666][flwr][WARNING] - No fit_metrics_aggregation_fn provided
[2025-06-27 12:23:16,408][flwr][INFO] - fit progress: (1, 1377.0749143188687, {'mse': tensor(43961.5820)}, 146.84973709999758)
[2025-06-27 12:23:16,435][flwr][INFO] - evaluate_round 1: no clients selected, cancel
[2025-06-27 12:23:16,436][flwr][DEBUG] - fit_round 2: strategy sampled 28 clients (out of 28)
[2025-06-27 12:25:19,027][flwr][DEBUG] - fit_round 2 received 28 results and 0 failures
[2025-06-27 12:25:32,239][flwr][INFO] - fit progress: (2, 1359.0744626376295, {'mse': tensor(43402.1914)}, 282.68044910000754)
[2025-06-27 12:25:32,248][flwr][INFO] - evaluate_round 2: no clients selected, cancel
[2025-06-27 12:25:32,249][flwr][DEBUG] - fit_round 3: strategy sampled 28 clients (out of 28)
[2025-06-27 12:27:35,062][flwr][DEBUG] - fit_round 3 received 28 results and 0 failures
[2025-06-27 12:27:48,409][flwr][INFO] - fit progress: (3, 1354.645553351684, {'mse': tensor(43253.6367)}, 418.84926420000556)
[2025-06-27 12:27:48,412][flwr][INFO] - evaluate_round 3: no clients selected, cancel
[2025-06-27 12:27:48,412][flwr][DEBUG] - fit_round 4: strategy sampled 28 clients (out of 28)
[2025-06-27 12:29:49,392][flwr][DEBUG] - fit_round 4 received 28 results and 0 failures
[2025-06-27 12:30:02,437][flwr][INFO] - fit progress: (4, 1341.0430200237479, {'mse': tensor(42822.2109)}, 552.8769672000053)
[2025-06-27 12:30:02,439][flwr][INFO] - evaluate_round 4: no clients selected, cancel
[2025-06-27 12:30:02,440][flwr][DEBUG] - fit_round 5: strategy sampled 28 clients (out of 28)
[2025-06-27 12:32:02,569][flwr][DEBUG] - fit_round 5 received 28 results and 0 failures
[2025-06-27 12:32:14,840][flwr][INFO] - fit progress: (5, 1335.8312476387089, {'mse': tensor(42658.3125)}, 685.2783493000024)
[2025-06-27 12:32:14,842][flwr][INFO] - evaluate_round 5: no clients selected, cancel
[2025-06-27 12:32:14,842][flwr][DEBUG] - fit_round 6: strategy sampled 28 clients (out of 28)
[2025-06-27 12:34:10,818][flwr][DEBUG] - fit_round 6 received 28 results and 0 failures
[2025-06-27 12:34:24,191][flwr][INFO] - fit progress: (6, 1357.8128751079448, {'mse': tensor(43342.5703)}, 814.6292983000021)
[2025-06-27 12:34:24,193][flwr][INFO] - evaluate_round 6: no clients selected, cancel
[2025-06-27 12:34:24,194][flwr][DEBUG] - fit_round 7: strategy sampled 28 clients (out of 28)
[2025-06-27 12:36:28,838][flwr][DEBUG] - fit_round 7 received 28 results and 0 failures
[2025-06-27 12:36:41,313][flwr][INFO] - fit progress: (7, 1328.7561174303758, {'mse': tensor(42431.3242)}, 951.7510378000006)
[2025-06-27 12:36:41,316][flwr][INFO] - evaluate_round 7: no clients selected, cancel
[2025-06-27 12:36:41,316][flwr][DEBUG] - fit_round 8: strategy sampled 28 clients (out of 28)
[2025-06-27 12:38:43,542][flwr][DEBUG] - fit_round 8 received 28 results and 0 failures
[2025-06-27 12:38:57,363][flwr][INFO] - fit progress: (8, 1325.327912146481, {'mse': tensor(42318.8438)}, 1087.7991939000058)
[2025-06-27 12:38:57,367][flwr][INFO] - evaluate_round 8: no clients selected, cancel
[2025-06-27 12:38:57,371][flwr][DEBUG] - fit_round 9: strategy sampled 28 clients (out of 28)
[2025-06-27 12:41:07,093][flwr][DEBUG] - fit_round 9 received 28 results and 0 failures
[2025-06-27 12:41:20,831][flwr][INFO] - fit progress: (9, 1326.5687810341105, {'mse': tensor(42352.9141)}, 1231.2664944999997)
[2025-06-27 12:41:20,833][flwr][INFO] - evaluate_round 9: no clients selected, cancel
[2025-06-27 12:41:20,833][flwr][DEBUG] - fit_round 10: strategy sampled 28 clients (out of 28)
[2025-06-27 12:43:23,419][flwr][DEBUG] - fit_round 10 received 28 results and 0 failures
[2025-06-27 12:43:36,822][flwr][INFO] - fit progress: (10, 1304.3186612829231, {'mse': tensor(41648.6289)}, 1367.2579540000006)
[2025-06-27 12:43:36,826][flwr][INFO] - evaluate_round 10: no clients selected, cancel
[2025-06-27 12:43:36,827][flwr][INFO] - FL finished in 1367.262095900005
[2025-06-27 12:43:36,827][flwr][INFO] - app_fit: losses_distributed []
[2025-06-27 12:43:36,828][flwr][INFO] - app_fit: metrics_distributed_fit {}
[2025-06-27 12:43:36,828][flwr][INFO] - app_fit: metrics_distributed {}
[2025-06-27 12:43:36,829][flwr][INFO] - app_fit: losses_centralized [(0, 3052.6868712219343), (1, 1377.0749143188687), (2, 1359.0744626376295), (3, 1354.645553351684), (4, 1341.0430200237479), (5, 1335.8312476387089), (6, 1357.8128751079448), (7, 1328.7561174303758), (8, 1325.327912146481), (9, 1326.5687810341105), (10, 1304.3186612829231)]
[2025-06-27 12:43:36,836][flwr][INFO] - app_fit: metrics_centralized {'mse': [(0, tensor(97177.7891)), (1, tensor(43961.5820)), (2, tensor(43402.1914)), (3, tensor(43253.6367)), (4, tensor(42822.2109)), (5, tensor(42658.3125)), (6, tensor(43342.5703)), (7, tensor(42431.3242)), (8, tensor(42318.8438)), (9, tensor(42352.9141)), (10, tensor(41648.6289))]}
