[2025-06-28 01:03:51,340][flwr][INFO] - Starting Flower simulation, config: ServerConfig(num_rounds=10, round_timeout=None)
[2025-06-28 01:04:00,464][flwr][INFO] - Flower VCE: Ray initialized with resources: {'object_store_memory': 2423204659.0, 'node:127.0.0.1': 1.0, 'node:__internal_head__': 1.0, 'memory': 4846409319.0, 'accelerator_type:G': 1.0, 'CPU': 12.0, 'GPU': 1.0}
[2025-06-28 01:04:00,464][flwr][INFO] - Initializing global parameters
[2025-06-28 01:04:00,464][flwr][INFO] - Requesting initial parameters from one random client
[2025-06-28 01:04:06,216][flwr][INFO] - Received initial parameters from one random client
[2025-06-28 01:04:06,220][flwr][INFO] - Evaluating initial parameters
[2025-06-28 01:04:42,404][flwr][INFO] - initial parameters (loss, other metrics): 1984.364113773748, {'mse': tensor(63349.9062)}
[2025-06-28 01:04:42,416][flwr][INFO] - FL starting
[2025-06-28 01:04:42,416][flwr][DEBUG] - fit_round 1: strategy sampled 28 clients (out of 28)
[2025-06-28 01:12:58,198][flwr][DEBUG] - fit_round 1 received 28 results and 0 failures
[2025-06-28 01:12:58,221][flwr][WARNING] - No fit_metrics_aggregation_fn provided
[2025-06-28 01:13:27,607][flwr][INFO] - fit progress: (1, 1415.7583448024611, {'mse': tensor(45187.2070)}, 525.1902408000024)
[2025-06-28 01:13:27,619][flwr][INFO] - evaluate_round 1: no clients selected, cancel
[2025-06-28 01:13:27,622][flwr][DEBUG] - fit_round 2: strategy sampled 28 clients (out of 28)
[2025-06-28 01:19:00,329][flwr][DEBUG] - fit_round 2 received 28 results and 0 failures
[2025-06-28 01:19:30,151][flwr][INFO] - fit progress: (2, 1420.872909920121, {'mse': tensor(45347.0039)}, 887.7341333000077)
[2025-06-28 01:19:30,154][flwr][INFO] - evaluate_round 2: no clients selected, cancel
[2025-06-28 01:19:30,155][flwr][DEBUG] - fit_round 3: strategy sampled 28 clients (out of 28)
[2025-06-28 01:25:02,398][flwr][DEBUG] - fit_round 3 received 28 results and 0 failures
[2025-06-28 01:25:32,163][flwr][INFO] - fit progress: (3, 1386.311428648532, {'mse': tensor(44277.0859)}, 1249.7462242000038)
[2025-06-28 01:25:32,163][flwr][INFO] - evaluate_round 3: no clients selected, cancel
[2025-06-28 01:25:32,167][flwr][DEBUG] - fit_round 4: strategy sampled 28 clients (out of 28)
[2025-06-28 01:31:00,440][flwr][DEBUG] - fit_round 4 received 28 results and 0 failures
[2025-06-28 01:31:30,183][flwr][INFO] - fit progress: (4, 1366.6371201694733, {'mse': tensor(43645.8828)}, 1607.7656179000041)
[2025-06-28 01:31:30,186][flwr][INFO] - evaluate_round 4: no clients selected, cancel
[2025-06-28 01:31:30,187][flwr][DEBUG] - fit_round 5: strategy sampled 28 clients (out of 28)
[2025-06-28 01:36:55,271][flwr][DEBUG] - fit_round 5 received 28 results and 0 failures
[2025-06-28 01:37:25,160][flwr][INFO] - fit progress: (5, 1384.2062985751295, {'mse': tensor(44188.5820)}, 1962.7425986000017)
[2025-06-28 01:37:25,161][flwr][INFO] - evaluate_round 5: no clients selected, cancel
[2025-06-28 01:37:25,163][flwr][DEBUG] - fit_round 6: strategy sampled 28 clients (out of 28)
[2025-06-28 01:42:50,675][flwr][DEBUG] - fit_round 6 received 28 results and 0 failures
[2025-06-28 01:43:20,626][flwr][INFO] - fit progress: (6, 1357.2475402094128, {'mse': tensor(43332.9648)}, 2318.208834300007)
[2025-06-28 01:43:20,628][flwr][INFO] - evaluate_round 6: no clients selected, cancel
[2025-06-28 01:43:20,629][flwr][DEBUG] - fit_round 7: strategy sampled 28 clients (out of 28)
[2025-06-28 01:48:45,096][flwr][DEBUG] - fit_round 7 received 28 results and 0 failures
[2025-06-28 01:49:14,862][flwr][INFO] - fit progress: (7, 1353.1258686177678, {'mse': tensor(43204.9883)}, 2672.4450537999946)
[2025-06-28 01:49:14,862][flwr][INFO] - evaluate_round 7: no clients selected, cancel
[2025-06-28 01:49:14,862][flwr][DEBUG] - fit_round 8: strategy sampled 28 clients (out of 28)
[2025-06-28 01:54:41,850][flwr][DEBUG] - fit_round 8 received 28 results and 0 failures
[2025-06-28 01:55:11,762][flwr][INFO] - fit progress: (8, 1352.6038064011227, {'mse': tensor(43185.0703)}, 3029.345517599999)
[2025-06-28 01:55:11,765][flwr][INFO] - evaluate_round 8: no clients selected, cancel
[2025-06-28 01:55:11,765][flwr][DEBUG] - fit_round 9: strategy sampled 28 clients (out of 28)
[2025-06-28 02:00:34,730][flwr][DEBUG] - fit_round 9 received 28 results and 0 failures
[2025-06-28 02:01:04,557][flwr][INFO] - fit progress: (9, 1349.8659154387954, {'mse': tensor(43106.5273)}, 3382.141446900001)
[2025-06-28 02:01:04,561][flwr][INFO] - evaluate_round 9: no clients selected, cancel
[2025-06-28 02:01:04,562][flwr][DEBUG] - fit_round 10: strategy sampled 28 clients (out of 28)
[2025-06-28 02:06:34,160][flwr][DEBUG] - fit_round 10 received 28 results and 0 failures
[2025-06-28 02:07:04,131][flwr][INFO] - fit progress: (10, 1346.8841253778066, {'mse': tensor(43002.2227)}, 3741.7141157000005)
[2025-06-28 02:07:04,132][flwr][INFO] - evaluate_round 10: no clients selected, cancel
[2025-06-28 02:07:04,132][flwr][INFO] - FL finished in 3741.716880299995
[2025-06-28 02:07:04,144][flwr][INFO] - app_fit: losses_distributed []
[2025-06-28 02:07:04,144][flwr][INFO] - app_fit: metrics_distributed_fit {}
[2025-06-28 02:07:04,146][flwr][INFO] - app_fit: metrics_distributed {}
[2025-06-28 02:07:04,147][flwr][INFO] - app_fit: losses_centralized [(0, 1984.364113773748), (1, 1415.7583448024611), (2, 1420.872909920121), (3, 1386.311428648532), (4, 1366.6371201694733), (5, 1384.2062985751295), (6, 1357.2475402094128), (7, 1353.1258686177678), (8, 1352.6038064011227), (9, 1349.8659154387954), (10, 1346.8841253778066)]
[2025-06-28 02:07:04,150][flwr][INFO] - app_fit: metrics_centralized {'mse': [(0, tensor(63349.9062)), (1, tensor(45187.2070)), (2, tensor(45347.0039)), (3, tensor(44277.0859)), (4, tensor(43645.8828)), (5, tensor(44188.5820)), (6, tensor(43332.9648)), (7, tensor(43204.9883)), (8, tensor(43185.0703)), (9, tensor(43106.5273)), (10, tensor(43002.2227))]}
