[2025-06-26 12:24:20,040][flwr][WARNING] - DEPRECATED FEATURE: flwr.simulation.start_simulation() is deprecated.
	Instead, use the `flwr run` CLI command to start a local simulation in your Flower app, as shown for example below:

		$ flwr new  # Create a new Flower app from a template

		$ flwr run  # Run the Flower app in Simulation Mode

	Using `start_simulation()` is deprecated.

            This is a deprecated feature. It will be removed
            entirely in future versions of Flower.
        
[2025-06-26 12:24:20,041][flwr][WARNING] - Both server and strategy were provided, ignoring strategy
[2025-06-26 12:24:20,041][flwr][INFO] - Starting Flower simulation, config: num_rounds=10, no round_timeout
[2025-06-26 12:24:25,651][flwr][INFO] - Flower VCE: Ray initialized with resources: {'accelerator_type:G': 1.0, 'node:__internal_head__': 1.0, 'CPU': 12.0, 'memory': 2176553780.0, 'node:127.0.0.1': 1.0, 'object_store_memory': 1088276889.0, 'GPU': 1.0}
[2025-06-26 12:24:25,651][flwr][INFO] - Optimize your simulation with Flower VCE: https://flower.ai/docs/framework/how-to-run-simulations.html
[2025-06-26 12:24:25,653][flwr][INFO] - Flower VCE: Resources for each Virtual Client: {'num_cpus': 1, 'num_gpus': 0.0}
[2025-06-26 12:24:25,668][flwr][INFO] - Flower VCE: Creating VirtualClientEngineActorPool with 12 actors
[2025-06-26 12:24:25,668][flwr][INFO] - Initializing global parameters
[2025-06-26 12:24:25,669][flwr][INFO] - Requesting initial parameters from one random client
[2025-06-26 12:24:31,267][flwr][ERROR] - Traceback (most recent call last):
  File "C:\Users\PC\Desktop\Codigo-Aplicacion-de-Aprendizaje-Federado\.venv\lib\site-packages\flwr\simulation\ray_transport\ray_client_proxy.py", line 95, in _submit_job
    out_mssg, updated_context = self.actor_pool.get_client_result(
  File "C:\Users\PC\Desktop\Codigo-Aplicacion-de-Aprendizaje-Federado\.venv\lib\site-packages\flwr\simulation\ray_transport\ray_actor.py", line 401, in get_client_result
    return self._fetch_future_result(cid)
  File "C:\Users\PC\Desktop\Codigo-Aplicacion-de-Aprendizaje-Federado\.venv\lib\site-packages\flwr\simulation\ray_transport\ray_actor.py", line 282, in _fetch_future_result
    res_cid, out_mssg, updated_context = ray.get(
  File "C:\Users\PC\Desktop\Codigo-Aplicacion-de-Aprendizaje-Federado\.venv\lib\site-packages\ray\_private\auto_init_hook.py", line 21, in auto_init_wrapper
    return fn(*args, **kwargs)
  File "C:\Users\PC\Desktop\Codigo-Aplicacion-de-Aprendizaje-Federado\.venv\lib\site-packages\ray\_private\client_mode_hook.py", line 103, in wrapper
    return func(*args, **kwargs)
  File "C:\Users\PC\Desktop\Codigo-Aplicacion-de-Aprendizaje-Federado\.venv\lib\site-packages\ray\_private\worker.py", line 2639, in get
    values, debugger_breakpoint = worker.get_objects(object_refs, timeout=timeout)
  File "C:\Users\PC\Desktop\Codigo-Aplicacion-de-Aprendizaje-Federado\.venv\lib\site-packages\ray\_private\worker.py", line 864, in get_objects
    raise value.as_instanceof_cause()
ray.exceptions.RayTaskError(ClientAppException): [36mray::ClientAppActor.run()[39m (pid=27172, ip=127.0.0.1, actor_id=36e65a8c541bafc6aa20ce2401000000, repr=<flwr.simulation.ray_transport.ray_actor.ClientAppActor object at 0x000001E17EB5F940>)
  File "C:\Users\PC\Desktop\Codigo-Aplicacion-de-Aprendizaje-Federado\.venv\lib\site-packages\flwr\client\client_app.py", line 144, in __call__
    return self._call(message, context)
  File "C:\Users\PC\Desktop\Codigo-Aplicacion-de-Aprendizaje-Federado\.venv\lib\site-packages\flwr\client\client_app.py", line 128, in ffn
    out_message = handle_legacy_message_from_msgtype(
  File "C:\Users\PC\Desktop\Codigo-Aplicacion-de-Aprendizaje-Federado\.venv\lib\site-packages\flwr\client\message_handler\message_handler.py", line 123, in handle_legacy_message_from_msgtype
    out_recorddict = getparametersres_to_recorddict(
  File "C:\Users\PC\Desktop\Codigo-Aplicacion-de-Aprendizaje-Federado\.venv\lib\site-packages\flwr\common\recorddict_compat.py", line 343, in getparametersres_to_recorddict
    getparametersres.parameters, keep_input=keep_input
AttributeError: 'tuple' object has no attribute 'parameters'

The above exception was the direct cause of the following exception:

[36mray::ClientAppActor.run()[39m (pid=27172, ip=127.0.0.1, actor_id=36e65a8c541bafc6aa20ce2401000000, repr=<flwr.simulation.ray_transport.ray_actor.ClientAppActor object at 0x000001E17EB5F940>)
  File "python\ray\_raylet.pyx", line 1890, in ray._raylet.execute_task
  File "python\ray\_raylet.pyx", line 1991, in ray._raylet.execute_task
  File "python\ray\_raylet.pyx", line 1896, in ray._raylet.execute_task
  File "python\ray\_raylet.pyx", line 1837, in ray._raylet.execute_task.function_executor
  File "C:\Users\PC\Desktop\Codigo-Aplicacion-de-Aprendizaje-Federado\.venv\lib\site-packages\ray\_private\function_manager.py", line 691, in actor_method_executor
    return method(__ray_actor, *args, **kwargs)
  File "C:\Users\PC\Desktop\Codigo-Aplicacion-de-Aprendizaje-Federado\.venv\lib\site-packages\ray\util\tracing\tracing_helper.py", line 467, in _resume_span
    return method(self, *_args, **_kwargs)
  File "C:\Users\PC\Desktop\Codigo-Aplicacion-de-Aprendizaje-Federado\.venv\lib\site-packages\flwr\simulation\ray_transport\ray_actor.py", line 64, in run
    raise ClientAppException(str(ex)) from ex
flwr.client.client_app.ClientAppException: 
Exception ClientAppException occurred. Message: 'tuple' object has no attribute 'parameters'

[2025-06-26 12:24:31,268][flwr][ERROR] - [36mray::ClientAppActor.run()[39m (pid=27172, ip=127.0.0.1, actor_id=36e65a8c541bafc6aa20ce2401000000, repr=<flwr.simulation.ray_transport.ray_actor.ClientAppActor object at 0x000001E17EB5F940>)
  File "C:\Users\PC\Desktop\Codigo-Aplicacion-de-Aprendizaje-Federado\.venv\lib\site-packages\flwr\client\client_app.py", line 144, in __call__
    return self._call(message, context)
  File "C:\Users\PC\Desktop\Codigo-Aplicacion-de-Aprendizaje-Federado\.venv\lib\site-packages\flwr\client\client_app.py", line 128, in ffn
    out_message = handle_legacy_message_from_msgtype(
  File "C:\Users\PC\Desktop\Codigo-Aplicacion-de-Aprendizaje-Federado\.venv\lib\site-packages\flwr\client\message_handler\message_handler.py", line 123, in handle_legacy_message_from_msgtype
    out_recorddict = getparametersres_to_recorddict(
  File "C:\Users\PC\Desktop\Codigo-Aplicacion-de-Aprendizaje-Federado\.venv\lib\site-packages\flwr\common\recorddict_compat.py", line 343, in getparametersres_to_recorddict
    getparametersres.parameters, keep_input=keep_input
AttributeError: 'tuple' object has no attribute 'parameters'

The above exception was the direct cause of the following exception:

[36mray::ClientAppActor.run()[39m (pid=27172, ip=127.0.0.1, actor_id=36e65a8c541bafc6aa20ce2401000000, repr=<flwr.simulation.ray_transport.ray_actor.ClientAppActor object at 0x000001E17EB5F940>)
  File "python\ray\_raylet.pyx", line 1890, in ray._raylet.execute_task
  File "python\ray\_raylet.pyx", line 1991, in ray._raylet.execute_task
  File "python\ray\_raylet.pyx", line 1896, in ray._raylet.execute_task
  File "python\ray\_raylet.pyx", line 1837, in ray._raylet.execute_task.function_executor
  File "C:\Users\PC\Desktop\Codigo-Aplicacion-de-Aprendizaje-Federado\.venv\lib\site-packages\ray\_private\function_manager.py", line 691, in actor_method_executor
    return method(__ray_actor, *args, **kwargs)
  File "C:\Users\PC\Desktop\Codigo-Aplicacion-de-Aprendizaje-Federado\.venv\lib\site-packages\ray\util\tracing\tracing_helper.py", line 467, in _resume_span
    return method(self, *_args, **_kwargs)
  File "C:\Users\PC\Desktop\Codigo-Aplicacion-de-Aprendizaje-Federado\.venv\lib\site-packages\flwr\simulation\ray_transport\ray_actor.py", line 64, in run
    raise ClientAppException(str(ex)) from ex
flwr.client.client_app.ClientAppException: 
Exception ClientAppException occurred. Message: 'tuple' object has no attribute 'parameters'
[2025-06-26 12:24:31,268][flwr][ERROR] - [36mray::ClientAppActor.run()[39m (pid=27172, ip=127.0.0.1, actor_id=36e65a8c541bafc6aa20ce2401000000, repr=<flwr.simulation.ray_transport.ray_actor.ClientAppActor object at 0x000001E17EB5F940>)
  File "C:\Users\PC\Desktop\Codigo-Aplicacion-de-Aprendizaje-Federado\.venv\lib\site-packages\flwr\client\client_app.py", line 144, in __call__
    return self._call(message, context)
  File "C:\Users\PC\Desktop\Codigo-Aplicacion-de-Aprendizaje-Federado\.venv\lib\site-packages\flwr\client\client_app.py", line 128, in ffn
    out_message = handle_legacy_message_from_msgtype(
  File "C:\Users\PC\Desktop\Codigo-Aplicacion-de-Aprendizaje-Federado\.venv\lib\site-packages\flwr\client\message_handler\message_handler.py", line 123, in handle_legacy_message_from_msgtype
    out_recorddict = getparametersres_to_recorddict(
  File "C:\Users\PC\Desktop\Codigo-Aplicacion-de-Aprendizaje-Federado\.venv\lib\site-packages\flwr\common\recorddict_compat.py", line 343, in getparametersres_to_recorddict
    getparametersres.parameters, keep_input=keep_input
AttributeError: 'tuple' object has no attribute 'parameters'

The above exception was the direct cause of the following exception:

[36mray::ClientAppActor.run()[39m (pid=27172, ip=127.0.0.1, actor_id=36e65a8c541bafc6aa20ce2401000000, repr=<flwr.simulation.ray_transport.ray_actor.ClientAppActor object at 0x000001E17EB5F940>)
  File "python\ray\_raylet.pyx", line 1890, in ray._raylet.execute_task
  File "python\ray\_raylet.pyx", line 1991, in ray._raylet.execute_task
  File "python\ray\_raylet.pyx", line 1896, in ray._raylet.execute_task
  File "python\ray\_raylet.pyx", line 1837, in ray._raylet.execute_task.function_executor
  File "C:\Users\PC\Desktop\Codigo-Aplicacion-de-Aprendizaje-Federado\.venv\lib\site-packages\ray\_private\function_manager.py", line 691, in actor_method_executor
    return method(__ray_actor, *args, **kwargs)
  File "C:\Users\PC\Desktop\Codigo-Aplicacion-de-Aprendizaje-Federado\.venv\lib\site-packages\ray\util\tracing\tracing_helper.py", line 467, in _resume_span
    return method(self, *_args, **_kwargs)
  File "C:\Users\PC\Desktop\Codigo-Aplicacion-de-Aprendizaje-Federado\.venv\lib\site-packages\flwr\simulation\ray_transport\ray_actor.py", line 64, in run
    raise ClientAppException(str(ex)) from ex
flwr.client.client_app.ClientAppException: 
Exception ClientAppException occurred. Message: 'tuple' object has no attribute 'parameters'
[2025-06-26 12:24:31,270][flwr][ERROR] - Traceback (most recent call last):
  File "C:\Users\PC\Desktop\Codigo-Aplicacion-de-Aprendizaje-Federado\.venv\lib\site-packages\flwr\simulation\legacy_app.py", line 361, in start_simulation
    hist = run_fl(
  File "C:\Users\PC\Desktop\Codigo-Aplicacion-de-Aprendizaje-Federado\.venv\lib\site-packages\flwr\server\server.py", line 492, in run_fl
    hist, elapsed_time = server.fit(
  File "C:\Users\PC\Desktop\Codigo-Aplicacion-de-Aprendizaje-Federado\hfedxgboost\hfedxgboost\server.py", line 228, in fit
    self.parameters = self._get_initial_parameters(timeout=timeout)
  File "C:\Users\PC\Desktop\Codigo-Aplicacion-de-Aprendizaje-Federado\hfedxgboost\hfedxgboost\server.py", line 344, in _get_initial_parameters
    get_parameters_res_tree = random_client.get_parameters(ins=ins, timeout=timeout, group_id=0)
  File "C:\Users\PC\Desktop\Codigo-Aplicacion-de-Aprendizaje-Federado\.venv\lib\site-packages\flwr\simulation\ray_transport\ray_client_proxy.py", line 170, in get_parameters
    message_out = self._submit_job(message, timeout)
  File "C:\Users\PC\Desktop\Codigo-Aplicacion-de-Aprendizaje-Federado\.venv\lib\site-packages\flwr\simulation\ray_transport\ray_client_proxy.py", line 109, in _submit_job
    raise ex
  File "C:\Users\PC\Desktop\Codigo-Aplicacion-de-Aprendizaje-Federado\.venv\lib\site-packages\flwr\simulation\ray_transport\ray_client_proxy.py", line 95, in _submit_job
    out_mssg, updated_context = self.actor_pool.get_client_result(
  File "C:\Users\PC\Desktop\Codigo-Aplicacion-de-Aprendizaje-Federado\.venv\lib\site-packages\flwr\simulation\ray_transport\ray_actor.py", line 401, in get_client_result
    return self._fetch_future_result(cid)
  File "C:\Users\PC\Desktop\Codigo-Aplicacion-de-Aprendizaje-Federado\.venv\lib\site-packages\flwr\simulation\ray_transport\ray_actor.py", line 282, in _fetch_future_result
    res_cid, out_mssg, updated_context = ray.get(
  File "C:\Users\PC\Desktop\Codigo-Aplicacion-de-Aprendizaje-Federado\.venv\lib\site-packages\ray\_private\auto_init_hook.py", line 21, in auto_init_wrapper
    return fn(*args, **kwargs)
  File "C:\Users\PC\Desktop\Codigo-Aplicacion-de-Aprendizaje-Federado\.venv\lib\site-packages\ray\_private\client_mode_hook.py", line 103, in wrapper
    return func(*args, **kwargs)
  File "C:\Users\PC\Desktop\Codigo-Aplicacion-de-Aprendizaje-Federado\.venv\lib\site-packages\ray\_private\worker.py", line 2639, in get
    values, debugger_breakpoint = worker.get_objects(object_refs, timeout=timeout)
  File "C:\Users\PC\Desktop\Codigo-Aplicacion-de-Aprendizaje-Federado\.venv\lib\site-packages\ray\_private\worker.py", line 864, in get_objects
    raise value.as_instanceof_cause()
ray.exceptions.RayTaskError(ClientAppException): [36mray::ClientAppActor.run()[39m (pid=27172, ip=127.0.0.1, actor_id=36e65a8c541bafc6aa20ce2401000000, repr=<flwr.simulation.ray_transport.ray_actor.ClientAppActor object at 0x000001E17EB5F940>)
  File "C:\Users\PC\Desktop\Codigo-Aplicacion-de-Aprendizaje-Federado\.venv\lib\site-packages\flwr\client\client_app.py", line 144, in __call__
    return self._call(message, context)
  File "C:\Users\PC\Desktop\Codigo-Aplicacion-de-Aprendizaje-Federado\.venv\lib\site-packages\flwr\client\client_app.py", line 128, in ffn
    out_message = handle_legacy_message_from_msgtype(
  File "C:\Users\PC\Desktop\Codigo-Aplicacion-de-Aprendizaje-Federado\.venv\lib\site-packages\flwr\client\message_handler\message_handler.py", line 123, in handle_legacy_message_from_msgtype
    out_recorddict = getparametersres_to_recorddict(
  File "C:\Users\PC\Desktop\Codigo-Aplicacion-de-Aprendizaje-Federado\.venv\lib\site-packages\flwr\common\recorddict_compat.py", line 343, in getparametersres_to_recorddict
    getparametersres.parameters, keep_input=keep_input
AttributeError: 'tuple' object has no attribute 'parameters'

The above exception was the direct cause of the following exception:

[36mray::ClientAppActor.run()[39m (pid=27172, ip=127.0.0.1, actor_id=36e65a8c541bafc6aa20ce2401000000, repr=<flwr.simulation.ray_transport.ray_actor.ClientAppActor object at 0x000001E17EB5F940>)
  File "python\ray\_raylet.pyx", line 1890, in ray._raylet.execute_task
  File "python\ray\_raylet.pyx", line 1991, in ray._raylet.execute_task
  File "python\ray\_raylet.pyx", line 1896, in ray._raylet.execute_task
  File "python\ray\_raylet.pyx", line 1837, in ray._raylet.execute_task.function_executor
  File "C:\Users\PC\Desktop\Codigo-Aplicacion-de-Aprendizaje-Federado\.venv\lib\site-packages\ray\_private\function_manager.py", line 691, in actor_method_executor
    return method(__ray_actor, *args, **kwargs)
  File "C:\Users\PC\Desktop\Codigo-Aplicacion-de-Aprendizaje-Federado\.venv\lib\site-packages\ray\util\tracing\tracing_helper.py", line 467, in _resume_span
    return method(self, *_args, **_kwargs)
  File "C:\Users\PC\Desktop\Codigo-Aplicacion-de-Aprendizaje-Federado\.venv\lib\site-packages\flwr\simulation\ray_transport\ray_actor.py", line 64, in run
    raise ClientAppException(str(ex)) from ex
flwr.client.client_app.ClientAppException: 
Exception ClientAppException occurred. Message: 'tuple' object has no attribute 'parameters'

[2025-06-26 12:24:31,271][flwr][ERROR] - Your simulation crashed :(. This could be because of several reasons. The most common are: 
	 > Sometimes, issues in the simulation code itself can cause crashes. It's always a good idea to double-check your code for any potential bugs or inconsistencies that might be contributing to the problem. For example: 
		 - You might be using a class attribute in your clients that hasn't been defined.
		 - There could be an incorrect method call to a 3rd party library (e.g., PyTorch).
		 - The return types of methods in your clients/strategies might be incorrect.
	 > Your system couldn't fit a single VirtualClient: try lowering `client_resources`.
	 > All the actors in your pool crashed. This could be because: 
		 - You clients hit an out-of-memory (OOM) error and actors couldn't recover from it. Try launching your simulation with more generous `client_resources` setting (i.e. it seems {'num_cpus': 1, 'num_gpus': 0.0} is not enough for your run). Use fewer concurrent actors. 
		 - You were running a multi-node simulation and all worker nodes disconnected. The head node might still be alive but cannot accommodate any actor with resources: {'num_cpus': 1, 'num_gpus': 0.0}.
Take a look at the Flower simulation examples for guidance <https://flower.ai/docs/framework/how-to-run-simulations.html>.
