[2025-06-27 13:52:21,025][flwr][INFO] - Starting Flower simulation, config: ServerConfig(num_rounds=10, round_timeout=None)
[2025-06-27 13:52:28,456][flwr][INFO] - Flower VCE: Ray initialized with resources: {'CPU': 12.0, 'memory': 3652254107.0, 'node:__internal_head__': 1.0, 'GPU': 1.0, 'object_store_memory': 1826127052.0, 'accelerator_type:G': 1.0, 'node:127.0.0.1': 1.0}
[2025-06-27 13:52:28,457][flwr][INFO] - Initializing global parameters
[2025-06-27 13:52:28,457][flwr][INFO] - Requesting initial parameters from one random client
[2025-06-27 13:52:32,073][flwr][INFO] - Received initial parameters from one random client
[2025-06-27 13:52:32,073][flwr][INFO] - Evaluating initial parameters
[2025-06-27 13:52:57,606][flwr][INFO] - initial parameters (loss, other metrics): 2164.614476400583, {'mse': tensor(69093.7188)}
[2025-06-27 13:52:57,610][flwr][INFO] - FL starting
[2025-06-27 13:52:57,611][flwr][DEBUG] - fit_round 1: strategy sampled 28 clients (out of 28)
[2025-06-27 13:57:10,914][flwr][DEBUG] - fit_round 1 received 28 results and 0 failures
[2025-06-27 13:57:10,963][flwr][WARNING] - No fit_metrics_aggregation_fn provided
[2025-06-27 13:57:36,608][flwr][INFO] - fit progress: (1, 1433.8668380289291, {'mse': tensor(45760.7617)}, 278.99675079999724)
[2025-06-27 13:57:36,641][flwr][INFO] - evaluate_round 1: no clients selected, cancel
[2025-06-27 13:57:36,643][flwr][DEBUG] - fit_round 2: strategy sampled 28 clients (out of 28)
[2025-06-27 14:01:40,793][flwr][DEBUG] - fit_round 2 received 28 results and 0 failures
[2025-06-27 14:02:05,403][flwr][INFO] - fit progress: (2, 1383.7656681778928, {'mse': tensor(44174.4688)}, 547.7922542000015)
[2025-06-27 14:02:05,406][flwr][INFO] - evaluate_round 2: no clients selected, cancel
[2025-06-27 14:02:05,406][flwr][DEBUG] - fit_round 3: strategy sampled 28 clients (out of 28)
[2025-06-27 14:06:02,518][flwr][DEBUG] - fit_round 3 received 28 results and 0 failures
[2025-06-27 14:06:30,365][flwr][INFO] - fit progress: (3, 1370.314542179404, {'mse': tensor(43746.6328)}, 812.7536491999927)
[2025-06-27 14:06:30,368][flwr][INFO] - evaluate_round 3: no clients selected, cancel
[2025-06-27 14:06:30,368][flwr][DEBUG] - fit_round 4: strategy sampled 28 clients (out of 28)
[2025-06-27 14:09:58,805][flwr][DEBUG] - fit_round 4 received 28 results and 0 failures
[2025-06-27 14:10:23,186][flwr][INFO] - fit progress: (4, 1361.9182123003022, {'mse': tensor(43487.8086)}, 1045.5743145000015)
[2025-06-27 14:10:23,188][flwr][INFO] - evaluate_round 4: no clients selected, cancel
[2025-06-27 14:10:23,189][flwr][DEBUG] - fit_round 5: strategy sampled 28 clients (out of 28)
[2025-06-27 14:14:00,065][flwr][DEBUG] - fit_round 5 received 28 results and 0 failures
[2025-06-27 14:14:27,215][flwr][INFO] - fit progress: (5, 1361.4521265112262, {'mse': tensor(43474.4492)}, 1289.6028454000043)
[2025-06-27 14:14:27,217][flwr][INFO] - evaluate_round 5: no clients selected, cancel
[2025-06-27 14:14:27,218][flwr][DEBUG] - fit_round 6: strategy sampled 28 clients (out of 28)
[2025-06-27 14:17:58,900][flwr][DEBUG] - fit_round 6 received 28 results and 0 failures
[2025-06-27 14:18:24,055][flwr][INFO] - fit progress: (6, 1361.4700622031519, {'mse': tensor(43467.9336)}, 1526.4439939000004)
[2025-06-27 14:18:24,057][flwr][INFO] - evaluate_round 6: no clients selected, cancel
[2025-06-27 14:18:24,058][flwr][DEBUG] - fit_round 7: strategy sampled 28 clients (out of 28)
[2025-06-27 14:21:56,521][flwr][DEBUG] - fit_round 7 received 28 results and 0 failures
[2025-06-27 14:22:21,712][flwr][INFO] - fit progress: (7, 1374.9061535243954, {'mse': tensor(43890.1133)}, 1764.100079900003)
[2025-06-27 14:22:21,713][flwr][INFO] - evaluate_round 7: no clients selected, cancel
[2025-06-27 14:22:21,715][flwr][DEBUG] - fit_round 8: strategy sampled 28 clients (out of 28)
[2025-06-27 14:25:55,640][flwr][DEBUG] - fit_round 8 received 28 results and 0 failures
[2025-06-27 14:26:20,847][flwr][INFO] - fit progress: (8, 1374.0722015328151, {'mse': tensor(43862.6484)}, 2003.2349194999988)
[2025-06-27 14:26:20,849][flwr][INFO] - evaluate_round 8: no clients selected, cancel
[2025-06-27 14:26:20,850][flwr][DEBUG] - fit_round 9: strategy sampled 28 clients (out of 28)
[2025-06-27 14:29:53,304][flwr][DEBUG] - fit_round 9 received 28 results and 0 failures
[2025-06-27 14:30:18,684][flwr][INFO] - fit progress: (9, 1371.1165307237695, {'mse': tensor(43792.1211)}, 2241.072495500004)
[2025-06-27 14:30:18,687][flwr][INFO] - evaluate_round 9: no clients selected, cancel
[2025-06-27 14:30:18,687][flwr][DEBUG] - fit_round 10: strategy sampled 28 clients (out of 28)
[2025-06-27 14:33:52,409][flwr][DEBUG] - fit_round 10 received 28 results and 0 failures
[2025-06-27 14:34:17,799][flwr][INFO] - fit progress: (10, 1342.864870736183, {'mse': tensor(42875.1016)}, 2480.186896600004)
[2025-06-27 14:34:17,802][flwr][INFO] - evaluate_round 10: no clients selected, cancel
[2025-06-27 14:34:17,802][flwr][INFO] - FL finished in 2480.1895866999985
[2025-06-27 14:34:17,803][flwr][INFO] - app_fit: losses_distributed []
[2025-06-27 14:34:17,803][flwr][INFO] - app_fit: metrics_distributed_fit {}
[2025-06-27 14:34:17,803][flwr][INFO] - app_fit: metrics_distributed {}
[2025-06-27 14:34:17,805][flwr][INFO] - app_fit: losses_centralized [(0, 2164.614476400583), (1, 1433.8668380289291), (2, 1383.7656681778928), (3, 1370.314542179404), (4, 1361.9182123003022), (5, 1361.4521265112262), (6, 1361.4700622031519), (7, 1374.9061535243954), (8, 1374.0722015328151), (9, 1371.1165307237695), (10, 1342.864870736183)]
[2025-06-27 14:34:17,820][flwr][INFO] - app_fit: metrics_centralized {'mse': [(0, tensor(69093.7188)), (1, tensor(45760.7617)), (2, tensor(44174.4688)), (3, tensor(43746.6328)), (4, tensor(43487.8086)), (5, tensor(43474.4492)), (6, tensor(43467.9336)), (7, tensor(43890.1133)), (8, tensor(43862.6484)), (9, tensor(43792.1211)), (10, tensor(42875.1016))]}
