[2025-06-27 10:46:57,512][flwr][INFO] - Starting Flower simulation, config: ServerConfig(num_rounds=10, round_timeout=None)
[2025-06-27 10:47:05,165][flwr][INFO] - Flower VCE: Ray initialized with resources: {'memory': 3801147803.0, 'GPU': 1.0, 'node:__internal_head__': 1.0, 'node:127.0.0.1': 1.0, 'accelerator_type:G': 1.0, 'object_store_memory': 1900573900.0, 'CPU': 12.0}
[2025-06-27 10:47:05,166][flwr][INFO] - Initializing global parameters
[2025-06-27 10:47:05,166][flwr][INFO] - Requesting initial parameters from one random client
[2025-06-27 10:47:09,102][flwr][INFO] - Received initial parameters from one random client
[2025-06-27 10:47:09,102][flwr][INFO] - Evaluating initial parameters
[2025-06-27 10:47:24,745][flwr][INFO] - initial parameters (loss, other metrics): 4613.028757825993, {'mse': tensor(147053.9531)}
[2025-06-27 10:47:24,760][flwr][INFO] - FL starting
[2025-06-27 10:47:24,763][flwr][DEBUG] - fit_round 1: strategy sampled 28 clients (out of 28)
[2025-06-27 10:49:34,818][flwr][DEBUG] - fit_round 1 received 28 results and 0 failures
[2025-06-27 10:49:34,844][flwr][WARNING] - No fit_metrics_aggregation_fn provided
[2025-06-27 10:49:47,355][flwr][INFO] - fit progress: (1, 1358.5402326883636, {'mse': tensor(43386.8359)}, 142.58556439999666)
[2025-06-27 10:49:47,447][flwr][INFO] - evaluate_round 1: no clients selected, cancel
[2025-06-27 10:49:47,449][flwr][DEBUG] - fit_round 2: strategy sampled 28 clients (out of 28)
[2025-06-27 10:51:42,964][flwr][DEBUG] - fit_round 2 received 28 results and 0 failures
[2025-06-27 10:51:55,825][flwr][INFO] - fit progress: (2, 1351.0860946945163, {'mse': tensor(43137.4609)}, 271.0504371999996)
[2025-06-27 10:51:55,827][flwr][INFO] - evaluate_round 2: no clients selected, cancel
[2025-06-27 10:51:55,827][flwr][DEBUG] - fit_round 3: strategy sampled 28 clients (out of 28)
[2025-06-27 10:53:51,824][flwr][DEBUG] - fit_round 3 received 28 results and 0 failures
[2025-06-27 10:54:04,757][flwr][INFO] - fit progress: (3, 1364.4917995736182, {'mse': tensor(43563.9219)}, 399.9778726999939)
[2025-06-27 10:54:04,757][flwr][INFO] - evaluate_round 3: no clients selected, cancel
[2025-06-27 10:54:04,760][flwr][DEBUG] - fit_round 4: strategy sampled 28 clients (out of 28)
[2025-06-27 10:55:57,679][flwr][DEBUG] - fit_round 4 received 28 results and 0 failures
[2025-06-27 10:56:10,455][flwr][INFO] - fit progress: (4, 1354.8653227547495, {'mse': tensor(43263.0898)}, 525.6709615)
[2025-06-27 10:56:10,457][flwr][INFO] - evaluate_round 4: no clients selected, cancel
[2025-06-27 10:56:10,458][flwr][DEBUG] - fit_round 5: strategy sampled 28 clients (out of 28)
[2025-06-27 10:58:05,063][flwr][DEBUG] - fit_round 5 received 28 results and 0 failures
[2025-06-27 10:58:17,911][flwr][INFO] - fit progress: (5, 1349.872477466537, {'mse': tensor(43097.2227)}, 653.1230303999982)
[2025-06-27 10:58:17,915][flwr][INFO] - evaluate_round 5: no clients selected, cancel
[2025-06-27 10:58:17,915][flwr][DEBUG] - fit_round 6: strategy sampled 28 clients (out of 28)
[2025-06-27 11:00:13,060][flwr][DEBUG] - fit_round 6 received 28 results and 0 failures
[2025-06-27 11:00:25,819][flwr][INFO] - fit progress: (6, 1352.3691355650906, {'mse': tensor(43181.7734)}, 781.0265841)
[2025-06-27 11:00:25,821][flwr][INFO] - evaluate_round 6: no clients selected, cancel
[2025-06-27 11:00:25,822][flwr][DEBUG] - fit_round 7: strategy sampled 28 clients (out of 28)
[2025-06-27 11:02:22,203][flwr][DEBUG] - fit_round 7 received 28 results and 0 failures
[2025-06-27 11:02:35,472][flwr][INFO] - fit progress: (7, 1343.761382097366, {'mse': tensor(42913.3477)}, 910.6761017999961)
[2025-06-27 11:02:35,474][flwr][INFO] - evaluate_round 7: no clients selected, cancel
[2025-06-27 11:02:35,474][flwr][DEBUG] - fit_round 8: strategy sampled 28 clients (out of 28)
[2025-06-27 11:04:29,244][flwr][DEBUG] - fit_round 8 received 28 results and 0 failures
[2025-06-27 11:04:42,172][flwr][INFO] - fit progress: (8, 1332.355578718696, {'mse': tensor(42539.4336)}, 1037.3731931999937)
[2025-06-27 11:04:42,175][flwr][INFO] - evaluate_round 8: no clients selected, cancel
[2025-06-27 11:04:42,175][flwr][DEBUG] - fit_round 9: strategy sampled 28 clients (out of 28)
[2025-06-27 11:06:37,368][flwr][DEBUG] - fit_round 9 received 28 results and 0 failures
[2025-06-27 11:06:51,830][flwr][INFO] - fit progress: (9, 1325.043712556671, {'mse': tensor(42312.5391)}, 1167.0264670999968)
[2025-06-27 11:06:51,833][flwr][INFO] - evaluate_round 9: no clients selected, cancel
[2025-06-27 11:06:51,834][flwr][DEBUG] - fit_round 10: strategy sampled 28 clients (out of 28)
[2025-06-27 11:08:46,815][flwr][DEBUG] - fit_round 10 received 28 results and 0 failures
[2025-06-27 11:08:58,546][flwr][INFO] - fit progress: (10, 1330.6256611614854, {'mse': tensor(42496.8633)}, 1293.7392994999973)
[2025-06-27 11:08:58,549][flwr][INFO] - evaluate_round 10: no clients selected, cancel
[2025-06-27 11:08:58,549][flwr][INFO] - FL finished in 1293.7420514999976
[2025-06-27 11:08:58,550][flwr][INFO] - app_fit: losses_distributed []
[2025-06-27 11:08:58,550][flwr][INFO] - app_fit: metrics_distributed_fit {}
[2025-06-27 11:08:58,551][flwr][INFO] - app_fit: metrics_distributed {}
[2025-06-27 11:08:58,551][flwr][INFO] - app_fit: losses_centralized [(0, 4613.028757825993), (1, 1358.5402326883636), (2, 1351.0860946945163), (3, 1364.4917995736182), (4, 1354.8653227547495), (5, 1349.872477466537), (6, 1352.3691355650906), (7, 1343.761382097366), (8, 1332.355578718696), (9, 1325.043712556671), (10, 1330.6256611614854)]
[2025-06-27 11:08:58,555][flwr][INFO] - app_fit: metrics_centralized {'mse': [(0, tensor(147053.9531)), (1, tensor(43386.8359)), (2, tensor(43137.4609)), (3, tensor(43563.9219)), (4, tensor(43263.0898)), (5, tensor(43097.2227)), (6, tensor(43181.7734)), (7, tensor(42913.3477)), (8, tensor(42539.4336)), (9, tensor(42312.5391)), (10, tensor(42496.8633))]}
