[2025-06-27 09:50:12,358][flwr][INFO] - Starting Flower simulation, config: ServerConfig(num_rounds=10, round_timeout=None)
[2025-06-27 09:50:19,097][flwr][INFO] - Flower VCE: Ray initialized with resources: {'GPU': 1.0, 'object_store_memory': 1760890060.0, 'node:127.0.0.1': 1.0, 'memory': 3521780123.0, 'accelerator_type:G': 1.0, 'node:__internal_head__': 1.0, 'CPU': 12.0}
[2025-06-27 09:50:19,097][flwr][INFO] - Initializing global parameters
[2025-06-27 09:50:19,097][flwr][INFO] - Requesting initial parameters from one random client
[2025-06-27 09:50:23,016][flwr][INFO] - Received initial parameters from one random client
[2025-06-27 09:50:23,016][flwr][INFO] - Evaluating initial parameters
[2025-06-27 09:50:37,288][flwr][INFO] - initial parameters (loss, other metrics): 1931.631006787025, {'mse': tensor(61669.6875)}
[2025-06-27 09:50:37,292][flwr][INFO] - FL starting
[2025-06-27 09:50:37,293][flwr][DEBUG] - fit_round 1: strategy sampled 28 clients (out of 28)
[2025-06-27 09:52:39,974][flwr][DEBUG] - fit_round 1 received 28 results and 0 failures
[2025-06-27 09:52:39,996][flwr][WARNING] - No fit_metrics_aggregation_fn provided
[2025-06-27 09:52:52,188][flwr][INFO] - fit progress: (1, 1397.7205938309585, {'mse': tensor(44617.9297)}, 134.88163560000248)
[2025-06-27 09:52:52,202][flwr][INFO] - evaluate_round 1: no clients selected, cancel
[2025-06-27 09:52:52,203][flwr][DEBUG] - fit_round 2: strategy sampled 28 clients (out of 28)
[2025-06-27 09:54:44,377][flwr][DEBUG] - fit_round 2 received 28 results and 0 failures
[2025-06-27 09:54:56,637][flwr][INFO] - fit progress: (2, 1365.489723324158, {'mse': tensor(43602.9531)}, 259.3178862999994)
[2025-06-27 09:54:56,640][flwr][INFO] - evaluate_round 2: no clients selected, cancel
[2025-06-27 09:54:56,640][flwr][DEBUG] - fit_round 3: strategy sampled 28 clients (out of 28)
[2025-06-27 09:56:51,147][flwr][DEBUG] - fit_round 3 received 28 results and 0 failures
[2025-06-27 09:57:03,972][flwr][INFO] - fit progress: (3, 1355.8956208171417, {'mse': tensor(43296.1641)}, 386.63873890000104)
[2025-06-27 09:57:03,973][flwr][INFO] - evaluate_round 3: no clients selected, cancel
[2025-06-27 09:57:03,976][flwr][DEBUG] - fit_round 4: strategy sampled 28 clients (out of 28)
[2025-06-27 09:58:56,857][flwr][DEBUG] - fit_round 4 received 28 results and 0 failures
[2025-06-27 09:59:09,391][flwr][INFO] - fit progress: (4, 1366.4843284488343, {'mse': tensor(43629.2656)}, 512.0442041999995)
[2025-06-27 09:59:09,391][flwr][INFO] - evaluate_round 4: no clients selected, cancel
[2025-06-27 09:59:09,394][flwr][DEBUG] - fit_round 5: strategy sampled 28 clients (out of 28)
[2025-06-27 10:01:02,243][flwr][DEBUG] - fit_round 5 received 28 results and 0 failures
[2025-06-27 10:01:14,887][flwr][INFO] - fit progress: (5, 1343.9625158543824, {'mse': tensor(42919.8906)}, 637.5267927000023)
[2025-06-27 10:01:14,887][flwr][INFO] - evaluate_round 5: no clients selected, cancel
[2025-06-27 10:01:14,890][flwr][DEBUG] - fit_round 6: strategy sampled 28 clients (out of 28)
[2025-06-27 10:03:10,122][flwr][DEBUG] - fit_round 6 received 28 results and 0 failures
[2025-06-27 10:03:22,966][flwr][INFO] - fit progress: (6, 1339.604782288968, {'mse': tensor(42773.9180)}, 765.5931427000032)
[2025-06-27 10:03:22,969][flwr][INFO] - evaluate_round 6: no clients selected, cancel
[2025-06-27 10:03:22,969][flwr][DEBUG] - fit_round 7: strategy sampled 28 clients (out of 28)
[2025-06-27 10:05:17,877][flwr][DEBUG] - fit_round 7 received 28 results and 0 failures
[2025-06-27 10:05:30,587][flwr][INFO] - fit progress: (7, 1332.086403011658, {'mse': tensor(42535.0859)}, 893.1994476000036)
[2025-06-27 10:05:30,589][flwr][INFO] - evaluate_round 7: no clients selected, cancel
[2025-06-27 10:05:30,589][flwr][DEBUG] - fit_round 8: strategy sampled 28 clients (out of 28)
[2025-06-27 10:07:25,824][flwr][DEBUG] - fit_round 8 received 28 results and 0 failures
[2025-06-27 10:07:38,488][flwr][INFO] - fit progress: (8, 1342.8045923737047, {'mse': tensor(42867.9258)}, 1021.0879994999996)
[2025-06-27 10:07:38,491][flwr][INFO] - evaluate_round 8: no clients selected, cancel
[2025-06-27 10:07:38,491][flwr][DEBUG] - fit_round 9: strategy sampled 28 clients (out of 28)
[2025-06-27 10:09:39,771][flwr][DEBUG] - fit_round 9 received 28 results and 0 failures
[2025-06-27 10:09:52,485][flwr][INFO] - fit progress: (9, 1328.2397998974525, {'mse': tensor(42407.2031)}, 1155.074499000002)
[2025-06-27 10:09:52,487][flwr][INFO] - evaluate_round 9: no clients selected, cancel
[2025-06-27 10:09:52,487][flwr][DEBUG] - fit_round 10: strategy sampled 28 clients (out of 28)
[2025-06-27 10:11:56,029][flwr][DEBUG] - fit_round 10 received 28 results and 0 failures
[2025-06-27 10:12:09,715][flwr][INFO] - fit progress: (10, 1305.3596991715242, {'mse': tensor(41686.1719)}, 1292.2965145999988)
[2025-06-27 10:12:09,719][flwr][INFO] - evaluate_round 10: no clients selected, cancel
[2025-06-27 10:12:09,721][flwr][INFO] - FL finished in 1292.2992003000036
[2025-06-27 10:12:09,721][flwr][INFO] - app_fit: losses_distributed []
[2025-06-27 10:12:09,721][flwr][INFO] - app_fit: metrics_distributed_fit {}
[2025-06-27 10:12:09,721][flwr][INFO] - app_fit: metrics_distributed {}
[2025-06-27 10:12:09,722][flwr][INFO] - app_fit: losses_centralized [(0, 1931.631006787025), (1, 1397.7205938309585), (2, 1365.489723324158), (3, 1355.8956208171417), (4, 1366.4843284488343), (5, 1343.9625158543824), (6, 1339.604782288968), (7, 1332.086403011658), (8, 1342.8045923737047), (9, 1328.2397998974525), (10, 1305.3596991715242)]
[2025-06-27 10:12:09,726][flwr][INFO] - app_fit: metrics_centralized {'mse': [(0, tensor(61669.6875)), (1, tensor(44617.9297)), (2, tensor(43602.9531)), (3, tensor(43296.1641)), (4, tensor(43629.2656)), (5, tensor(42919.8906)), (6, tensor(42773.9180)), (7, tensor(42535.0859)), (8, tensor(42867.9258)), (9, tensor(42407.2031)), (10, tensor(41686.1719))]}
