[2025-06-26 12:19:26,767][flwr][WARNING] - DEPRECATED FEATURE: flwr.simulation.start_simulation() is deprecated.
	Instead, use the `flwr run` CLI command to start a local simulation in your Flower app, as shown for example below:

		$ flwr new  # Create a new Flower app from a template

		$ flwr run  # Run the Flower app in Simulation Mode

	Using `start_simulation()` is deprecated.

            This is a deprecated feature. It will be removed
            entirely in future versions of Flower.
        
[2025-06-26 12:19:26,768][flwr][WARNING] - Both server and strategy were provided, ignoring strategy
[2025-06-26 12:19:26,769][flwr][INFO] - Starting Flower simulation, config: num_rounds=10, no round_timeout
[2025-06-26 12:19:33,684][flwr][INFO] - Flower VCE: Ray initialized with resources: {'accelerator_type:G': 1.0, 'node:__internal_head__': 1.0, 'CPU': 12.0, 'memory': 1928247707.0, 'node:127.0.0.1': 1.0, 'object_store_memory': 964123852.0, 'GPU': 1.0}
[2025-06-26 12:19:33,685][flwr][INFO] - Optimize your simulation with Flower VCE: https://flower.ai/docs/framework/how-to-run-simulations.html
[2025-06-26 12:19:33,685][flwr][INFO] - Flower VCE: Resources for each Virtual Client: {'num_cpus': 1, 'num_gpus': 0.0}
[2025-06-26 12:19:33,706][flwr][INFO] - Flower VCE: Creating VirtualClientEngineActorPool with 12 actors
[2025-06-26 12:19:33,707][flwr][INFO] - Initializing global parameters
[2025-06-26 12:19:33,708][flwr][INFO] - Requesting initial parameters from one random client
[2025-06-26 12:19:33,708][flwr][ERROR] - RayActorClientProxy.get_parameters() missing 1 required positional argument: 'group_id'
[2025-06-26 12:19:33,710][flwr][ERROR] - Traceback (most recent call last):
  File "C:\Users\PC\Desktop\Codigo-Aplicacion-de-Aprendizaje-Federado\.venv\lib\site-packages\flwr\simulation\legacy_app.py", line 361, in start_simulation
    hist = run_fl(
  File "C:\Users\PC\Desktop\Codigo-Aplicacion-de-Aprendizaje-Federado\.venv\lib\site-packages\flwr\server\server.py", line 492, in run_fl
    hist, elapsed_time = server.fit(
  File "C:\Users\PC\Desktop\Codigo-Aplicacion-de-Aprendizaje-Federado\hfedxgboost\hfedxgboost\server.py", line 228, in fit
    self.parameters = self._get_initial_parameters(timeout=timeout)
  File "C:\Users\PC\Desktop\Codigo-Aplicacion-de-Aprendizaje-Federado\hfedxgboost\hfedxgboost\server.py", line 344, in _get_initial_parameters
    get_parameters_res_tree = random_client.get_parameters(ins=ins, timeout=timeout)
TypeError: RayActorClientProxy.get_parameters() missing 1 required positional argument: 'group_id'

[2025-06-26 12:19:33,710][flwr][ERROR] - Your simulation crashed :(. This could be because of several reasons. The most common are: 
	 > Sometimes, issues in the simulation code itself can cause crashes. It's always a good idea to double-check your code for any potential bugs or inconsistencies that might be contributing to the problem. For example: 
		 - You might be using a class attribute in your clients that hasn't been defined.
		 - There could be an incorrect method call to a 3rd party library (e.g., PyTorch).
		 - The return types of methods in your clients/strategies might be incorrect.
	 > Your system couldn't fit a single VirtualClient: try lowering `client_resources`.
	 > All the actors in your pool crashed. This could be because: 
		 - You clients hit an out-of-memory (OOM) error and actors couldn't recover from it. Try launching your simulation with more generous `client_resources` setting (i.e. it seems {'num_cpus': 1, 'num_gpus': 0.0} is not enough for your run). Use fewer concurrent actors. 
		 - You were running a multi-node simulation and all worker nodes disconnected. The head node might still be alive but cannot accommodate any actor with resources: {'num_cpus': 1, 'num_gpus': 0.0}.
Take a look at the Flower simulation examples for guidance <https://flower.ai/docs/framework/how-to-run-simulations.html>.
